Component: ARM Compiler 5.06 update 5 (build 528) Tool: armlink [4d35e2]

==============================================================================

Section Cross References

    startup_stm32f10x_hd.o(RESET) refers to startup_stm32f10x_hd.o(STACK) for __initial_sp
    startup_stm32f10x_hd.o(RESET) refers to startup_stm32f10x_hd.o(.text) for Reset_Handler
    startup_stm32f10x_hd.o(RESET) refers to stm32f10x_it.o(i.NMI_Handler) for NMI_Handler
    startup_stm32f10x_hd.o(RESET) refers to stm32f10x_it.o(i.HardFault_Handler) for HardFault_Handler
    startup_stm32f10x_hd.o(RESET) refers to stm32f10x_it.o(i.MemManage_Handler) for MemManage_Handler
    startup_stm32f10x_hd.o(RESET) refers to stm32f10x_it.o(i.BusFault_Handler) for BusFault_Handler
    startup_stm32f10x_hd.o(RESET) refers to stm32f10x_it.o(i.UsageFault_Handler) for UsageFault_Handler
    startup_stm32f10x_hd.o(RESET) refers to stm32f10x_it.o(i.SVC_Handler) for SVC_Handler
    startup_stm32f10x_hd.o(RESET) refers to stm32f10x_it.o(i.DebugMon_Handler) for DebugMon_Handler
    startup_stm32f10x_hd.o(RESET) refers to stm32f10x_it.o(i.PendSV_Handler) for PendSV_Handler
    startup_stm32f10x_hd.o(RESET) refers to stm32f10x_it.o(i.SysTick_Handler) for SysTick_Handler
    startup_stm32f10x_hd.o(RESET) refers to stm32f10x_it.o(i.EXTI1_IRQHandler) for EXTI1_IRQHandler
    startup_stm32f10x_hd.o(RESET) refers to stm32f10x_it.o(i.EXTI2_IRQHandler) for EXTI2_IRQHandler
    startup_stm32f10x_hd.o(RESET) refers to stm32f10x_it.o(i.EXTI3_IRQHandler) for EXTI3_IRQHandler
    startup_stm32f10x_hd.o(RESET) refers to usart.o(i.DMA1_Channel4_IRQHandler) for DMA1_Channel4_IRQHandler
    startup_stm32f10x_hd.o(RESET) refers to stm32f10x_it.o(i.EXTI9_5_IRQHandler) for EXTI9_5_IRQHandler
    startup_stm32f10x_hd.o(RESET) refers to tim.o(i.TIM3_IRQHandler) for TIM3_IRQHandler
    startup_stm32f10x_hd.o(RESET) refers to spi.o(i.SPI1_IRQHandler) for SPI1_IRQHandler
    startup_stm32f10x_hd.o(RESET) refers to usart.o(i.USART1_IRQHandler) for USART1_IRQHandler
    startup_stm32f10x_hd.o(.text) refers to system_stm32f10x.o(i.SystemInit) for SystemInit
    startup_stm32f10x_hd.o(.text) refers to entry.o(.ARM.Collect$$$$00000000) for __main
    system_stm32f10x.o(i.SystemCoreClockUpdate) refers to system_stm32f10x.o(.data) for .data
    system_stm32f10x.o(i.SystemInit) refers to system_stm32f10x.o(i.SetSysClockTo72) for SetSysClockTo72
    stm32f10x_tim.o(i.TIM_DeInit) refers to stm32f10x_rcc.o(i.RCC_APB1PeriphResetCmd) for RCC_APB1PeriphResetCmd
    stm32f10x_tim.o(i.TIM_DeInit) refers to stm32f10x_rcc.o(i.RCC_APB2PeriphResetCmd) for RCC_APB2PeriphResetCmd
    stm32f10x_tim.o(i.TIM_ETRClockMode1Config) refers to stm32f10x_tim.o(i.TIM_ETRConfig) for TIM_ETRConfig
    stm32f10x_tim.o(i.TIM_ETRClockMode2Config) refers to stm32f10x_tim.o(i.TIM_ETRConfig) for TIM_ETRConfig
    stm32f10x_tim.o(i.TIM_ICInit) refers to stm32f10x_tim.o(i.TI1_Config) for TI1_Config
    stm32f10x_tim.o(i.TIM_ICInit) refers to stm32f10x_tim.o(i.TIM_SetIC1Prescaler) for TIM_SetIC1Prescaler
    stm32f10x_tim.o(i.TIM_ICInit) refers to stm32f10x_tim.o(i.TI2_Config) for TI2_Config
    stm32f10x_tim.o(i.TIM_ICInit) refers to stm32f10x_tim.o(i.TIM_SetIC2Prescaler) for TIM_SetIC2Prescaler
    stm32f10x_tim.o(i.TIM_ICInit) refers to stm32f10x_tim.o(i.TIM_SetIC3Prescaler) for TIM_SetIC3Prescaler
    stm32f10x_tim.o(i.TIM_ICInit) refers to stm32f10x_tim.o(i.TIM_SetIC4Prescaler) for TIM_SetIC4Prescaler
    stm32f10x_tim.o(i.TIM_ITRxExternalClockConfig) refers to stm32f10x_tim.o(i.TIM_SelectInputTrigger) for TIM_SelectInputTrigger
    stm32f10x_tim.o(i.TIM_PWMIConfig) refers to stm32f10x_tim.o(i.TI2_Config) for TI2_Config
    stm32f10x_tim.o(i.TIM_PWMIConfig) refers to stm32f10x_tim.o(i.TIM_SetIC2Prescaler) for TIM_SetIC2Prescaler
    stm32f10x_tim.o(i.TIM_PWMIConfig) refers to stm32f10x_tim.o(i.TI1_Config) for TI1_Config
    stm32f10x_tim.o(i.TIM_PWMIConfig) refers to stm32f10x_tim.o(i.TIM_SetIC1Prescaler) for TIM_SetIC1Prescaler
    stm32f10x_tim.o(i.TIM_TIxExternalClockConfig) refers to stm32f10x_tim.o(i.TI1_Config) for TI1_Config
    stm32f10x_tim.o(i.TIM_TIxExternalClockConfig) refers to stm32f10x_tim.o(i.TIM_SelectInputTrigger) for TIM_SelectInputTrigger
    stm32f10x_tim.o(i.TIM_TIxExternalClockConfig) refers to stm32f10x_tim.o(i.TI2_Config) for TI2_Config
    stm32f10x_usart.o(i.USART_DeInit) refers to stm32f10x_rcc.o(i.RCC_APB2PeriphResetCmd) for RCC_APB2PeriphResetCmd
    stm32f10x_usart.o(i.USART_DeInit) refers to stm32f10x_rcc.o(i.RCC_APB1PeriphResetCmd) for RCC_APB1PeriphResetCmd
    stm32f10x_usart.o(i.USART_Init) refers to stm32f10x_rcc.o(i.RCC_GetClocksFreq) for RCC_GetClocksFreq
    stm32f10x_gpio.o(i.GPIO_AFIODeInit) refers to stm32f10x_rcc.o(i.RCC_APB2PeriphResetCmd) for RCC_APB2PeriphResetCmd
    stm32f10x_gpio.o(i.GPIO_DeInit) refers to stm32f10x_rcc.o(i.RCC_APB2PeriphResetCmd) for RCC_APB2PeriphResetCmd
    stm32f10x_rcc.o(i.RCC_GetClocksFreq) refers to stm32f10x_rcc.o(.data) for .data
[...]
    Removing stm32f10x_tim.o(i.TIM_OC4FastConfig), (20 bytes).
    Removing stm32f10x_tim.o(i.TIM_OC4Init), (100 bytes).
    Removing stm32f10x_tim.o(i.TIM_OC4PolarityConfig), (20 bytes).
    Removing stm32f10x_tim.o(i.TIM_OC4PreloadConfig), (20 bytes).
    Removing stm32f10x_tim.o(i.TIM_OCStructInit), (20 bytes).
    Removing stm32f10x_tim.o(i.TIM_PWMIConfig), (108 bytes).
    Removing stm32f10x_tim.o(i.TIM_PrescalerConfig), (6 bytes).
    Removing stm32f10x_tim.o(i.TIM_SelectCCDMA), (20 bytes).
    Removing stm32f10x_tim.o(i.TIM_SelectCOM), (20 bytes).
    Removing stm32f10x_tim.o(i.TIM_SelectHallSensor), (20 bytes).
    Removing stm32f10x_tim.o(i.TIM_SelectInputTrigger), (12 bytes).
    Removing stm32f10x_tim.o(i.TIM_SelectMasterSlaveMode), (16 bytes).
    Removing stm32f10x_tim.o(i.TIM_SelectOCxM), (70 bytes).
    Removing stm32f10x_tim.o(i.TIM_SelectOnePulseMode), (16 bytes).
    Removing stm32f10x_tim.o(i.TIM_SelectOutputTrigger), (16 bytes).
    Removing stm32f10x_tim.o(i.TIM_SelectSlaveMode), (16 bytes).
    Removing stm32f10x_tim.o(i.TIM_SetAutoreload), (4 bytes).
    Removing stm32f10x_tim.o(i.TIM_SetClockDivision), (16 bytes).
    Removing stm32f10x_tim.o(i.TIM_SetCompare1), (4 bytes).
    Removing stm32f10x_tim.o(i.TIM_SetCompare2), (4 bytes).
    Removing stm32f10x_tim.o(i.TIM_SetCompare3), (4 bytes).
    Removing stm32f10x_tim.o(i.TIM_SetCompare4), (6 bytes).
    Removing stm32f10x_tim.o(i.TIM_SetCounter), (4 bytes).
    Removing stm32f10x_tim.o(i.TIM_SetIC1Prescaler), (16 bytes).
    Removing stm32f10x_tim.o(i.TIM_SetIC2Prescaler), (24 bytes).
    Removing stm32f10x_tim.o(i.TIM_SetIC3Prescaler), (16 bytes).
    Removing stm32f10x_tim.o(i.TIM_SetIC4Prescaler), (24 bytes).
    Removing stm32f10x_tim.o(i.TIM_TIxExternalClockConfig), (46 bytes).
    Removing stm32f10x_tim.o(i.TIM_TimeBaseStructInit), (18 bytes).
    Removing stm32f10x_tim.o(i.TIM_UpdateDisableConfig), (20 bytes).
    Removing stm32f10x_tim.o(i.TIM_UpdateRequestConfig), (20 bytes).
    Removing stm32f10x_usart.o(i.USART_ClearITPendingBit), (12 bytes).
    Removing stm32f10x_usart.o(i.USART_ClockInit), (30 bytes).
    Removing stm32f10x_usart.o(i.USART_ClockStructInit), (12 bytes).
    Removing stm32f10x_usart.o(i.USART_DeInit), (116 bytes).
    Removing stm32f10x_usart.o(i.USART_HalfDuplexCmd), (20 bytes).
    Removing stm32f10x_usart.o(i.USART_IrDACmd), (20 bytes).
    Removing stm32f10x_usart.o(i.USART_IrDAConfig), (16 bytes).
    Removing stm32f10x_usart.o(i.USART_LINBreakDetectLengthConfig), (16 bytes).
    Removing stm32f10x_usart.o(i.USART_LINCmd), (20 bytes).
    Removing stm32f10x_usart.o(i.USART_OneBitMethodCmd), (20 bytes).
    Removing stm32f10x_usart.o(i.USART_OverSampling8Cmd), (20 bytes).
    Removing stm32f10x_usart.o(i.USART_ReceiverWakeUpCmd), (20 bytes).
    Removing stm32f10x_usart.o(i.USART_SendBreak), (10 bytes).
    Removing stm32f10x_usart.o(i.USART_SetAddress), (16 bytes).
    Removing stm32f10x_usart.o(i.USART_SetGuardTime), (16 bytes).
    Removing stm32f10x_usart.o(i.USART_SetPrescaler), (16 bytes).
    Removing stm32f10x_usart.o(i.USART_SmartCardCmd), (20 bytes).
    Removing stm32f10x_usart.o(i.USART_SmartCardNACKCmd), (20 bytes).
    Removing stm32f10x_usart.o(i.USART_StructInit), (22 bytes).
    Removing stm32f10x_usart.o(i.USART_WakeUpConfig), (16 bytes).
    Removing stm32f10x_gpio.o(i.GPIO_AFIODeInit), (22 bytes).
    Removing stm32f10x_gpio.o(i.GPIO_DeInit), (180 bytes).
    Removing stm32f10x_gpio.o(i.GPIO_ETH_MediaInterfaceConfig), (12 bytes).
    Removing stm32f10x_gpio.o(i.GPIO_EXTILineConfig), (40 bytes).
    Removing stm32f10x_gpio.o(i.GPIO_EventOutputCmd), (12 bytes).
    Removing stm32f10x_gpio.o(i.GPIO_EventOutputConfig), (28 bytes).
    Removing stm32f10x_gpio.o(i.GPIO_PinLockConfig), (16 bytes).
    Removing stm32f10x_gpio.o(i.GPIO_PinRemapConfig), (88 bytes).
    Removing stm32f10x_gpio.o(i.GPIO_ReadInputData), (6 bytes).
    Removing stm32f10x_gpio.o(i.GPIO_ReadOutputData), (6 bytes).
    Removing stm32f10x_gpio.o(i.GPIO_StructInit), (16 bytes).
    Removing stm32f10x_gpio.o(i.GPIO_Write), (4 bytes).
    Removing stm32f10x_gpio.o(i.GPIO_WriteBit), (10 bytes).
    Removing stm32f10x_rcc.o(i.RCC_ADCCLKConfig), (20 bytes).
    Removing stm32f10x_rcc.o(i.RCC_APB1PeriphResetCmd), (24 bytes).
    Removing stm32f10x_rcc.o(i.RCC_APB2PeriphResetCmd), (24 bytes).
    Removing stm32f10x_rcc.o(i.RCC_AdjustHSICalibrationValue), (20 bytes).
    Removing stm32f10x_rcc.o(i.RCC_BackupResetCmd), (12 bytes).
    Removing stm32f10x_rcc.o(i.RCC_ClearFlag), (16 bytes).
    Removing stm32f10x_rcc.o(i.RCC_ClearITPendingBit), (12 bytes).
    Removing stm32f10x_rcc.o(i.RCC_ClockSecuritySystemCmd), (12 bytes).
    Removing stm32f10x_rcc.o(i.RCC_DeInit), (64 bytes).
    Removing stm32f10x_rcc.o(i.RCC_GetFlagStatus), (48 bytes).
    Removing stm32f10x_rcc.o(i.RCC_GetITStatus), (20 bytes).
    Removing stm32f10x_rcc.o(i.RCC_GetSYSCLKSource), (16 bytes).
    Removing stm32f10x_rcc.o(i.RCC_HCLKConfig), (20 bytes).
    Removing stm32f10x_rcc.o(i.RCC_HSEConfig), (52 bytes).
    Removing stm32f10x_rcc.o(i.RCC_HSICmd), (12 bytes).
    Removing stm32f10x_rcc.o(i.RCC_ITConfig), (24 bytes).
    Removing stm32f10x_rcc.o(i.RCC_LSEConfig), (32 bytes).
    Removing stm32f10x_rcc.o(i.RCC_LSICmd), (12 bytes).
    Removing stm32f10x_rcc.o(i.RCC_MCOConfig), (12 bytes).
    Removing stm32f10x_rcc.o(i.RCC_PCLK1Config), (20 bytes).
    Removing stm32f10x_rcc.o(i.RCC_PCLK2Config), (20 bytes).
    Removing stm32f10x_rcc.o(i.RCC_PLLCmd), (12 bytes).
    Removing stm32f10x_rcc.o(i.RCC_PLLConfig), (20 bytes).
    Removing stm32f10x_rcc.o(i.RCC_RTCCLKCmd), (12 bytes).
    Removing stm32f10x_rcc.o(i.RCC_RTCCLKConfig), (16 bytes).
    Removing stm32f10x_rcc.o(i.RCC_SYSCLKConfig), (20 bytes).
    Removing stm32f10x_rcc.o(i.RCC_USBCLKConfig), (12 bytes).
    Removing stm32f10x_rcc.o(i.RCC_WaitForHSEStartUp), (44 bytes).
    Removing stm32f10x_exti.o(i.EXTI_ClearFlag), (12 bytes).
    Removing stm32f10x_exti.o(i.EXTI_DeInit), (36 bytes).
    Removing stm32f10x_exti.o(i.EXTI_GenerateSWInterrupt), (16 bytes).
    Removing stm32f10x_exti.o(i.EXTI_GetFlagStatus), (20 bytes).
    Removing stm32f10x_exti.o(i.EXTI_Init), (112 bytes).
    Removing stm32f10x_exti.o(i.EXTI_StructInit), (14 bytes).
    Removing stm32f10x_spi.o(i.I2S_Cmd), (20 bytes).
    Removing stm32f10x_spi.o(i.I2S_Init), (152 bytes).
    Removing stm32f10x_spi.o(i.I2S_StructInit), (18 bytes).
    Removing stm32f10x_spi.o(i.SPI_BiDirectionalLineConfig), (22 bytes).
    Removing stm32f10x_spi.o(i.SPI_CalculateCRC), (20 bytes).
    Removing stm32f10x_spi.o(i.SPI_DataSizeConfig), (16 bytes).
    Removing stm32f10x_spi.o(i.SPI_GetCRC), (12 bytes).
    Removing stm32f10x_spi.o(i.SPI_GetCRCPolynomial), (4 bytes).
    Removing stm32f10x_spi.o(i.SPI_I2S_ClearFlag), (6 bytes).
    Removing stm32f10x_spi.o(i.SPI_I2S_ClearITPendingBit), (14 bytes).
    Removing stm32f10x_spi.o(i.SPI_I2S_DMACmd), (16 bytes).
    Removing stm32f10x_spi.o(i.SPI_I2S_DeInit), (84 bytes).
    Removing stm32f10x_spi.o(i.SPI_I2S_GetITStatus), (42 bytes).
    Removing stm32f10x_spi.o(i.SPI_NSSInternalSoftwareConfig), (24 bytes).
    Removing stm32f10x_spi.o(i.SPI_SSOutputCmd), (20 bytes).
    Removing stm32f10x_spi.o(i.SPI_StructInit), (24 bytes).
    Removing stm32f10x_spi.o(i.SPI_TransmitCRC), (10 bytes).
    Removing stm32f10x_i2c.o(i.I2C_ARPCmd), (20 bytes).
    Removing stm32f10x_i2c.o(i.I2C_AcknowledgeConfig), (20 bytes).
    Removing stm32f10x_i2c.o(i.I2C_CalculatePEC), (20 bytes).
    Removing stm32f10x_i2c.o(i.I2C_CheckEvent), (24 bytes).
    Removing stm32f10x_i2c.o(i.I2C_ClearFlag), (6 bytes).
    Removing stm32f10x_i2c.o(i.I2C_ClearITPendingBit), (6 bytes).
    Removing stm32f10x_i2c.o(i.I2C_Cmd), (20 bytes).
    Removing stm32f10x_i2c.o(i.I2C_DMACmd), (20 bytes).
    Removing stm32f10x_i2c.o(i.I2C_DMALastTransferCmd), (20 bytes).
    Removing stm32f10x_i2c.o(i.I2C_DeInit), (44 bytes).
    Removing stm32f10x_i2c.o(i.I2C_DualAddressCmd), (20 bytes).
    Removing stm32f10x_i2c.o(i.I2C_FastModeDutyCycleConfig), (22 bytes).
    Removing stm32f10x_i2c.o(i.I2C_GeneralCallCmd), (20 bytes).
    Removing stm32f10x_i2c.o(i.I2C_GenerateSTART), (20 bytes).
    Removing stm32f10x_i2c.o(i.I2C_GenerateSTOP), (20 bytes).
    Removing stm32f10x_i2c.o(i.I2C_GetFlagStatus), (42 bytes).
    Removing stm32f10x_i2c.o(i.I2C_GetITStatus), (36 bytes).
    Removing stm32f10x_i2c.o(i.I2C_GetLastEvent), (14 bytes).
    Removing stm32f10x_i2c.o(i.I2C_GetPEC), (6 bytes).
    Removing stm32f10x_i2c.o(i.I2C_ITConfig), (16 bytes).
    Removing stm32f10x_i2c.o(i.I2C_Init), (188 bytes).
    Removing stm32f10x_i2c.o(i.I2C_NACKPositionConfig), (22 bytes).
    Removing stm32f10x_i2c.o(i.I2C_OwnAddress2Config), (16 bytes).
    Removing stm32f10x_i2c.o(i.I2C_PECPositionConfig), (22 bytes).
    Removing stm32f10x_i2c.o(i.I2C_ReadRegister), (10 bytes).
    Removing stm32f10x_i2c.o(i.I2C_ReceiveData), (6 bytes).
    Removing stm32f10x_i2c.o(i.I2C_SMBusAlertConfig), (22 bytes).
    Removing stm32f10x_i2c.o(i.I2C_Send7bitAddress), (16 bytes).
    Removing stm32f10x_i2c.o(i.I2C_SendData), (4 bytes).
    Removing stm32f10x_i2c.o(i.I2C_SoftwareResetCmd), (20 bytes).
    Removing stm32f10x_i2c.o(i.I2C_StretchClockCmd), (20 bytes).
    Removing stm32f10x_i2c.o(i.I2C_StructInit), (28 bytes).
    Removing stm32f10x_i2c.o(i.I2C_TransmitPEC), (20 bytes).
    Removing stm32f10x_can.o(i.CAN_CancelTransmit), (36 bytes).
    Removing stm32f10x_can.o(i.CAN_ClearFlag), (48 bytes).
    Removing stm32f10x_can.o(i.CAN_ClearITPendingBit), (120 bytes).
    Removing stm32f10x_can.o(i.CAN_DBGFreeze), (20 bytes).
    Removing stm32f10x_can.o(i.CAN_DeInit), (44 bytes).
    Removing stm32f10x_can.o(i.CAN_FIFORelease), (22 bytes).
    Removing stm32f10x_can.o(i.CAN_FilterInit), (204 bytes).
    Removing stm32f10x_can.o(i.CAN_GetFlagStatus), (52 bytes).
    Removing stm32f10x_can.o(i.CAN_GetITStatus), (168 bytes).
    Removing stm32f10x_can.o(i.CAN_GetLSBTransmitErrorCounter), (8 bytes).
    Removing stm32f10x_can.o(i.CAN_GetLastErrorCode), (10 bytes).
    Removing stm32f10x_can.o(i.CAN_GetReceiveErrorCounter), (6 bytes).
    Removing stm32f10x_can.o(i.CAN_ITConfig), (16 bytes).
    Removing stm32f10x_can.o(i.CAN_Init), (232 bytes).
    Removing stm32f10x_can.o(i.CAN_MessagePending), (22 bytes).
    Removing stm32f10x_can.o(i.CAN_OperatingModeRequest), (140 bytes).
    Removing stm32f10x_can.o(i.CAN_Receive), (144 bytes).
    Removing stm32f10x_can.o(i.CAN_SlaveStartBank), (44 bytes).
    Removing stm32f10x_can.o(i.CAN_Sleep), (30 bytes).
    Removing stm32f10x_can.o(i.CAN_StructInit), (32 bytes).
    Removing stm32f10x_can.o(i.CAN_TTComModeCmd), (90 bytes).
    Removing stm32f10x_can.o(i.CAN_Transmit), (164 bytes).
    Removing stm32f10x_can.o(i.CAN_TransmitStatus), (108 bytes).
    Removing stm32f10x_can.o(i.CAN_WakeUp), (40 bytes).
    Removing stm32f10x_can.o(i.CheckITStatus), (12 bytes).
    Removing stm32f10x_dma.o(i.DMA_ClearITPendingBit), (24 bytes).
    Removing stm32f10x_dma.o(i.DMA_GetCurrDataCounter), (6 bytes).
    Removing stm32f10x_dma.o(i.DMA_GetFlagStatus), (32 bytes).
    Removing stm32f10x_dma.o(i.DMA_GetITStatus), (32 bytes).
    Removing stm32f10x_dma.o(i.DMA_StructInit), (26 bytes).
    Removing main.o(i.ExtiConfiguration), (46 bytes).
    Removing pbdata.o(i.RCC_HSE_Configuration), (86 bytes).
    Removing pbdata.o(i.delay), (10 bytes).
    Removing pbdata.o(i.delay_us), (34 bytes).
    Removing pbdata.o(i.executeTask), (40 bytes).
    Removing pbdata.o(i.getFunctionCode16Data), (2 bytes).
    Removing pbdata.o(i.modbusHandFunctionCode02), (2 bytes).
    Removing pbdata.o(i.modbusHandFunctionCode03), (2 bytes).
    Removing pbdata.o(i.popSocketRecvData), (24 bytes).
    Removing pbdata.o(i.popSocketSendData), (24 bytes).
    Removing pbdata.o(i.pushSocketSaveData), (92 bytes).
    Removing pbdata.o(i.socketSendData), (52 bytes).
    Removing pbdata.o(.data), (1 bytes).
    Removing pbdata.o(.data), (4 bytes).
    Removing usart.o(i.putChar), (64 bytes).
    Removing usart.o(.bss), (256 bytes).
    Removing spi.o(i.spiWrite), (56 bytes).
    Removing spi.o(.data), (4 bytes).
    Removing loopback.o(i.loopback_tcpc), (364 bytes).
    Removing loopback.o(i.loopback_tcps), (416 bytes).
    Removing loopback.o(i.loopback_udps), (264 bytes).
    Removing net.o(i.net_SendData), (132 bytes).
    Removing net.o(i.net_recvData), (146 bytes).
    Removing socket.o(i.connect), (264 bytes).
    Removing socket.o(i.ctlsocket), (184 bytes).
    Removing socket.o(i.disconnect), (140 bytes).
    Removing socket.o(i.getsockopt), (264 bytes).
    Removing socket.o(i.recv), (228 bytes).
    Removing socket.o(i.recvfrom), (452 bytes).
    Removing socket.o(i.send), (284 bytes).
    Removing socket.o(i.sendto), (356 bytes).
    Removing socket.o(i.setsockopt), (262 bytes).
    Removing wizchip_conf.o(i.reg_wizchip_bus_cbfunc), (44 bytes).
    Removing wizchip_conf.o(i.reg_wizchip_spiburst_cbfunc), (44 bytes).
    Removing wizchip_conf.o(i.wizchip_spi_readburst), (2 bytes).
    Removing wizchip_conf.o(i.wizchip_spi_writeburst), (2 bytes).
    Removing wizchip_conf.o(i.wizphy_getphystat), (26 bytes).
    Removing w5500.o(i.getSn_RX_RSR), (76 bytes).
    Removing w5500.o(i.getSn_TX_FSR), (76 bytes).
    Removing w5500.o(i.wiz_recv_data), (96 bytes).
    Removing w5500.o(i.wiz_recv_ignore), (66 bytes).
    Removing w5500.o(i.wiz_send_data), (96 bytes).

281 unused section(s) (total 13565 bytes) removed from the image.

==============================================================================

Image Symbol Table

    Local Symbols

    Symbol Name                              Value     Ov Type        Size  Object(Section)

    ../clib/microlib/division.c              0x00000000   Number         0  uldiv.o ABSOLUTE
    ../clib/microlib/division.c              0x00000000   Number         0  uidiv.o ABSOLUTE
    ../clib/microlib/init/entry.s            0x00000000   Number         0  entry8b.o ABSOLUTE
    ../clib/microlib/init/entry.s            0x00000000   Number         0  entry8a.o ABSOLUTE
    ../clib/microlib/init/entry.s            0x00000000   Number         0  entry10b.o ABSOLUTE
    ../clib/microlib/init/entry.s            0x00000000   Number         0  entry9a.o ABSOLUTE
    ../clib/microlib/init/entry.s            0x00000000   Number         0  entry9b.o ABSOLUTE
    ../clib/microlib/init/entry.s            0x00000000   Number         0  entry10a.o ABSOLUTE
    ../clib/microlib/init/entry.s            0x00000000   Number         0  entry5.o ABSOLUTE
    ../clib/microlib/init/entry.s            0x00000000   Number         0  entry11a.o ABSOLUTE
    ../clib/microlib/init/entry.s            0x00000000   Number         0  entry11b.o ABSOLUTE
    ../clib/microlib/init/entry.s            0x00000000   Number         0  entry7b.o ABSOLUTE
    ../clib/microlib/init/entry.s            0x00000000   Number         0  entry.o ABSOLUTE
    ../clib/microlib/init/entry.s            0x00000000   Number         0  entry7a.o ABSOLUTE
    ../clib/microlib/init/entry.s            0x00000000   Number         0  entry2.o ABSOLUTE
    ../clib/microlib/longlong.c              0x00000000   Number         0  llsshr.o ABSOLUTE
    ../clib/microlib/longlong.c              0x00000000   Number         0  llushr.o ABSOLUTE
    ../clib/microlib/longlong.c              0x00000000   Number         0  llshl.o ABSOLUTE
    ../clib/microlib/printf/printf.c         0x00000000   Number         0  printf8.o ABSOLUTE
    ../clib/microlib/printf/printf.c         0x00000000   Number         0  printf1.o ABSOLUTE
    ../clib/microlib/printf/printf.c         0x00000000   Number         0  printfa.o ABSOLUTE
    ../clib/microlib/printf/printf.c         0x00000000   Number         0  printfb.o ABSOLUTE
    ../clib/microlib/printf/printf.c         0x00000000   Number         0  printf0.o ABSOLUTE
    ../clib/microlib/printf/printf.c         0x00000000   Number         0  printf7.o ABSOLUTE
    ../clib/microlib/printf/printf.c         0x00000000   Number         0  printf2.o ABSOLUTE
    ../clib/microlib/printf/printf.c         0x00000000   Number         0  printf3.o ABSOLUTE
    ../clib/microlib/printf/printf.c         0x00000000   Number         0  printf4.o ABSOLUTE
    ../clib/microlib/printf/printf.c         0x00000000   Number         0  printf5.o ABSOLUTE
    ../clib/microlib/printf/printf.c         0x00000000   Number         0  printf6.o ABSOLUTE
    ../clib/microlib/printf/stubs.s          0x00000000   Number         0  stubs.o ABSOLUTE
    ../clib/microlib/stdio/streams.c         0x00000000   Number         0  stdout.o ABSOLUTE
    ../clib/microlib/string/memset.c         0x00000000   Number         0  memseta.o ABSOLUTE
    ../clib/microlib/string/strcpy.c         0x00000000   Number         0  strcpy.o ABSOLUTE
    ../clib/microlib/string/strlen.c         0x00000000   Number         0  strlen.o ABSOLUTE
    ../clib/microlib/string/strncpy.c        0x00000000   Number         0  strncpy.o ABSOLUTE
    ../clib/microlib/stubs.s                 0x00000000   Number         0  iusefp.o ABSOLUTE
    ../fplib/microlib/fpadd.c                0x00000000   Number         0  dadd.o ABSOLUTE
    ../fplib/microlib/fpdiv.c                0x00000000   Number         0  ddiv.o ABSOLUTE
    ../fplib/microlib/fpepilogue.c           0x00000000   Number         0  depilogue.o ABSOLUTE
    ../fplib/microlib/fpfix.c                0x00000000   Number         0  dfixul.o ABSOLUTE
    ../fplib/microlib/fpmul.c                0x00000000   Number         0  dmul.o ABSOLUTE
    Ethernet\W5500\w5500.c                   0x00000000   Number         0  w5500.o ABSOLUTE
    Ethernet\socket.c                        0x00000000   Number         0  socket.o ABSOLUTE
    Ethernet\wizchip_conf.c                  0x00000000   Number         0  wizchip_conf.o ABSOLUTE
    asm\startup_stm32f10x_hd.s               0x00000000   Number         0  startup_stm32f10x_hd.o ABSOLUTE
    cdrcmple.s                               0x00000000   Number         0  cdrcmple.o ABSOLUTE
    dc.s                                     0x00000000   Number         0  dc.o ABSOLUTE
    handlers.s                               0x00000000   Number         0  handlers.o ABSOLUTE
    init.s                                   0x00000000   Number         0  init.o ABSOLUTE
    lib\src\misc.c                           0x00000000   Number         0  misc.o ABSOLUTE
    lib\src\stm32f10x_can.c                  0x00000000   Number         0  stm32f10x_can.o ABSOLUTE
    lib\src\stm32f10x_dma.c                  0x00000000   Number         0  stm32f10x_dma.o ABSOLUTE
    lib\src\stm32f10x_exti.c                 0x00000000   Number         0  stm32f10x_exti.o ABSOLUTE
    lib\src\stm32f10x_gpio.c                 0x00000000   Number         0  stm32f10x_gpio.o ABSOLUTE
    lib\src\stm32f10x_i2c.c                  0x00000000   Number         0  stm32f10x_i2c.o ABSOLUTE
    lib\src\stm32f10x_rcc.c                  0x00000000   Number         0  stm32f10x_rcc.o ABSOLUTE
    lib\src\stm32f10x_spi.c                  0x00000000   Number         0  stm32f10x_spi.o ABSOLUTE
    lib\src\stm32f10x_tim.c                  0x00000000   Number         0  stm32f10x_tim.o ABSOLUTE
    lib\src\stm32f10x_usart.c                0x00000000   Number         0  stm32f10x_usart.o ABSOLUTE
    net.c                                    0x00000000   Number         0  net.o ABSOLUTE
    system\\core_cm3.c                       0x00000000   Number         0  core_cm3.o ABSOLUTE
    system\core_cm3.c                        0x00000000   Number         0  core_cm3.o ABSOLUTE
    system\system_stm32f10x.c                0x00000000   Number         0  system_stm32f10x.o ABSOLUTE
    user\led.c                               0x00000000   Number         0  led.o ABSOLUTE
    user\loopback.c                          0x00000000   Number         0  loopback.o ABSOLUTE
    user\main.c                              0x00000000   Number         0  main.o ABSOLUTE
    user\pbdata.c                            0x00000000   Number         0  pbdata.o ABSOLUTE
    user\spi.c                               0x00000000   Number         0  spi.o ABSOLUTE
    user\stm32f10x_it.c                      0x00000000   Number         0  stm32f10x_it.o ABSOLUTE
    user\tim.c                               0x00000000   Number         0  tim.o ABSOLUTE
    user\usart.c                             0x00000000   Number         0  usart.o ABSOLUTE
    RESET                                    0x08000000   Section      304  startup_stm32f10x_hd.o(RESET)
    .ARM.Collect$$$$00000000                 0x08000130   Section        0  entry.o(.ARM.Collect$$$$00000000)
    .ARM.Collect$$$$00000001                 0x08000130   Section        4  entry2.o(.ARM.Collect$$$$00000001)
    .ARM.Collect$$$$00000004                 0x08000134   Section        4  entry5.o(.ARM.Collect$$$$00000004)
    .ARM.Collect$$$$00000008                 0x08000138   Section        0  entry7b.o(.ARM.Collect$$$$00000008)
    .ARM.Collect$$$$0000000A                 0x08000138   Section        0  entry8b.o(.ARM.Collect$$$$0000000A)
    .ARM.Collect$$$$0000000B                 0x08000138   Section        8  entry9a.o(.ARM.Collect$$$$0000000B)
    .ARM.Collect$$$$0000000D                 0x08000140   Section        0  entry10a.o(.ARM.Collect$$$$0000000D)
    .ARM.Collect$$$$0000000F                 0x08000140   Section        0  entry11a.o(.ARM.Collect$$$$0000000F)
    .ARM.Collect$$$$00002712                 0x08000140   Section        4  entry2.o(.ARM.Collect$$$$00002712)
    __lit__00000000                          0x08000140   Data           4  entry2.o(.ARM.Collect$$$$00002712)
    .text                                    0x08000144   Section       36  startup_stm32f10x_hd.o(.text)
    .text                                    0x08000168   Section        0  memseta.o(.text)
    .text                                    0x0800018c   Section        0  strncpy.o(.text)
    .text                                    0x080001a4   Section        0  strlen.o(.text)
    .text                                    0x080001b2   Section        0  uidiv.o(.text)
    .text                                    0x080001de   Section        0  uldiv.o(.text)
    .text                                    0x08000240   Section        0  dadd.o(.text)
    .text                                    0x08000240   Section        0  iusefp.o(.text)
    .text                                    0x0800038e   Section        0  dmul.o(.text)
    .text                                    0x08000472   Section        0  ddiv.o(.text)
    .text                                    0x08000550   Section        0  dfixul.o(.text)
    .text                                    0x08000580   Section       48  cdrcmple.o(.text)
    .text                                    0x080005b0   Section       36  init.o(.text)
    .text                                    0x080005d4   Section        0  llshl.o(.text)
    .text                                    0x080005f2   Section        0  llushr.o(.text)
    .text                                    0x08000612   Section        0  llsshr.o(.text)
    .text                                    0x08000636   Section        0  depilogue.o(.text)
    i.BusFault_Handler                       0x080006f0   Section        0  stm32f10x_it.o(i.BusFault_Handler)
    i.DMA1_Channel4_IRQHandler               0x080006f4   Section        0  usart.o(i.DMA1_Channel4_IRQHandler)
    i.DMA_ClearFlag                          0x0800071c   Section        0  stm32f10x_dma.o(i.DMA_ClearFlag)
    i.DMA_Cmd                                0x08000734   Section        0  stm32f10x_dma.o(i.DMA_Cmd)
    i.DMA_DeInit                             0x0800074c   Section        0  stm32f10x_dma.o(i.DMA_DeInit)
    i.DMA_ITConfig                           0x08000830   Section        0  stm32f10x_dma.o(i.DMA_ITConfig)
    i.DMA_Init                               0x08000840   Section        0  stm32f10x_dma.o(i.DMA_Init)
    i.DMA_SetCurrDataCounter                 0x0800087a   Section        0  stm32f10x_dma.o(i.DMA_SetCurrDataCounter)
    i.DebugMon_Handler                       0x0800087e   Section        0  stm32f10x_it.o(i.DebugMon_Handler)
    i.EXTI1_IRQHandler                       0x08000880   Section        0  stm32f10x_it.o(i.EXTI1_IRQHandler)
    i.EXTI2_IRQHandler                       0x08000882   Section        0  stm32f10x_it.o(i.EXTI2_IRQHandler)
    i.EXTI3_IRQHandler                       0x08000884   Section        0  stm32f10x_it.o(i.EXTI3_IRQHandler)
    i.EXTI9_5_IRQHandler                     0x08000888   Section        0  stm32f10x_it.o(i.EXTI9_5_IRQHandler)
    i.EXTI_ClearITPendingBit                 0x080008d4   Section        0  stm32f10x_exti.o(i.EXTI_ClearITPendingBit)
    i.EXTI_GetITStatus                       0x080008e0   Section        0  stm32f10x_exti.o(i.EXTI_GetITStatus)
    i.GPIO_Init                              0x08000900   Section        0  stm32f10x_gpio.o(i.GPIO_Init)
    i.GPIO_ReadInputDataBit                  0x080009a2   Section        0  stm32f10x_gpio.o(i.GPIO_ReadInputDataBit)
    i.GPIO_ReadOutputDataBit                 0x080009b0   Section        0  stm32f10x_gpio.o(i.GPIO_ReadOutputDataBit)
    i.GPIO_ResetBits                         0x080009be   Section        0  stm32f10x_gpio.o(i.GPIO_ResetBits)
    i.GPIO_SetBits                           0x080009c2   Section        0  stm32f10x_gpio.o(i.GPIO_SetBits)
    i.HardFault_Handler                      0x080009c6   Section        0  stm32f10x_it.o(i.HardFault_Handler)
    i.MemManage_Handler                      0x080009c8   Section        0  stm32f10x_it.o(i.MemManage_Handler)
    i.NMI_Handler                            0x080009ca   Section        0  stm32f10x_it.o(i.NMI_Handler)
    i.NVIC_Init                              0x080009cc   Section        0  misc.o(i.NVIC_Init)
    i.NVIC_PriorityGroupConfig               0x08000a30   Section        0  misc.o(i.NVIC_PriorityGroupConfig)
    i.PendSV_Handler                         0x08000a44   Section        0  stm32f10x_it.o(i.PendSV_Handler)
    i.RCC_AHBPeriphClockCmd                  0x08000a48   Section        0  stm32f10x_rcc.o(i.RCC_AHBPeriphClockCmd)
    i.RCC_APB1PeriphClockCmd                 0x08000a60   Section        0  stm32f10x_rcc.o(i.RCC_APB1PeriphClockCmd)
    i.RCC_APB2PeriphClockCmd                 0x08000a78   Section        0  stm32f10x_rcc.o(i.RCC_APB2PeriphClockCmd)
    i.RCC_GetClocksFreq                      0x08000a90   Section        0  stm32f10x_rcc.o(i.RCC_GetClocksFreq)
    i.SPI1_IRQHandler                        0x08000b34   Section        0  spi.o(i.SPI1_IRQHandler)
    i.SPI_CS_Deselect                        0x08000bd0   Section        0  spi.o(i.SPI_CS_Deselect)
    i.SPI_CS_Select                          0x08000bdc   Section        0  spi.o(i.SPI_CS_Select)
    i.SPI_Cmd                                0x08000be8   Section        0  stm32f10x_spi.o(i.SPI_Cmd)
    i.SPI_CrisEnter                          0x08000bfc   Section        0  spi.o(i.SPI_CrisEnter)
    i.SPI_CrisExit                           0x08000c04   Section        0  spi.o(i.SPI_CrisExit)
    i.SPI_I2S_GetFlagStatus                  0x08000c0c   Section        0  stm32f10x_spi.o(i.SPI_I2S_GetFlagStatus)
    i.SPI_I2S_ITConfig                       0x08000c1a   Section        0  stm32f10x_spi.o(i.SPI_I2S_ITConfig)
    i.SPI_I2S_ReceiveData                    0x08000c32   Section        0  stm32f10x_spi.o(i.SPI_I2S_ReceiveData)
    i.SPI_I2S_SendData                       0x08000c36   Section        0  stm32f10x_spi.o(i.SPI_I2S_SendData)
    i.SPI_Init                               0x08000c3a   Section        0  stm32f10x_spi.o(i.SPI_Init)
    i.SPI_ReadByte                           0x08000c74   Section        0  spi.o(i.SPI_ReadByte)
    i.SPI_WriteByte                          0x08000ca8   Section        0  spi.o(i.SPI_WriteByte)
    i.SVC_Handler                            0x08000cdc   Section        0  stm32f10x_it.o(i.SVC_Handler)
    i.SetSysClockTo72                        0x08000ce0   Section        0  system_stm32f10x.o(i.SetSysClockTo72)
    SetSysClockTo72                          0x08000ce1   Thumb Code   160  system_stm32f10x.o(i.SetSysClockTo72)
    i.SysTick_Handler                        0x08000d88   Section        0  stm32f10x_it.o(i.SysTick_Handler)
    i.SystemInit                             0x08000d8c   Section        0  system_stm32f10x.o(i.SystemInit)
    i.TIM3_IRQHandler                        0x08000ddc   Section        0  tim.o(i.TIM3_IRQHandler)
    i.TIM_ClearITPendingBit                  0x08000e30   Section        0  stm32f10x_tim.o(i.TIM_ClearITPendingBit)
    i.TIM_Cmd                                0x08000e36   Section        0  stm32f10x_tim.o(i.TIM_Cmd)
    i.TIM_ITConfig                           0x08000e4a   Section        0  stm32f10x_tim.o(i.TIM_ITConfig)
    i.TIM_TimeBaseInit                       0x08000e5c   Section        0  stm32f10x_tim.o(i.TIM_TimeBaseInit)
    i.USART1_IRQHandler                      0x08000ef8   Section        0  usart.o(i.USART1_IRQHandler)
    i.USART_ClearFlag                        0x08000f20   Section        0  stm32f10x_usart.o(i.USART_ClearFlag)
    i.USART_Cmd                              0x08000f26   Section        0  stm32f10x_usart.o(i.USART_Cmd)
    i.USART_DMACmd                           0x08000f3a   Section        0  stm32f10x_usart.o(i.USART_DMACmd)
    i.USART_GetFlagStatus                    0x08000f4a   Section        0  stm32f10x_usart.o(i.USART_GetFlagStatus)
    i.USART_GetITStatus                      0x08000f58   Section        0  stm32f10x_usart.o(i.USART_GetITStatus)
    i.USART_ITConfig                         0x08000f96   Section        0  stm32f10x_usart.o(i.USART_ITConfig)
    i.USART_Init                             0x08000fc8   Section        0  stm32f10x_usart.o(i.USART_Init)
    i.USART_ReceiveData                      0x08001074   Section        0  stm32f10x_usart.o(i.USART_ReceiveData)
    i.USART_SendData                         0x0800107c   Section        0  stm32f10x_usart.o(i.USART_SendData)
    i.UsageFault_Handler                     0x08001084   Section        0  stm32f10x_it.o(i.UsageFault_Handler)
    i.WIZCHIP_READ                           0x08001088   Section        0  w5500.o(i.WIZCHIP_READ)
    i.WIZCHIP_READ_BUF                       0x080010e0   Section        0  w5500.o(i.WIZCHIP_READ_BUF)
    i.WIZCHIP_WRITE                          0x08001154   Section        0  w5500.o(i.WIZCHIP_WRITE)
    i.WIZCHIP_WRITE_BUF                      0x080011b4   Section        0  w5500.o(i.WIZCHIP_WRITE_BUF)
    i.__0printf                              0x08001224   Section        0  printfa.o(i.__0printf)
    i.__0vsprintf                            0x08001244   Section        0  printfa.o(i.__0vsprintf)
    i.__scatterload_copy                     0x08001268   Section       14  handlers.o(i.__scatterload_copy)
    i.__scatterload_null                     0x08001276   Section        2  handlers.o(i.__scatterload_null)
    i.__scatterload_zeroinit                 0x08001278   Section       14  handlers.o(i.__scatterload_zeroinit)
    i._fp_digits                             0x08001288   Section        0  printfa.o(i._fp_digits)
    _fp_digits                               0x08001289   Thumb Code   366  printfa.o(i._fp_digits)
    i._printf_core                           0x0800140c   Section        0  printfa.o(i._printf_core)
    _printf_core                             0x0800140d   Thumb Code  1744  printfa.o(i._printf_core)
    i._printf_post_padding                   0x08001ae8   Section        0  printfa.o(i._printf_post_padding)
    _printf_post_padding                     0x08001ae9   Thumb Code    36  printfa.o(i._printf_post_padding)
    i._printf_pre_padding                    0x08001b0c   Section        0  printfa.o(i._printf_pre_padding)
    _printf_pre_padding                      0x08001b0d   Thumb Code    46  printfa.o(i._printf_pre_padding)
    i._sputc                                 0x08001b3a   Section        0  printfa.o(i._sputc)
    _sputc                                   0x08001b3b   Thumb Code    10  printfa.o(i._sputc)
    i.close                                  0x08001b44   Section        0  socket.o(i.close)
    i.ctlnetwork                             0x08001bb8   Section        0  wizchip_conf.o(i.ctlnetwork)
    i.ctlwizchip                             0x08001c04   Section        0  wizchip_conf.o(i.ctlwizchip)
    i.delay_ms                               0x08001cec   Section        0  pbdata.o(i.delay_ms)
    i.fputc                                  0x08001d10   Section        0  main.o(i.fputc)
    i.ledInit                                0x08001d34   Section        0  led.o(i.ledInit)
    i.ledOff                                 0x08001d60   Section        0  led.o(i.ledOff)
    i.ledOn                                  0x08001d7c   Section        0  led.o(i.ledOn)
    i.ledStatus                              0x08001d98   Section        0  led.o(i.ledStatus)
    i.listen                                 0x08001db0   Section        0  socket.o(i.listen)
    i.main                                   0x08001e20   Section        0  main.o(i.main)
    i.net_Init                               0x08001e80   Section        0  net.o(i.net_Init)
    i.putStr                                 0x08001ec8   Section        0  usart.o(i.putStr)
    putStr                                   0x08001ec9   Thumb Code    24  usart.o(i.putStr)
    i.reg_SPI_W5500                          0x08001ee0   Section        0  spi.o(i.reg_SPI_W5500)
    i.reg_wizchip_cris_cbfunc                0x08001f18   Section        0  wizchip_conf.o(i.reg_wizchip_cris_cbfunc)
    i.reg_wizchip_cs_cbfunc                  0x08001f3c   Section        0  wizchip_conf.o(i.reg_wizchip_cs_cbfunc)
    i.reg_wizchip_spi_cbfunc                 0x08001f60   Section        0  wizchip_conf.o(i.reg_wizchip_spi_cbfunc)
    i.sendData                               0x08001f8c   Section        0  usart.o(i.sendData)
    i.server_Init                            0x08002018   Section        0  net.o(i.server_Init)
    server_Init                              0x08002019   Thumb Code    90  net.o(i.server_Init)
    i.setNetWorkDefault                      0x080020ac   Section        0  net.o(i.setNetWorkDefault)
    setNetWorkDefault                        0x080020ad   Thumb Code   240  net.o(i.setNetWorkDefault)
    i.socket                                 0x08002228   Section        0  socket.o(i.socket)
    i.spiInit                                0x08002340   Section        0  spi.o(i.spiInit)
    i.tim3Init                               0x08002418   Section        0  tim.o(i.tim3Init)
    i.usartInit                              0x08002480   Section        0  usart.o(i.usartInit)
    i.usartPrintf                            0x080025c4   Section        0  usart.o(i.usartPrintf)
    i.usartSaveData                          0x080025ec   Section        0  pbdata.o(i.usartSaveData)
    i.usartSendData                          0x0800266c   Section        0  pbdata.o(i.usartSendData)
    i.wizchip_bus_readdata                   0x080026d0   Section        0  wizchip_conf.o(i.wizchip_bus_readdata)
    i.wizchip_bus_writedata                  0x080026d4   Section        0  wizchip_conf.o(i.wizchip_bus_writedata)
    i.wizchip_clrinterrupt                   0x080026d8   Section        0  wizchip_conf.o(i.wizchip_clrinterrupt)
    i.wizchip_cris_enter                     0x080026f6   Section        0  wizchip_conf.o(i.wizchip_cris_enter)
    i.wizchip_cris_exit                      0x080026f8   Section        0  wizchip_conf.o(i.wizchip_cris_exit)
    i.wizchip_cs_deselect                    0x080026fa   Section        0  wizchip_conf.o(i.wizchip_cs_deselect)
    i.wizchip_cs_select                      0x080026fc   Section        0  wizchip_conf.o(i.wizchip_cs_select)
    i.wizchip_getinterrupt                   0x080026fe   Section        0  wizchip_conf.o(i.wizchip_getinterrupt)
    i.wizchip_getinterruptmask               0x0800271c   Section        0  wizchip_conf.o(i.wizchip_getinterruptmask)
    i.wizchip_getnetinfo                     0x08002738   Section        0  wizchip_conf.o(i.wizchip_getnetinfo)
    i.wizchip_getnetmode                     0x08002790   Section        0  wizchip_conf.o(i.wizchip_getnetmode)
    i.wizchip_gettimeout                     0x08002796   Section        0  wizchip_conf.o(i.wizchip_gettimeout)
    i.wizchip_init                           0x080027be   Section        0  wizchip_conf.o(i.wizchip_init)
    i.wizchip_setinterruptmask               0x08002838   Section        0  wizchip_conf.o(i.wizchip_setinterruptmask)
    i.wizchip_setnetinfo                     0x08002854   Section        0  wizchip_conf.o(i.wizchip_setnetinfo)
    i.wizchip_setnetmode                     0x080028ac   Section        0  wizchip_conf.o(i.wizchip_setnetmode)
    i.wizchip_settimeout                     0x080028d0   Section        0  wizchip_conf.o(i.wizchip_settimeout)
    i.wizchip_spi_readbyte                   0x080028f8   Section        0  wizchip_conf.o(i.wizchip_spi_readbyte)
    i.wizchip_spi_writebyte                  0x080028fc   Section        0  wizchip_conf.o(i.wizchip_spi_writebyte)
    i.wizchip_sw_reset                       0x080028fe   Section        0  wizchip_conf.o(i.wizchip_sw_reset)
    i.wizphy_getphyconf                      0x08002972   Section        0  wizchip_conf.o(i.wizphy_getphyconf)
    i.wizphy_getphylink                      0x080029c0   Section        0  wizchip_conf.o(i.wizphy_getphylink)
    i.wizphy_getphypmode                     0x080029d2   Section        0  wizchip_conf.o(i.wizphy_getphypmode)
    i.wizphy_reset                           0x080029ea   Section        0  wizchip_conf.o(i.wizphy_reset)
    i.wizphy_setphyconf                      0x08002a14   Section        0  wizchip_conf.o(i.wizphy_setphyconf)
    i.wizphy_setphypmode                     0x08002a5e   Section        0  wizchip_conf.o(i.wizphy_setphypmode)
    .data                                    0x20000000   Section       20  stm32f10x_rcc.o(.data)
    ADCPrescTable                            0x20000000   Data           4  stm32f10x_rcc.o(.data)
    APBAHBPrescTable                         0x20000004   Data          16  stm32f10x_rcc.o(.data)
    .data                                    0x20000014   Section        1  usart.o(.data)
    sendFlag                                 0x20000014   Data           1  usart.o(.data)
    .data                                    0x20000018   Section        4  tim.o(.data)
    count                                    0x20000018   Data           4  tim.o(.data)
    .data                                    0x2000001c   Section        4  spi.o(.data)
    .data                                    0x20000020   Section       14  socket.o(.data)
    sock_any_port                            0x20000020   Data           2  socket.o(.data)
    sock_io_mode                             0x20000022   Data           2  socket.o(.data)
    sock_is_sending                          0x20000024   Data           2  socket.o(.data)
    .data                                    0x20000030   Section       48  wizchip_conf.o(.data)
    _DHCP_                                   0x20000030   Data           1  wizchip_conf.o(.data)
    _DNS_                                    0x20000031   Data           4  wizchip_conf.o(.data)
    .data                                    0x20000060   Section        4  stdout.o(.data)
    .bss                                     0x20000064   Section    16440  pbdata.o(.bss)
    .bss                                     0x2000409c   Section      256  usart.o(.bss)
    sendBuf                                  0x2000409c   Data         256  usart.o(.bss)
    .bss                                     0x2000419c   Section     2048  spi.o(.bss)
    spiRecv                                  0x2000419c   Data        1024  spi.o(.bss)
    spiSend                                  0x2000459c   Data        1024  spi.o(.bss)
    .bss                                     0x2000499c   Section       16  socket.o(.bss)
    sock_remained_size                       0x2000499c   Data          16  socket.o(.bss)
    STACK                                    0x200049b0   Section     1024  startup_stm32f10x_hd.o(STACK)

    Global Symbols

    Symbol Name                              Value     Ov Type        Size  Object(Section)

    BuildAttributes$$THM_ISAv4$P$D$K$B$S$PE$A:L22UL41UL21$X:L11$S22US41US21$IEEE1$IW$USESV6$~STKCKD$USESV7$~SHL$OSPACE$ROPI$EBA8$MICROLIB$REQ8$PRES8$EABIv2 0x00000000   Number         0  anon$$obj.o ABSOLUTE
    __ARM_use_no_argv                        0x00000000   Number         0  main.o ABSOLUTE
    _printf_a                                0x00000000   Number         0  stubs.o ABSOLUTE
    _printf_c                                0x00000000   Number         0  stubs.o ABSOLUTE
    _printf_charcount                        0x00000000   Number         0  stubs.o ABSOLUTE
    _printf_d                                0x00000000   Number         0  stubs.o ABSOLUTE
    _printf_e                                0x00000000   Number         0  stubs.o ABSOLUTE
    _printf_f                                0x00000000   Number         0  stubs.o ABSOLUTE
    _printf_flags                            0x00000000   Number         0  stubs.o ABSOLUTE
    _printf_fp_dec                           0x00000000   Number         0  stubs.o ABSOLUTE
    _printf_fp_hex                           0x00000000   Number         0  stubs.o ABSOLUTE
    _printf_g                                0x00000000   Number         0  stubs.o ABSOLUTE
    _printf_i                                0x00000000   Number         0  stubs.o ABSOLUTE
    _printf_int_dec                          0x00000000   Number         0  stubs.o ABSOLUTE
    _printf_l                                0x00000000   Number         0  stubs.o ABSOLUTE
    _printf_lc                               0x00000000   Number         0  stubs.o ABSOLUTE
    _printf_ll                               0x00000000   Number         0  stubs.o ABSOLUTE
    _printf_lld                              0x00000000   Number         0  stubs.o ABSOLUTE
    _printf_lli                              0x00000000   Number         0  stubs.o ABSOLUTE
    _printf_llo                              0x00000000   Number         0  stubs.o ABSOLUTE
    _printf_llu                              0x00000000   Number         0  stubs.o ABSOLUTE
    _printf_llx                              0x00000000   Number         0  stubs.o ABSOLUTE
    _printf_longlong_dec                     0x00000000   Number         0  stubs.o ABSOLUTE
    _printf_longlong_hex                     0x00000000   Number         0  stubs.o ABSOLUTE
    _printf_longlong_oct                     0x00000000   Number         0  stubs.o ABSOLUTE
    _printf_ls                               0x00000000   Number         0  stubs.o ABSOLUTE
    _printf_mbtowc                           0x00000000   Number         0  stubs.o ABSOLUTE
    _printf_n                                0x00000000   Number         0  stubs.o ABSOLUTE
    _printf_o                                0x00000000   Number         0  stubs.o ABSOLUTE
    _printf_p                                0x00000000   Number         0  stubs.o ABSOLUTE
    _printf_percent                          0x00000000   Number         0  stubs.o ABSOLUTE
    _printf_pre_padding                      0x00000000   Number         0  stubs.o ABSOLUTE
    _printf_return_value                     0x00000000   Number         0  stubs.o ABSOLUTE
    _printf_s                                0x00000000   Number         0  stubs.o ABSOLUTE
    _printf_sizespec                         0x00000000   Number         0  stubs.o ABSOLUTE
    _printf_str                              0x00000000   Number         0  stubs.o ABSOLUTE
    _printf_truncate_signed                  0x00000000   Number         0  stubs.o ABSOLUTE
    _printf_truncate_unsigned                0x00000000   Number         0  stubs.o ABSOLUTE
    _printf_u                                0x00000000   Number         0  stubs.o ABSOLUTE
    _printf_wc                               0x00000000   Number         0  stubs.o ABSOLUTE
    _printf_wctomb                           0x00000000   Number         0  stubs.o ABSOLUTE
    _printf_widthprec                        0x00000000   Number         0  stubs.o ABSOLUTE
    _printf_x                                0x00000000   Number         0  stubs.o ABSOLUTE
    __cpp_initialize__aeabi_                  - Undefined Weak Reference
    __cxa_finalize                            - Undefined Weak Reference
    __decompress                              - Undefined Weak Reference
    _clock_init                               - Undefined Weak Reference
    _microlib_exit                            - Undefined Weak Reference
    __Vectors_Size                           0x00000130   Number         0  startup_stm32f10x_hd.o ABSOLUTE
    __Vectors                                0x08000000   Data           4  startup_stm32f10x_hd.o(RESET)
    __Vectors_End                            0x08000130   Data           0  startup_stm32f10x_hd.o(RESET)
    __main                                   0x08000131   Thumb Code     0  entry.o(.ARM.Collect$$$$00000000)
    _main_stk                                0x08000131   Thumb Code     0  entry2.o(.ARM.Collect$$$$00000001)
    _main_scatterload                        0x08000135   Thumb Code     0  entry5.o(.ARM.Collect$$$$00000004)
    __main_after_scatterload                 0x08000139   Thumb Code     0  entry5.o(.ARM.Collect$$$$00000004)
    _main_clock                              0x08000139   Thumb Code     0  entry7b.o(.ARM.Collect$$$$00000008)
    _main_cpp_init                           0x08000139   Thumb Code     0  entry8b.o(.ARM.Collect$$$$0000000A)
    _main_init                               0x08000139   Thumb Code     0  entry9a.o(.ARM.Collect$$$$0000000B)
    __rt_final_cpp                           0x08000141   Thumb Code     0  entry10a.o(.ARM.Collect$$$$0000000D)
    __rt_final_exit                          0x08000141   Thumb Code     0  entry11a.o(.ARM.Collect$$$$0000000F)
    Reset_Handler                            0x08000145   Thumb Code     8  startup_stm32f10x_hd.o(.text)
    ADC1_2_IRQHandler                        0x0800015f   Thumb Code     0  startup_stm32f10x_hd.o(.text)
    ADC3_IRQHandler                          0x0800015f   Thumb Code     0  startup_stm32f10x_hd.o(.text)
    CAN1_RX1_IRQHandler                      0x0800015f   Thumb Code     0  startup_stm32f10x_hd.o(.text)
    CAN1_SCE_IRQHandler                      0x0800015f   Thumb Code     0  startup_stm32f10x_hd.o(.text)
    DMA1_Channel1_IRQHandler                 0x0800015f   Thumb Code     0  startup_stm32f10x_hd.o(.text)
    DMA1_Channel2_IRQHandler                 0x0800015f   Thumb Code     0  startup_stm32f10x_hd.o(.text)
    DMA1_Channel3_IRQHandler                 0x0800015f   Thumb Code     0  startup_stm32f10x_hd.o(.text)
    DMA1_Channel5_IRQHandler                 0x0800015f   Thumb Code     0  startup_stm32f10x_hd.o(.text)
    DMA1_Channel6_IRQHandler                 0x0800015f   Thumb Code     0  startup_stm32f10x_hd.o(.text)
    DMA1_Channel7_IRQHandler                 0x0800015f   Thumb Code     0  startup_stm32f10x_hd.o(.text)
    DMA2_Channel1_IRQHandler                 0x0800015f   Thumb Code     0  startup_stm32f10x_hd.o(.text)
    DMA2_Channel2_IRQHandler                 0x0800015f   Thumb Code     0  startup_stm32f10x_hd.o(.text)
    DMA2_Channel3_IRQHandler                 0x0800015f   Thumb Code     0  startup_stm32f10x_hd.o(.text)
    DMA2_Channel4_5_IRQHandler               0x0800015f   Thumb Code     0  startup_stm32f10x_hd.o(.text)
    EXTI0_IRQHandler                         0x0800015f   Thumb Code     0  startup_stm32f10x_hd.o(.text)
    EXTI15_10_IRQHandler                     0x0800015f   Thumb Code     0  startup_stm32f10x_hd.o(.text)
    EXTI4_IRQHandler                         0x0800015f   Thumb Code     0  startup_stm32f10x_hd.o(.text)
    FLASH_IRQHandler                         0x0800015f   Thumb Code     0  startup_stm32f10x_hd.o(.text)
    FSMC_IRQHandler                          0x0800015f   Thumb Code     0  startup_stm32f10x_hd.o(.text)
    I2C1_ER_IRQHandler                       0x0800015f   Thumb Code     0  startup_stm32f10x_hd.o(.text)
    I2C1_EV_IRQHandler                       0x0800015f   Thumb Code     0  startup_stm32f10x_hd.o(.text)
    I2C2_ER_IRQHandler                       0x0800015f   Thumb Code     0  startup_stm32f10x_hd.o(.text)
    I2C2_EV_IRQHandler                       0x0800015f   Thumb Code     0  startup_stm32f10x_hd.o(.text)
    PVD_IRQHandler                           0x0800015f   Thumb Code     0  startup_stm32f10x_hd.o(.text)
    RCC_IRQHandler                           0x0800015f   Thumb Code     0  startup_stm32f10x_hd.o(.text)
    RTCAlarm_IRQHandler                      0x0800015f   Thumb Code     0  startup_stm32f10x_hd.o(.text)
    RTC_IRQHandler                           0x0800015f   Thumb Code     0  startup_stm32f10x_hd.o(.text)
    SDIO_IRQHandler                          0x0800015f   Thumb Code     0  startup_stm32f10x_hd.o(.text)
    SPI2_IRQHandler                          0x0800015f   Thumb Code     0  startup_stm32f10x_hd.o(.text)
    SPI3_IRQHandler                          0x0800015f   Thumb Code     0  startup_stm32f10x_hd.o(.text)
    TAMPER_IRQHandler                        0x0800015f   Thumb Code     0  startup_stm32f10x_hd.o(.text)
    TIM1_BRK_IRQHandler                      0x0800015f   Thumb Code     0  startup_stm32f10x_hd.o(.text)
    TIM1_CC_IRQHandler                       0x0800015f   Thumb Code     0  startup_stm32f10x_hd.o(.text)
    TIM1_TRG_COM_IRQHandler                  0x0800015f   Thumb Code     0  startup_stm32f10x_hd.o(.text)
    TIM1_UP_IRQHandler                       0x0800015f   Thumb Code     0  startup_stm32f10x_hd.o(.text)
    TIM2_IRQHandler                          0x0800015f   Thumb Code     0  startup_stm32f10x_hd.o(.text)
    TIM4_IRQHandler                          0x0800015f   Thumb Code     0  startup_stm32f10x_hd.o(.text)
    TIM5_IRQHandler                          0x0800015f   Thumb Code     0  startup_stm32f10x_hd.o(.text)
    TIM6_IRQHandler                          0x0800015f   Thumb Code     0  startup_stm32f10x_hd.o(.text)
    TIM7_IRQHandler                          0x0800015f   Thumb Code     0  startup_stm32f10x_hd.o(.text)
    TIM8_BRK_IRQHandler                      0x0800015f   Thumb Code     0  startup_stm32f10x_hd.o(.text)
    TIM8_CC_IRQHandler                       0x0800015f   Thumb Code     0  startup_stm32f10x_hd.o(.text)
    TIM8_TRG_COM_IRQHandler                  0x0800015f   Thumb Code     0  startup_stm32f10x_hd.o(.text)
    TIM8_UP_IRQHandler                       0x0800015f   Thumb Code     0  startup_stm32f10x_hd.o(.text)
    UART4_IRQHandler                         0x0800015f   Thumb Code     0  startup_stm32f10x_hd.o(.text)
    UART5_IRQHandler                         0x0800015f   Thumb Code     0  startup_stm32f10x_hd.o(.text)
    USART2_IRQHandler                        0x0800015f   Thumb Code     0  startup_stm32f10x_hd.o(.text)
    USART3_IRQHandler                        0x0800015f   Thumb Code     0  startup_stm32f10x_hd.o(.text)
    USBWakeUp_IRQHandler                     0x0800015f   Thumb Code     0  startup_stm32f10x_hd.o(.text)
    USB_HP_CAN1_TX_IRQHandler                0x0800015f   Thumb Code     0  startup_stm32f10x_hd.o(.text)
    USB_LP_CAN1_RX0_IRQHandler               0x0800015f   Thumb Code     0  startup_stm32f10x_hd.o(.text)
    WWDG_IRQHandler                          0x0800015f   Thumb Code     0  startup_stm32f10x_hd.o(.text)
    __aeabi_memset                           0x08000169   Thumb Code    14  memseta.o(.text)
    __aeabi_memset4                          0x08000169   Thumb Code     0  memseta.o(.text)
    __aeabi_memset8                          0x08000169   Thumb Code     0  memseta.o(.text)
    __aeabi_memclr                           0x08000177   Thumb Code     4  memseta.o(.text)
    __aeabi_memclr4                          0x08000177   Thumb Code     0  memseta.o(.text)
    __aeabi_memclr8                          0x08000177   Thumb Code     0  memseta.o(.text)
    _memset$wrapper                          0x0800017b   Thumb Code    18  memseta.o(.text)
    strncpy                                  0x0800018d   Thumb Code    24  strncpy.o(.text)
    strlen                                   0x080001a5   Thumb Code    14  strlen.o(.text)
    __aeabi_uidiv                            0x080001b3   Thumb Code     0  uidiv.o(.text)
    __aeabi_uidivmod                         0x080001b3   Thumb Code    44  uidiv.o(.text)
    __aeabi_uldivmod                         0x080001df   Thumb Code    98  uldiv.o(.text)
    __I$use$fp                               0x08000241   Thumb Code     0  iusefp.o(.text)
    __aeabi_dadd                             0x08000241   Thumb Code   322  dadd.o(.text)
    __aeabi_dsub                             0x08000383   Thumb Code     6  dadd.o(.text)
    __aeabi_drsub                            0x08000389   Thumb Code     6  dadd.o(.text)
    __aeabi_dmul                             0x0800038f   Thumb Code   228  dmul.o(.text)
    __aeabi_ddiv                             0x08000473   Thumb Code   222  ddiv.o(.text)
    __aeabi_d2ulz                            0x08000551   Thumb Code    48  dfixul.o(.text)
    __aeabi_cdrcmple                         0x08000581   Thumb Code    48  cdrcmple.o(.text)
    __scatterload                            0x080005b1   Thumb Code    28  init.o(.text)
    __scatterload_rt2                        0x080005b1   Thumb Code     0  init.o(.text)
    __aeabi_llsl                             0x080005d5   Thumb Code    30  llshl.o(.text)
    _ll_shift_l                              0x080005d5   Thumb Code     0  llshl.o(.text)
    __aeabi_llsr                             0x080005f3   Thumb Code    32  llushr.o(.text)
    _ll_ushift_r                             0x080005f3   Thumb Code     0  llushr.o(.text)
    __aeabi_lasr                             0x08000613   Thumb Code    36  llsshr.o(.text)
    _ll_sshift_r                             0x08000613   Thumb Code     0  llsshr.o(.text)
    _double_round                            0x08000637   Thumb Code    30  depilogue.o(.text)
    _double_epilogue                         0x08000655   Thumb Code   156  depilogue.o(.text)
    BusFault_Handler                         0x080006f1   Thumb Code     2  stm32f10x_it.o(i.BusFault_Handler)
    DMA1_Channel4_IRQHandler                 0x080006f5   Thumb Code    30  usart.o(i.DMA1_Channel4_IRQHandler)
    DMA_ClearFlag                            0x0800071d   Thumb Code    16  stm32f10x_dma.o(i.DMA_ClearFlag)
    DMA_Cmd                                  0x08000735   Thumb Code    22  stm32f10x_dma.o(i.DMA_Cmd)
    DMA_DeInit                               0x0800074d   Thumb Code   218  stm32f10x_dma.o(i.DMA_DeInit)
    DMA_ITConfig                             0x08000831   Thumb Code    16  stm32f10x_dma.o(i.DMA_ITConfig)
    DMA_Init                                 0x08000841   Thumb Code    58  stm32f10x_dma.o(i.DMA_Init)
    DMA_SetCurrDataCounter                   0x0800087b   Thumb Code     4  stm32f10x_dma.o(i.DMA_SetCurrDataCounter)
    DebugMon_Handler                         0x0800087f   Thumb Code     2  stm32f10x_it.o(i.DebugMon_Handler)
    EXTI1_IRQHandler                         0x08000881   Thumb Code     2  stm32f10x_it.o(i.EXTI1_IRQHandler)
    EXTI2_IRQHandler                         0x08000883   Thumb Code     2  stm32f10x_it.o(i.EXTI2_IRQHandler)
    EXTI3_IRQHandler                         0x08000885   Thumb Code     2  stm32f10x_it.o(i.EXTI3_IRQHandler)
    EXTI9_5_IRQHandler                       0x08000889   Thumb Code    68  stm32f10x_it.o(i.EXTI9_5_IRQHandler)
    EXTI_ClearITPendingBit                   0x080008d5   Thumb Code     6  stm32f10x_exti.o(i.EXTI_ClearITPendingBit)
    EXTI_GetITStatus                         0x080008e1   Thumb Code    28  stm32f10x_exti.o(i.EXTI_GetITStatus)
    GPIO_Init                                0x08000901   Thumb Code   162  stm32f10x_gpio.o(i.GPIO_Init)
    GPIO_ReadInputDataBit                    0x080009a3   Thumb Code    14  stm32f10x_gpio.o(i.GPIO_ReadInputDataBit)
    GPIO_ReadOutputDataBit                   0x080009b1   Thumb Code    14  stm32f10x_gpio.o(i.GPIO_ReadOutputDataBit)
    GPIO_ResetBits                           0x080009bf   Thumb Code     4  stm32f10x_gpio.o(i.GPIO_ResetBits)
    GPIO_SetBits                             0x080009c3   Thumb Code     4  stm32f10x_gpio.o(i.GPIO_SetBits)
    HardFault_Handler                        0x080009c7   Thumb Code     2  stm32f10x_it.o(i.HardFault_Handler)
    MemManage_Handler                        0x080009c9   Thumb Code     2  stm32f10x_it.o(i.MemManage_Handler)
    NMI_Handler                              0x080009cb   Thumb Code     2  stm32f10x_it.o(i.NMI_Handler)
    NVIC_Init                                0x080009cd   Thumb Code    94  misc.o(i.NVIC_Init)
    NVIC_PriorityGroupConfig                 0x08000a31   Thumb Code    10  misc.o(i.NVIC_PriorityGroupConfig)
    PendSV_Handler                           0x08000a45   Thumb Code     2  stm32f10x_it.o(i.PendSV_Handler)
    RCC_AHBPeriphClockCmd                    0x08000a49   Thumb Code    18  stm32f10x_rcc.o(i.RCC_AHBPeriphClockCmd)
    RCC_APB1PeriphClockCmd                   0x08000a61   Thumb Code    18  stm32f10x_rcc.o(i.RCC_APB1PeriphClockCmd)
    RCC_APB2PeriphClockCmd                   0x08000a79   Thumb Code    18  stm32f10x_rcc.o(i.RCC_APB2PeriphClockCmd)
    RCC_GetClocksFreq                        0x08000a91   Thumb Code   140  stm32f10x_rcc.o(i.RCC_GetClocksFreq)
    SPI1_IRQHandler                          0x08000b35   Thumb Code   122  spi.o(i.SPI1_IRQHandler)
    SPI_CS_Deselect                          0x08000bd1   Thumb Code     8  spi.o(i.SPI_CS_Deselect)
    SPI_CS_Select                            0x08000bdd   Thumb Code     8  spi.o(i.SPI_CS_Select)
    SPI_Cmd                                  0x08000be9   Thumb Code    20  stm32f10x_spi.o(i.SPI_Cmd)
    SPI_CrisEnter                            0x08000bfd   Thumb Code     8  spi.o(i.SPI_CrisEnter)
    SPI_CrisExit                             0x08000c05   Thumb Code     8  spi.o(i.SPI_CrisExit)
    SPI_I2S_GetFlagStatus                    0x08000c0d   Thumb Code    14  stm32f10x_spi.o(i.SPI_I2S_GetFlagStatus)
    SPI_I2S_ITConfig                         0x08000c1b   Thumb Code    24  stm32f10x_spi.o(i.SPI_I2S_ITConfig)
    SPI_I2S_ReceiveData                      0x08000c33   Thumb Code     4  stm32f10x_spi.o(i.SPI_I2S_ReceiveData)
    SPI_I2S_SendData                         0x08000c37   Thumb Code     4  stm32f10x_spi.o(i.SPI_I2S_SendData)
    SPI_Init                                 0x08000c3b   Thumb Code    56  stm32f10x_spi.o(i.SPI_Init)
    SPI_ReadByte                             0x08000c75   Thumb Code    46  spi.o(i.SPI_ReadByte)
    SPI_WriteByte                            0x08000ca9   Thumb Code    48  spi.o(i.SPI_WriteByte)
    SVC_Handler                              0x08000cdd   Thumb Code     2  stm32f10x_it.o(i.SVC_Handler)
    SysTick_Handler                          0x08000d89   Thumb Code     2  stm32f10x_it.o(i.SysTick_Handler)
    SystemInit                               0x08000d8d   Thumb Code    64  system_stm32f10x.o(i.SystemInit)
    TIM3_IRQHandler                          0x08000ddd   Thumb Code    72  tim.o(i.TIM3_IRQHandler)
    TIM_ClearITPendingBit                    0x08000e31   Thumb Code     6  stm32f10x_tim.o(i.TIM_ClearITPendingBit)
    TIM_Cmd                                  0x08000e37   Thumb Code    20  stm32f10x_tim.o(i.TIM_Cmd)
    TIM_ITConfig                             0x08000e4b   Thumb Code    16  stm32f10x_tim.o(i.TIM_ITConfig)
    TIM_TimeBaseInit                         0x08000e5d   Thumb Code   114  stm32f10x_tim.o(i.TIM_TimeBaseInit)
    USART1_IRQHandler                        0x08000ef9   Thumb Code    36  usart.o(i.USART1_IRQHandler)
    USART_ClearFlag                          0x08000f21   Thumb Code     6  stm32f10x_usart.o(i.USART_ClearFlag)
    USART_Cmd                                0x08000f27   Thumb Code    20  stm32f10x_usart.o(i.USART_Cmd)
    USART_DMACmd                             0x08000f3b   Thumb Code    16  stm32f10x_usart.o(i.USART_DMACmd)
    USART_GetFlagStatus                      0x08000f4b   Thumb Code    14  stm32f10x_usart.o(i.USART_GetFlagStatus)
    USART_GetITStatus                        0x08000f59   Thumb Code    62  stm32f10x_usart.o(i.USART_GetITStatus)
    USART_ITConfig                           0x08000f97   Thumb Code    48  stm32f10x_usart.o(i.USART_ITConfig)
    USART_Init                               0x08000fc9   Thumb Code   166  stm32f10x_usart.o(i.USART_Init)
    USART_ReceiveData                        0x08001075   Thumb Code     8  stm32f10x_usart.o(i.USART_ReceiveData)
    USART_SendData                           0x0800107d   Thumb Code     8  stm32f10x_usart.o(i.USART_SendData)
    UsageFault_Handler                       0x08001085   Thumb Code     2  stm32f10x_it.o(i.UsageFault_Handler)
    WIZCHIP_READ                             0x08001089   Thumb Code    84  w5500.o(i.WIZCHIP_READ)
    WIZCHIP_READ_BUF                         0x080010e1   Thumb Code   112  w5500.o(i.WIZCHIP_READ_BUF)
    WIZCHIP_WRITE                            0x08001155   Thumb Code    90  w5500.o(i.WIZCHIP_WRITE)
    WIZCHIP_WRITE_BUF                        0x080011b5   Thumb Code   108  w5500.o(i.WIZCHIP_WRITE_BUF)
    __0printf                                0x08001225   Thumb Code    22  printfa.o(i.__0printf)
    __1printf                                0x08001225   Thumb Code     0  printfa.o(i.__0printf)
    __2printf                                0x08001225   Thumb Code     0  printfa.o(i.__0printf)
    __c89printf                              0x08001225   Thumb Code     0  printfa.o(i.__0printf)
    printf                                   0x08001225   Thumb Code     0  printfa.o(i.__0printf)
    __0vsprintf                              0x08001245   Thumb Code    30  printfa.o(i.__0vsprintf)
    __1vsprintf                              0x08001245   Thumb Code     0  printfa.o(i.__0vsprintf)
    __2vsprintf                              0x08001245   Thumb Code     0  printfa.o(i.__0vsprintf)
    __c89vsprintf                            0x08001245   Thumb Code     0  printfa.o(i.__0vsprintf)
    vsprintf                                 0x08001245   Thumb Code     0  printfa.o(i.__0vsprintf)
    __scatterload_copy                       0x08001269   Thumb Code    14  handlers.o(i.__scatterload_copy)
    __scatterload_null                       0x08001277   Thumb Code     2  handlers.o(i.__scatterload_null)
    __scatterload_zeroinit                   0x08001279   Thumb Code    14  handlers.o(i.__scatterload_zeroinit)
    close                                    0x08001b45   Thumb Code   108  socket.o(i.close)
    ctlnetwork                               0x08001bb9   Thumb Code    76  wizchip_conf.o(i.ctlnetwork)
    ctlwizchip                               0x08001c05   Thumb Code   226  wizchip_conf.o(i.ctlwizchip)
    delay_ms                                 0x08001ced   Thumb Code    36  pbdata.o(i.delay_ms)
    fputc                                    0x08001d11   Thumb Code    30  main.o(i.fputc)
    ledInit                                  0x08001d35   Thumb Code    38  led.o(i.ledInit)
    ledOff                                   0x08001d61   Thumb Code    24  led.o(i.ledOff)
    ledOn                                    0x08001d7d   Thumb Code    24  led.o(i.ledOn)
    ledStatus                                0x08001d99   Thumb Code    18  led.o(i.ledStatus)
    listen                                   0x08001db1   Thumb Code   112  socket.o(i.listen)
    main                                     0x08001e21   Thumb Code    80  main.o(i.main)
    net_Init                                 0x08001e81   Thumb Code    72  net.o(i.net_Init)
    reg_SPI_W5500                            0x08001ee1   Thumb Code    30  spi.o(i.reg_SPI_W5500)
    reg_wizchip_cris_cbfunc                  0x08001f19   Thumb Code    22  wizchip_conf.o(i.reg_wizchip_cris_cbfunc)
    reg_wizchip_cs_cbfunc                    0x08001f3d   Thumb Code    22  wizchip_conf.o(i.reg_wizchip_cs_cbfunc)
    reg_wizchip_spi_cbfunc                   0x08001f61   Thumb Code    30  wizchip_conf.o(i.reg_wizchip_spi_cbfunc)
    sendData                                 0x08001f8d   Thumb Code   124  usart.o(i.sendData)
    socket                                   0x08002229   Thumb Code   272  socket.o(i.socket)
    spiInit                                  0x08002341   Thumb Code   206  spi.o(i.spiInit)
    tim3Init                                 0x08002419   Thumb Code   100  tim.o(i.tim3Init)
    usartInit                                0x08002481   Thumb Code   300  usart.o(i.usartInit)
    usartPrintf                              0x080025c5   Thumb Code    34  usart.o(i.usartPrintf)
    usartSaveData                            0x080025ed   Thumb Code   100  pbdata.o(i.usartSaveData)
    usartSendData                            0x0800266d   Thumb Code    76  pbdata.o(i.usartSendData)
    wizchip_bus_readdata                     0x080026d1   Thumb Code     4  wizchip_conf.o(i.wizchip_bus_readdata)
    wizchip_bus_writedata                    0x080026d5   Thumb Code     4  wizchip_conf.o(i.wizchip_bus_writedata)
    wizchip_clrinterrupt                     0x080026d9   Thumb Code    30  wizchip_conf.o(i.wizchip_clrinterrupt)
    wizchip_cris_enter                       0x080026f7   Thumb Code     2  wizchip_conf.o(i.wizchip_cris_enter)
    wizchip_cris_exit                        0x080026f9   Thumb Code     2  wizchip_conf.o(i.wizchip_cris_exit)
    wizchip_cs_deselect                      0x080026fb   Thumb Code     2  wizchip_conf.o(i.wizchip_cs_deselect)
    wizchip_cs_select                        0x080026fd   Thumb Code     2  wizchip_conf.o(i.wizchip_cs_select)
    wizchip_getinterrupt                     0x080026ff   Thumb Code    30  wizchip_conf.o(i.wizchip_getinterrupt)
    wizchip_getinterruptmask                 0x0800271d   Thumb Code    28  wizchip_conf.o(i.wizchip_getinterruptmask)
    wizchip_getnetinfo                       0x08002739   Thumb Code    82  wizchip_conf.o(i.wizchip_getnetinfo)
    wizchip_getnetmode                       0x08002791   Thumb Code     6  wizchip_conf.o(i.wizchip_getnetmode)
    wizchip_gettimeout                       0x08002797   Thumb Code    40  wizchip_conf.o(i.wizchip_gettimeout)
    wizchip_init                             0x080027bf   Thumb Code   122  wizchip_conf.o(i.wizchip_init)
    wizchip_setinterruptmask                 0x08002839   Thumb Code    28  wizchip_conf.o(i.wizchip_setinterruptmask)
    wizchip_setnetinfo                       0x08002855   Thumb Code    82  wizchip_conf.o(i.wizchip_setnetinfo)
    wizchip_setnetmode                       0x080028ad   Thumb Code    36  wizchip_conf.o(i.wizchip_setnetmode)
    wizchip_settimeout                       0x080028d1   Thumb Code    40  wizchip_conf.o(i.wizchip_settimeout)
    wizchip_spi_readbyte                     0x080028f9   Thumb Code     4  wizchip_conf.o(i.wizchip_spi_readbyte)
    wizchip_spi_writebyte                    0x080028fd   Thumb Code     2  wizchip_conf.o(i.wizchip_spi_writebyte)
    wizchip_sw_reset                         0x080028ff   Thumb Code   116  wizchip_conf.o(i.wizchip_sw_reset)
    wizphy_getphyconf                        0x08002973   Thumb Code    78  wizchip_conf.o(i.wizphy_getphyconf)
    wizphy_getphylink                        0x080029c1   Thumb Code    18  wizchip_conf.o(i.wizphy_getphylink)
    wizphy_getphypmode                       0x080029d3   Thumb Code    24  wizchip_conf.o(i.wizphy_getphypmode)
    wizphy_reset                             0x080029eb   Thumb Code    42  wizchip_conf.o(i.wizphy_reset)
    wizphy_setphyconf                        0x08002a15   Thumb Code    74  wizchip_conf.o(i.wizphy_setphyconf)
    wizphy_setphypmode                       0x08002a5f   Thumb Code    80  wizchip_conf.o(i.wizphy_setphypmode)
    Region$$Table$$Base                      0x08002ab0   Number         0  anon$$obj.o(Region$$Table)
    Region$$Table$$Limit                     0x08002ad0   Number         0  anon$$obj.o(Region$$Table)
    recvCount                                0x2000001c   Data           2  spi.o(.data)
    sendCount                                0x2000001e   Data           2  spi.o(.data)
    sock_pack_info                           0x20000026   Data           8  socket.o(.data)
    WIZCHIP                                  0x20000038   Data          40  wizchip_conf.o(.data)
    __stdout                                 0x20000060   Data           4  stdout.o(.data)
    usart_recvData                           0x20000064   Data        4116  pbdata.o(.bss)
    usart_sendData                           0x20001078   Data        4116  pbdata.o(.bss)
    socket_recvData                          0x2000208c   Data        4104  pbdata.o(.bss)
    socket_sendData                          0x20003094   Data        4104  pbdata.o(.bss)
    __initial_sp                             0x20004db0   Data           0  startup_stm32f10x_hd.o(STACK)



==============================================================================

Memory Map of the image

  Image Entry point : 0x08000131

  Load Region LR_IROM1 (Base: 0x08000000, Size: 0x00002b34, Max: 0x00010000, ABSOLUTE)

    Execution Region ER_IROM1 (Exec base: 0x08000000, Load base: 0x08000000, Size: 0x00002ad0, Max: 0x00010000, ABSOLUTE)

    Exec Addr    Load Addr    Size         Type   Attr      Idx    E Section Name        Object

    0x08000000   0x08000000   0x00000130   Data   RO            3    RESET               startup_stm32f10x_hd.o
    0x08000130   0x08000130   0x00000000   Code   RO         2714  * .ARM.Collect$$$$00000000  mc_w.l(entry.o)
    0x08000130   0x08000130   0x00000004   Code   RO         2986    .ARM.Collect$$$$00000001  mc_w.l(entry2.o)
    0x08000134   0x08000134   0x00000004   Code   RO         2989    .ARM.Collect$$$$00000004  mc_w.l(entry5.o)
    0x08000138   0x08000138   0x00000000   Code   RO         2991    .ARM.Collect$$$$00000008  mc_w.l(entry7b.o)
    0x08000138   0x08000138   0x00000000   Code   RO         2993    .ARM.Collect$$$$0000000A  mc_w.l(entry8b.o)
    0x08000138   0x08000138   0x00000008   Code   RO         2994    .ARM.Collect$$$$0000000B  mc_w.l(entry9a.o)
    0x08000140   0x08000140   0x00000000   Code   RO         2996    .ARM.Collect$$$$0000000D  mc_w.l(entry10a.o)
    0x08000140   0x08000140   0x00000000   Code   RO         2998    .ARM.Collect$$$$0000000F  mc_w.l(entry11a.o)
    0x08000140   0x08000140   0x00000004   Code   RO         2987    .ARM.Collect$$$$00002712  mc_w.l(entry2.o)
    0x08000144   0x08000144   0x00000024   Code   RO            4    .text               startup_stm32f10x_hd.o
    0x08000168   0x08000168   0x00000024   Code   RO         2717    .text               mc_w.l(memseta.o)
    0x0800018c   0x0800018c   0x00000018   Code   RO         2719    .text               mc_w.l(strncpy.o)
    0x080001a4   0x080001a4   0x0000000e   Code   RO         2721    .text               mc_w.l(strlen.o)
    0x080001b2   0x080001b2   0x0000002c   Code   RO         3001    .text               mc_w.l(uidiv.o)
    0x080001de   0x080001de   0x00000062   Code   RO         3003    .text               mc_w.l(uldiv.o)
    0x08000240   0x08000240   0x00000000   Code   RO         3005    .text               mc_w.l(iusefp.o)
    0x08000240   0x08000240   0x0000014e   Code   RO         3006    .text               mf_w.l(dadd.o)
    0x0800038e   0x0800038e   0x000000e4   Code   RO         3008    .text               mf_w.l(dmul.o)
    0x08000472   0x08000472   0x000000de   Code   RO         3010    .text               mf_w.l(ddiv.o)
    0x08000550   0x08000550   0x00000030   Code   RO         3012    .text               mf_w.l(dfixul.o)
    0x08000580   0x08000580   0x00000030   Code   RO         3014    .text               mf_w.l(cdrcmple.o)
    0x080005b0   0x080005b0   0x00000024   Code   RO         3016    .text               mc_w.l(init.o)
    0x080005d4   0x080005d4   0x0000001e   Code   RO         3018    .text               mc_w.l(llshl.o)
    0x080005f2   0x080005f2   0x00000020   Code   RO         3020    .text               mc_w.l(llushr.o)
    0x08000612   0x08000612   0x00000024   Code   RO         3022    .text               mc_w.l(llsshr.o)
    0x08000636   0x08000636   0x000000ba   Code   RO         3024    .text               mf_w.l(depilogue.o)
    0x080006f0   0x080006f0   0x00000002   Code   RO         1874    i.BusFault_Handler  stm32f10x_it.o
    0x080006f2   0x080006f2   0x00000002   PAD
    0x080006f4   0x080006f4   0x00000028   Code   RO         2089    i.DMA1_Channel4_IRQHandler  usart.o
    0x0800071c   0x0800071c   0x00000018   Code   RO         1721    i.DMA_ClearFlag     stm32f10x_dma.o
    0x08000734   0x08000734   0x00000016   Code   RO         1723    i.DMA_Cmd           stm32f10x_dma.o
    0x0800074a   0x0800074a   0x00000002   PAD
    0x0800074c   0x0800074c   0x000000e4   Code   RO         1724    i.DMA_DeInit        stm32f10x_dma.o
    0x08000830   0x08000830   0x00000010   Code   RO         1728    i.DMA_ITConfig      stm32f10x_dma.o
    0x08000840   0x08000840   0x0000003a   Code   RO         1729    i.DMA_Init          stm32f10x_dma.o
    0x0800087a   0x0800087a   0x00000004   Code   RO         1730    i.DMA_SetCurrDataCounter  stm32f10x_dma.o
    0x0800087e   0x0800087e   0x00000002   Code   RO         1875    i.DebugMon_Handler  stm32f10x_it.o
    0x08000880   0x08000880   0x00000002   Code   RO         1876    i.EXTI1_IRQHandler  stm32f10x_it.o
    0x08000882   0x08000882   0x00000002   Code   RO         1877    i.EXTI2_IRQHandler  stm32f10x_it.o
    0x08000884   0x08000884   0x00000002   Code   RO         1878    i.EXTI3_IRQHandler  stm32f10x_it.o
    0x08000886   0x08000886   0x00000002   PAD
    0x08000888   0x08000888   0x0000004c   Code   RO         1879    i.EXTI9_5_IRQHandler  stm32f10x_it.o
    0x080008d4   0x080008d4   0x0000000c   Code   RO         1153    i.EXTI_ClearITPendingBit  stm32f10x_exti.o
    0x080008e0   0x080008e0   0x00000020   Code   RO         1157    i.EXTI_GetITStatus  stm32f10x_exti.o
    0x08000900   0x08000900   0x000000a2   Code   RO          844    i.GPIO_Init         stm32f10x_gpio.o
    0x080009a2   0x080009a2   0x0000000e   Code   RO          848    i.GPIO_ReadInputDataBit  stm32f10x_gpio.o
    0x080009b0   0x080009b0   0x0000000e   Code   RO          850    i.GPIO_ReadOutputDataBit  stm32f10x_gpio.o
    0x080009be   0x080009be   0x00000004   Code   RO          851    i.GPIO_ResetBits    stm32f10x_gpio.o
    0x080009c2   0x080009c2   0x00000004   Code   RO          852    i.GPIO_SetBits      stm32f10x_gpio.o
    0x080009c6   0x080009c6   0x00000002   Code   RO         1880    i.HardFault_Handler  stm32f10x_it.o
    0x080009c8   0x080009c8   0x00000002   Code   RO         1881    i.MemManage_Handler  stm32f10x_it.o
    0x080009ca   0x080009ca   0x00000002   Code   RO         1882    i.NMI_Handler       stm32f10x_it.o
    0x080009cc   0x080009cc   0x00000064   Code   RO           69    i.NVIC_Init         misc.o
    0x08000a30   0x08000a30   0x00000014   Code   RO           70    i.NVIC_PriorityGroupConfig  misc.o
    0x08000a44   0x08000a44   0x00000002   Code   RO         1883    i.PendSV_Handler    stm32f10x_it.o
    0x08000a46   0x08000a46   0x00000002   PAD
    0x08000a48   0x08000a48   0x00000018   Code   RO          953    i.RCC_AHBPeriphClockCmd  stm32f10x_rcc.o
    0x08000a60   0x08000a60   0x00000018   Code   RO          954    i.RCC_APB1PeriphClockCmd  stm32f10x_rcc.o
    0x08000a78   0x08000a78   0x00000018   Code   RO          956    i.RCC_APB2PeriphClockCmd  stm32f10x_rcc.o
    0x08000a90   0x08000a90   0x000000a4   Code   RO          964    i.RCC_GetClocksFreq  stm32f10x_rcc.o
    0x08000b34   0x08000b34   0x0000009c   Code   RO         2167    i.SPI1_IRQHandler   spi.o
    0x08000bd0   0x08000bd0   0x0000000c   Code   RO         2168    i.SPI_CS_Deselect   spi.o
    0x08000bdc   0x08000bdc   0x0000000c   Code   RO         2169    i.SPI_CS_Select     spi.o
    0x08000be8   0x08000be8   0x00000014   Code   RO         1214    i.SPI_Cmd           stm32f10x_spi.o
    0x08000bfc   0x08000bfc   0x00000008   Code   RO         2170    i.SPI_CrisEnter     spi.o
    0x08000c04   0x08000c04   0x00000008   Code   RO         2171    i.SPI_CrisExit      spi.o
    0x08000c0c   0x08000c0c   0x0000000e   Code   RO         1222    i.SPI_I2S_GetFlagStatus  stm32f10x_spi.o
    0x08000c1a   0x08000c1a   0x00000018   Code   RO         1224    i.SPI_I2S_ITConfig  stm32f10x_spi.o
    0x08000c32   0x08000c32   0x00000004   Code   RO         1225    i.SPI_I2S_ReceiveData  stm32f10x_spi.o
    0x08000c36   0x08000c36   0x00000004   Code   RO         1226    i.SPI_I2S_SendData  stm32f10x_spi.o
    0x08000c3a   0x08000c3a   0x00000038   Code   RO         1227    i.SPI_Init          stm32f10x_spi.o
    0x08000c72   0x08000c72   0x00000002   PAD
    0x08000c74   0x08000c74   0x00000034   Code   RO         2172    i.SPI_ReadByte      spi.o
    0x08000ca8   0x08000ca8   0x00000034   Code   RO         2173    i.SPI_WriteByte     spi.o
    0x08000cdc   0x08000cdc   0x00000002   Code   RO         1884    i.SVC_Handler       stm32f10x_it.o
    0x08000cde   0x08000cde   0x00000002   PAD
    0x08000ce0   0x08000ce0   0x000000a8   Code   RO           24    i.SetSysClockTo72   system_stm32f10x.o
    0x08000d88   0x08000d88   0x00000002   Code   RO         1885    i.SysTick_Handler   stm32f10x_it.o
    0x08000d8a   0x08000d8a   0x00000002   PAD
    0x08000d8c   0x08000d8c   0x00000050   Code   RO           26    i.SystemInit        system_stm32f10x.o
    0x08000ddc   0x08000ddc   0x00000054   Code   RO         2148    i.TIM3_IRQHandler   tim.o
    0x08000e30   0x08000e30   0x00000006   Code   RO          128    i.TIM_ClearITPendingBit  stm32f10x_tim.o
    0x08000e36   0x08000e36   0x00000014   Code   RO          133    i.TIM_Cmd           stm32f10x_tim.o
    0x08000e4a   0x08000e4a   0x00000010   Code   RO          158    i.TIM_ITConfig      stm32f10x_tim.o
    0x08000e5a   0x08000e5a   0x00000002   PAD
    0x08000e5c   0x08000e5c   0x0000009c   Code   RO          204    i.TIM_TimeBaseInit  stm32f10x_tim.o
    0x08000ef8   0x08000ef8   0x00000028   Code   RO         2090    i.USART1_IRQHandler  usart.o
    0x08000f20   0x08000f20   0x00000006   Code   RO          655    i.USART_ClearFlag   stm32f10x_usart.o
    0x08000f26   0x08000f26   0x00000014   Code   RO          659    i.USART_Cmd         stm32f10x_usart.o
    0x08000f3a   0x08000f3a   0x00000010   Code   RO          660    i.USART_DMACmd      stm32f10x_usart.o
    0x08000f4a   0x08000f4a   0x0000000e   Code   RO          662    i.USART_GetFlagStatus  stm32f10x_usart.o
    0x08000f58   0x08000f58   0x0000003e   Code   RO          663    i.USART_GetITStatus  stm32f10x_usart.o
    0x08000f96   0x08000f96   0x00000030   Code   RO          665    i.USART_ITConfig    stm32f10x_usart.o
    0x08000fc6   0x08000fc6   0x00000002   PAD
    0x08000fc8   0x08000fc8   0x000000ac   Code   RO          666    i.USART_Init        stm32f10x_usart.o
    0x08001074   0x08001074   0x00000008   Code   RO          673    i.USART_ReceiveData  stm32f10x_usart.o
    0x0800107c   0x0800107c   0x00000008   Code   RO          676    i.USART_SendData    stm32f10x_usart.o
    0x08001084   0x08001084   0x00000002   Code   RO         1886    i.UsageFault_Handler  stm32f10x_it.o
    0x08001086   0x08001086   0x00000002   PAD
    0x08001088   0x08001088   0x00000058   Code   RO         2651    i.WIZCHIP_READ      w5500.o
    0x080010e0   0x080010e0   0x00000074   Code   RO         2652    i.WIZCHIP_READ_BUF  w5500.o
    0x08001154   0x08001154   0x00000060   Code   RO         2653    i.WIZCHIP_WRITE     w5500.o
    0x080011b4   0x080011b4   0x00000070   Code   RO         2654    i.WIZCHIP_WRITE_BUF  w5500.o
    0x08001224   0x08001224   0x00000020   Code   RO         2958    i.__0printf         mc_w.l(printfa.o)
    0x08001244   0x08001244   0x00000024   Code   RO         2964    i.__0vsprintf       mc_w.l(printfa.o)
    0x08001268   0x08001268   0x0000000e   Code   RO         3028    i.__scatterload_copy  mc_w.l(handlers.o)
    0x08001276   0x08001276   0x00000002   Code   RO         3029    i.__scatterload_null  mc_w.l(handlers.o)
    0x08001278   0x08001278   0x0000000e   Code   RO         3030    i.__scatterload_zeroinit  mc_w.l(handlers.o)
    0x08001286   0x08001286   0x00000002   PAD
    0x08001288   0x08001288   0x00000184   Code   RO         2965    i._fp_digits        mc_w.l(printfa.o)
    0x0800140c   0x0800140c   0x000006dc   Code   RO         2966    i._printf_core      mc_w.l(printfa.o)
    0x08001ae8   0x08001ae8   0x00000024   Code   RO         2967    i._printf_post_padding  mc_w.l(printfa.o)
    0x08001b0c   0x08001b0c   0x0000002e   Code   RO         2968    i._printf_pre_padding  mc_w.l(printfa.o)
    0x08001b3a   0x08001b3a   0x0000000a   Code   RO         2970    i._sputc            mc_w.l(printfa.o)
    0x08001b44   0x08001b44   0x00000074   Code   RO         2338    i.close             socket.o
    0x08001bb8   0x08001bb8   0x0000004c   Code   RO         2430    i.ctlnetwork        wizchip_conf.o
    0x08001c04   0x08001c04   0x000000e8   Code   RO         2431    i.ctlwizchip        wizchip_conf.o
    0x08001cec   0x08001cec   0x00000024   Code   RO         1963    i.delay_ms          pbdata.o
    0x08001d10   0x08001d10   0x00000024   Code   RO         1797    i.fputc             main.o
    0x08001d34   0x08001d34   0x0000002c   Code   RO         2059    i.ledInit           led.o
    0x08001d60   0x08001d60   0x0000001c   Code   RO         2060    i.ledOff            led.o
    0x08001d7c   0x08001d7c   0x0000001c   Code   RO         2061    i.ledOn             led.o
    0x08001d98   0x08001d98   0x00000018   Code   RO         2062    i.ledStatus         led.o
    0x08001db0   0x08001db0   0x00000070   Code   RO         2343    i.listen            socket.o
    0x08001e20   0x08001e20   0x00000060   Code   RO         1798    i.main              main.o
    0x08001e80   0x08001e80   0x00000048   Code   RO         2273    i.net_Init          net.o
    0x08001ec8   0x08001ec8   0x00000018   Code   RO         2092    i.putStr            usart.o
    0x08001ee0   0x08001ee0   0x00000038   Code   RO         2174    i.reg_SPI_W5500     spi.o
    0x08001f18   0x08001f18   0x00000024   Code   RO         2433    i.reg_wizchip_cris_cbfunc  wizchip_conf.o
    0x08001f3c   0x08001f3c   0x00000024   Code   RO         2434    i.reg_wizchip_cs_cbfunc  wizchip_conf.o
    0x08001f60   0x08001f60   0x0000002c   Code   RO         2435    i.reg_wizchip_spi_cbfunc  wizchip_conf.o
    0x08001f8c   0x08001f8c   0x0000008c   Code   RO         2093    i.sendData          usart.o
    0x08002018   0x08002018   0x00000094   Code   RO         2276    i.server_Init       net.o
    0x080020ac   0x080020ac   0x0000017c   Code   RO         2277    i.setNetWorkDefault  net.o
    0x08002228   0x08002228   0x00000118   Code   RO         2349    i.socket            socket.o
    0x08002340   0x08002340   0x000000d8   Code   RO         2175    i.spiInit           spi.o
    0x08002418   0x08002418   0x00000068   Code   RO         2149    i.tim3Init          tim.o
    0x08002480   0x08002480   0x00000144   Code   RO         2094    i.usartInit         usart.o
    0x080025c4   0x080025c4   0x00000028   Code   RO         2095    i.usartPrintf       usart.o
    0x080025ec   0x080025ec   0x00000080   Code   RO         1973    i.usartSaveData     pbdata.o
    0x0800266c   0x0800266c   0x00000064   Code   RO         1974    i.usartSendData     pbdata.o
    0x080026d0   0x080026d0   0x00000004   Code   RO         2437    i.wizchip_bus_readdata  wizchip_conf.o
    0x080026d4   0x080026d4   0x00000004   Code   RO         2438    i.wizchip_bus_writedata  wizchip_conf.o
    0x080026d8   0x080026d8   0x0000001e   Code   RO         2439    i.wizchip_clrinterrupt  wizchip_conf.o
    0x080026f6   0x080026f6   0x00000002   Code   RO         2440    i.wizchip_cris_enter  wizchip_conf.o
    0x080026f8   0x080026f8   0x00000002   Code   RO         2441    i.wizchip_cris_exit  wizchip_conf.o
    0x080026fa   0x080026fa   0x00000002   Code   RO         2442    i.wizchip_cs_deselect  wizchip_conf.o
    0x080026fc   0x080026fc   0x00000002   Code   RO         2443    i.wizchip_cs_select  wizchip_conf.o
    0x080026fe   0x080026fe   0x0000001e   Code   RO         2444    i.wizchip_getinterrupt  wizchip_conf.o
    0x0800271c   0x0800271c   0x0000001c   Code   RO         2445    i.wizchip_getinterruptmask  wizchip_conf.o
    0x08002738   0x08002738   0x00000058   Code   RO         2446    i.wizchip_getnetinfo  wizchip_conf.o
    0x08002790   0x08002790   0x00000006   Code   RO         2447    i.wizchip_getnetmode  wizchip_conf.o
    0x08002796   0x08002796   0x00000028   Code   RO         2448    i.wizchip_gettimeout  wizchip_conf.o
    0x080027be   0x080027be   0x0000007a   Code   RO         2449    i.wizchip_init      wizchip_conf.o
    0x08002838   0x08002838   0x0000001c   Code   RO         2450    i.wizchip_setinterruptmask  wizchip_conf.o
    0x08002854   0x08002854   0x00000058   Code   RO         2451    i.wizchip_setnetinfo  wizchip_conf.o
    0x080028ac   0x080028ac   0x00000024   Code   RO         2452    i.wizchip_setnetmode  wizchip_conf.o
    0x080028d0   0x080028d0   0x00000028   Code   RO         2453    i.wizchip_settimeout  wizchip_conf.o
    0x080028f8   0x080028f8   0x00000004   Code   RO         2455    i.wizchip_spi_readbyte  wizchip_conf.o
    0x080028fc   0x080028fc   0x00000002   Code   RO         2457    i.wizchip_spi_writebyte  wizchip_conf.o
    0x080028fe   0x080028fe   0x00000074   Code   RO         2458    i.wizchip_sw_reset  wizchip_conf.o
    0x08002972   0x08002972   0x0000004e   Code   RO         2459    i.wizphy_getphyconf  wizchip_conf.o
    0x080029c0   0x080029c0   0x00000012   Code   RO         2460    i.wizphy_getphylink  wizchip_conf.o
    0x080029d2   0x080029d2   0x00000018   Code   RO         2461    i.wizphy_getphypmode  wizchip_conf.o
    0x080029ea   0x080029ea   0x0000002a   Code   RO         2463    i.wizphy_reset      wizchip_conf.o
    0x08002a14   0x08002a14   0x0000004a   Code   RO         2464    i.wizphy_setphyconf  wizchip_conf.o
    0x08002a5e   0x08002a5e   0x00000050   Code   RO         2465    i.wizphy_setphypmode  wizchip_conf.o
    0x08002aae   0x08002aae   0x00000002   PAD
    0x08002ab0   0x08002ab0   0x00000020   Data   RO         3026    Region$$Table       anon$$obj.o


    Execution Region RW_IRAM1 (Exec base: 0x20000000, Load base: 0x08002ad0, Size: 0x00004db0, Max: 0x00005000, ABSOLUTE)

    Exec Addr    Load Addr    Size         Type   Attr      Idx    E Section Name        Object

    0x20000000   0x08002ad0   0x00000014   Data   RW          984    .data               stm32f10x_rcc.o
    0x20000014   0x08002ae4   0x00000001   Data   RW         2098    .data               usart.o
    0x20000015   0x08002ae5   0x00000003   PAD
    0x20000018   0x08002ae8   0x00000004   Data   RW         2150    .data               tim.o
    0x2000001c   0x08002aec   0x00000004   Data   RW         2178    .data               spi.o
    0x20000020   0x08002af0   0x0000000e   Data   RW         2351    .data               socket.o
    0x2000002e   0x08002afe   0x00000002   PAD
    0x20000030   0x08002b00   0x00000030   Data   RW         2466    .data               wizchip_conf.o
    0x20000060   0x08002b30   0x00000004   Data   RW         3000    .data               mc_w.l(stdout.o)
    0x20000064        -       0x00004038   Zero   RW         1975    .bss                pbdata.o
    0x2000409c        -       0x00000100   Zero   RW         2096    .bss                usart.o
    0x2000419c        -       0x00000800   Zero   RW         2177    .bss                spi.o
    0x2000499c        -       0x00000010   Zero   RW         2350    .bss                socket.o
    0x200049ac   0x08002b34   0x00000004   PAD
    0x200049b0        -       0x00000400   Zero   RW            1    STACK               startup_stm32f10x_hd.o


==============================================================================

Image component sizes


      Code (inc. data)   RO Data    RW Data    ZI Data      Debug   Object Name

         0          0          0          0          0       4508   core_cm3.o
       124         20          0          0          0       1943   led.o
       132         22          0          0          0       6961   main.o
       120         16          0          0          0     204651   misc.o
       600        198          0          0          0       2199   net.o
       264         52          0          0      16440       3511   pbdata.o
       508         16          0         14         16       3055   socket.o
       572         88          0          4       2048      19910   spi.o
        36          8        304          0       1024        788   startup_stm32f10x_hd.o
       352         18          0          0          0      14598   stm32f10x_dma.o
        44         10          0          0          0       1056   stm32f10x_exti.o
       198          0          0          0          0       3837   stm32f10x_gpio.o
       100          8          0          0          0       5184   stm32f10x_it.o
       236         42          0         20          0       4710   stm32f10x_rcc.o
       122          0          0          0          0      10925   stm32f10x_spi.o
       198         42          0          0          0      23739   stm32f10x_tim.o
       354          6          0          0          0      12722   stm32f10x_usart.o
       248         24          0          0          0      18421   system_stm32f10x.o
       188         16          0          4          0       1337   tim.o
       608         60          0          1        256       4422   usart.o
       412         18          0          0          0       3058   w5500.o
      1414         82          0         48          0      19793   wizchip_conf.o

    ----------------------------------------------------------------------
      6852        746        336         96      19788     371328   Object Totals
         0          0         32          0          0          0   (incl. Generated)
        22          0          0          5          4          0   (incl. Padding)

    ----------------------------------------------------------------------

      Code (inc. data)   RO Data    RW Data    ZI Data      Debug   Library Member Name

         0          0          0          0          0          0   entry.o
         0          0          0          0          0          0   entry10a.o
         0          0          0          0          0          0   entry11a.o
         8          4          0          0          0          0   entry2.o
         4          0          0          0          0          0   entry5.o
         0          0          0          0          0          0   entry7b.o
         0          0          0          0          0          0   entry8b.o
         8          4          0          0          0          0   entry9a.o
        30          0          0          0          0          0   handlers.o
        36          8          0          0          0         68   init.o
         0          0          0          0          0          0   iusefp.o
        30          0          0          0          0         68   llshl.o
        36          0          0          0          0         68   llsshr.o
        32          0          0          0          0         68   llushr.o
        36          0          0          0          0        108   memseta.o
      2304         96          0          0          0        600   printfa.o
         0          0          0          4          0          0   stdout.o
        14          0          0          0          0         68   strlen.o
        24          0          0          0          0         76   strncpy.o
        44          0          0          0          0         80   uidiv.o
        98          0          0          0          0         92   uldiv.o
        48          0          0          0          0         68   cdrcmple.o
       334          0          0          0          0        148   dadd.o
       222          0          0          0          0        100   ddiv.o
       186          0          0          0          0        176   depilogue.o
        48          0          0          0          0         68   dfixul.o
       228          0          0          0          0         96   dmul.o

    ----------------------------------------------------------------------
      3772        112          0          4          0       1952   Library Totals
         2          0          0          0          0          0   (incl. Padding)

    ----------------------------------------------------------------------

      Code (inc. data)   RO Data    RW Data    ZI Data      Debug   Library Name

      2704        112          0          4          0       1296   mc_w.l
      1066          0          0          0          0        656   mf_w.l

    ----------------------------------------------------------------------
      3772        112          0          4          0       1952   Library Totals

    ----------------------------------------------------------------------

==============================================================================


      Code (inc. data)   RO Data    RW Data    ZI Data      Debug   

     10624        858        336        100      19788     366360   Grand Totals
     10624        858        336        100      19788     366360   ELF Image Totals
     10624        858        336        100          0          0   ROM Totals

==============================================================================

    Total RO  Size (Code + RO Data)                10960 (  10.70kB)
    Total RW  Size (RW Data + ZI Data)             19888 (  19.42kB)
    Total ROM Size (Code + RO Data + RW Data)      11060 (  10.80kB)

==============================================================================

