Component: ARM Compiler 5.06 update 4 (build 422) Tool: armlink [4d35d2]

==============================================================================

Section Cross References

    startup_stm32f10x_hd.o(RESET) refers to startup_stm32f10x_hd.o(STACK) for __initial_sp
    startup_stm32f10x_hd.o(RESET) refers to startup_stm32f10x_hd.o(.text) for Reset_Handler
    startup_stm32f10x_hd.o(RESET) refers to stm32f10x_it.o(i.NMI_Handler) for NMI_Handler
    startup_stm32f10x_hd.o(RESET) refers to stm32f10x_it.o(i.HardFault_Handler) for HardFault_Handler
    startup_stm32f10x_hd.o(RESET) refers to stm32f10x_it.o(i.MemManage_Handler) for MemManage_Handler
    startup_stm32f10x_hd.o(RESET) refers to stm32f10x_it.o(i.BusFault_Handler) for BusFault_Handler
    startup_stm32f10x_hd.o(RESET) refers to stm32f10x_it.o(i.UsageFault_Handler) for UsageFault_Handler
    startup_stm32f10x_hd.o(RESET) refers to stm32f10x_it.o(i.SVC_Handler) for SVC_Handler
    startup_stm32f10x_hd.o(RESET) refers to stm32f10x_it.o(i.DebugMon_Handler) for DebugMon_Handler
    startup_stm32f10x_hd.o(RESET) refers to stm32f10x_it.o(i.PendSV_Handler) for PendSV_Handler
    startup_stm32f10x_hd.o(RESET) refers to stm32f10x_it.o(i.SysTick_Handler) for SysTick_Handler
    startup_stm32f10x_hd.o(RESET) refers to stm32f10x_it.o(i.EXTI1_IRQHandler) for EXTI1_IRQHandler
    startup_stm32f10x_hd.o(RESET) refers to stm32f10x_it.o(i.EXTI2_IRQHandler) for EXTI2_IRQHandler
    startup_stm32f10x_hd.o(RESET) refers to stm32f10x_it.o(i.EXTI3_IRQHandler) for EXTI3_IRQHandler
    startup_stm32f10x_hd.o(RESET) refers to usart.o(i.DMA1_Channel4_IRQHandler) for DMA1_Channel4_IRQHandler
    startup_stm32f10x_hd.o(RESET) refers to can.o(i.USB_HP_CAN1_TX_IRQHandler) for USB_HP_CAN1_TX_IRQHandler
    startup_stm32f10x_hd.o(RESET) refers to can.o(i.USB_LP_CAN1_RX0_IRQHandler) for USB_LP_CAN1_RX0_IRQHandler
    startup_stm32f10x_hd.o(RESET) refers to stm32f10x_it.o(i.EXTI9_5_IRQHandler) for EXTI9_5_IRQHandler
    startup_stm32f10x_hd.o(RESET) refers to tim.o(i.TIM3_IRQHandler) for TIM3_IRQHandler
    startup_stm32f10x_hd.o(RESET) refers to iic.o(i.I2C2_EV_IRQHandler) for I2C2_EV_IRQHandler
    startup_stm32f10x_hd.o(RESET) refers to iic.o(i.I2C2_ER_IRQHandler) for I2C2_ER_IRQHandler
    startup_stm32f10x_hd.o(RESET) refers to spi.o(i.SPI1_IRQHandler) for SPI1_IRQHandler
    startup_stm32f10x_hd.o(RESET) refers to spi.o(i.SPI2_IRQHandler) for SPI2_IRQHandler
    startup_stm32f10x_hd.o(RESET) refers to usart.o(i.USART1_IRQHandler) for USART1_IRQHandler
    startup_stm32f10x_hd.o(.text) refers to system_stm32f10x.o(i.SystemInit) for SystemInit
    startup_stm32f10x_hd.o(.text) refers to entry.o(.ARM.Collect$$$$00000000) for __main
    system_stm32f10x.o(i.SetSysClock) refers to system_stm32f10x.o(i.SetSysClockTo72) for SetSysClockTo72
    system_stm32f10x.o(i.SystemCoreClockUpdate) refers to system_stm32f10x.o(.data) for SystemCoreClock
    system_stm32f10x.o(i.SystemInit) refers to system_stm32f10x.o(i.SetSysClock) for SetSysClock
    stm32f10x_tim.o(i.TIM_DeInit) refers to stm32f10x_rcc.o(i.RCC_APB2PeriphResetCmd) for RCC_APB2PeriphResetCmd
    stm32f10x_tim.o(i.TIM_DeInit) refers to stm32f10x_rcc.o(i.RCC_APB1PeriphResetCmd) for RCC_APB1PeriphResetCmd
    stm32f10x_tim.o(i.TIM_ETRClockMode1Config) refers to stm32f10x_tim.o(i.TIM_ETRConfig) for TIM_ETRConfig
    stm32f10x_tim.o(i.TIM_ETRClockMode2Config) refers to stm32f10x_tim.o(i.TIM_ETRConfig) for TIM_ETRConfig
    stm32f10x_tim.o(i.TIM_ICInit) refers to stm32f10x_tim.o(i.TI1_Config) for TI1_Config
    stm32f10x_tim.o(i.TIM_ICInit) refers to stm32f10x_tim.o(i.TIM_SetIC1Prescaler) for TIM_SetIC1Prescaler
    stm32f10x_tim.o(i.TIM_ICInit) refers to stm32f10x_tim.o(i.TI2_Config) for TI2_Config
    stm32f10x_tim.o(i.TIM_ICInit) refers to stm32f10x_tim.o(i.TIM_SetIC2Prescaler) for TIM_SetIC2Prescaler
    stm32f10x_tim.o(i.TIM_ICInit) refers to stm32f10x_tim.o(i.TI3_Config) for TI3_Config
    stm32f10x_tim.o(i.TIM_ICInit) refers to stm32f10x_tim.o(i.TIM_SetIC3Prescaler) for TIM_SetIC3Prescaler
    stm32f10x_tim.o(i.TIM_ICInit) refers to stm32f10x_tim.o(i.TI4_Config) for TI4_Config
    stm32f10x_tim.o(i.TIM_ICInit) refers to stm32f10x_tim.o(i.TIM_SetIC4Prescaler) for TIM_SetIC4Prescaler
    stm32f10x_tim.o(i.TIM_ITRxExternalClockConfig) refers to stm32f10x_tim.o(i.TIM_SelectInputTrigger) for TIM_SelectInputTrigger
    stm32f10x_tim.o(i.TIM_PWMIConfig) refers to stm32f10x_tim.o(i.TI1_Config) for TI1_Config
    stm32f10x_tim.o(i.TIM_PWMIConfig) refers to stm32f10x_tim.o(i.TIM_SetIC1Prescaler) for TIM_SetIC1Prescaler
    stm32f10x_tim.o(i.TIM_PWMIConfig) refers to stm32f10x_tim.o(i.TI2_Config) for TI2_Config
    stm32f10x_tim.o(i.TIM_PWMIConfig) refers to stm32f10x_tim.o(i.TIM_SetIC2Prescaler) for TIM_SetIC2Prescaler
    stm32f10x_tim.o(i.TIM_TIxExternalClockConfig) refers to stm32f10x_tim.o(i.TI2_Config) for TI2_Config
    stm32f10x_tim.o(i.TIM_TIxExternalClockConfig) refers to stm32f10x_tim.o(i.TI1_Config) for TI1_Config
[...]
    entry5.o(.ARM.Collect$$$$00000004) refers to init.o(.text) for __scatterload
    entry9a.o(.ARM.Collect$$$$0000000B) refers to main.o(i.main) for main
    entry9b.o(.ARM.Collect$$$$0000000C) refers to main.o(i.main) for main
    uldiv.o(.text) refers to llushr.o(.text) for __aeabi_llsr
    uldiv.o(.text) refers to llshl.o(.text) for __aeabi_llsl
    dadd.o(.text) refers to llshl.o(.text) for __aeabi_llsl
    dadd.o(.text) refers to llsshr.o(.text) for __aeabi_lasr
    dadd.o(.text) refers to depilogue.o(.text) for _double_epilogue
    dmul.o(.text) refers to depilogue.o(.text) for _double_epilogue
    ddiv.o(.text) refers to depilogue.o(.text) for _double_round
    dfixul.o(.text) refers to llushr.o(.text) for __aeabi_llsr
    dfixul.o(.text) refers to llshl.o(.text) for __aeabi_llsl
    init.o(.text) refers to entry5.o(.ARM.Collect$$$$00000004) for __main_after_scatterload
    depilogue.o(.text) refers to llshl.o(.text) for __aeabi_llsl
    depilogue.o(.text) refers to llushr.o(.text) for __aeabi_llsr


==============================================================================

Removing Unused input sections from the image.

    Removing startup_stm32f10x_hd.o(HEAP), (512 bytes).
    Removing core_cm3.o(.emb_text), (32 bytes).
    Removing system_stm32f10x.o(i.SystemCoreClockUpdate), (164 bytes).
    Removing system_stm32f10x.o(.data), (20 bytes).
    Removing misc.o(i.NVIC_SetVectorTable), (20 bytes).
    Removing misc.o(i.NVIC_SystemLPConfig), (32 bytes).
    Removing misc.o(i.SysTick_CLKSourceConfig), (40 bytes).
    Removing stm32f10x_tim.o(i.TI1_Config), (128 bytes).
    Removing stm32f10x_tim.o(i.TI2_Config), (152 bytes).
    Removing stm32f10x_tim.o(i.TI3_Config), (144 bytes).
    Removing stm32f10x_tim.o(i.TI4_Config), (152 bytes).
    Removing stm32f10x_tim.o(i.TIM_ARRPreloadConfig), (24 bytes).
    Removing stm32f10x_tim.o(i.TIM_BDTRConfig), (32 bytes).
    Removing stm32f10x_tim.o(i.TIM_BDTRStructInit), (18 bytes).
    Removing stm32f10x_tim.o(i.TIM_CCPreloadControl), (24 bytes).
    Removing stm32f10x_tim.o(i.TIM_CCxCmd), (30 bytes).
    Removing stm32f10x_tim.o(i.TIM_CCxNCmd), (30 bytes).
    Removing stm32f10x_tim.o(i.TIM_ClearFlag), (6 bytes).
    Removing stm32f10x_tim.o(i.TIM_ClearOC1Ref), (18 bytes).
    Removing stm32f10x_tim.o(i.TIM_ClearOC2Ref), (24 bytes).
    Removing stm32f10x_tim.o(i.TIM_ClearOC3Ref), (18 bytes).
    Removing stm32f10x_tim.o(i.TIM_ClearOC4Ref), (24 bytes).
    Removing stm32f10x_tim.o(i.TIM_CounterModeConfig), (18 bytes).
    Removing stm32f10x_tim.o(i.TIM_CtrlPWMOutputs), (30 bytes).
    Removing stm32f10x_tim.o(i.TIM_DMACmd), (18 bytes).
    Removing stm32f10x_tim.o(i.TIM_DMAConfig), (10 bytes).
    Removing stm32f10x_tim.o(i.TIM_DeInit), (488 bytes).
    Removing stm32f10x_tim.o(i.TIM_ETRClockMode1Config), (54 bytes).
    Removing stm32f10x_tim.o(i.TIM_ETRClockMode2Config), (32 bytes).
    Removing stm32f10x_tim.o(i.TIM_ETRConfig), (28 bytes).
    Removing stm32f10x_tim.o(i.TIM_EncoderInterfaceConfig), (66 bytes).
    Removing stm32f10x_tim.o(i.TIM_ForcedOC1Config), (18 bytes).
    Removing stm32f10x_tim.o(i.TIM_ForcedOC2Config), (26 bytes).
    Removing stm32f10x_tim.o(i.TIM_ForcedOC3Config), (18 bytes).
    Removing stm32f10x_tim.o(i.TIM_ForcedOC4Config), (26 bytes).
    Removing stm32f10x_tim.o(i.TIM_GenerateEvent), (4 bytes).
    Removing stm32f10x_tim.o(i.TIM_GetCapture1), (6 bytes).
    Removing stm32f10x_tim.o(i.TIM_GetCapture2), (6 bytes).
    Removing stm32f10x_tim.o(i.TIM_GetCapture3), (6 bytes).
    Removing stm32f10x_tim.o(i.TIM_GetCapture4), (8 bytes).
    Removing stm32f10x_tim.o(i.TIM_GetCounter), (6 bytes).
    Removing stm32f10x_tim.o(i.TIM_GetFlagStatus), (18 bytes).
    Removing stm32f10x_tim.o(i.TIM_GetITStatus), (34 bytes).
    Removing stm32f10x_tim.o(i.TIM_GetPrescaler), (6 bytes).
    Removing stm32f10x_tim.o(i.TIM_ICInit), (172 bytes).
    Removing stm32f10x_tim.o(i.TIM_ICStructInit), (18 bytes).
    Removing stm32f10x_tim.o(i.TIM_ITRxExternalClockConfig), (24 bytes).
    Removing stm32f10x_tim.o(i.TIM_InternalClockConfig), (12 bytes).
    Removing stm32f10x_tim.o(i.TIM_OC1FastConfig), (18 bytes).
    Removing stm32f10x_tim.o(i.TIM_OC1Init), (152 bytes).
    Removing stm32f10x_tim.o(i.TIM_OC1NPolarityConfig), (18 bytes).
    Removing stm32f10x_tim.o(i.TIM_OC1PolarityConfig), (18 bytes).
    Removing stm32f10x_tim.o(i.TIM_OC1PreloadConfig), (18 bytes).
    Removing stm32f10x_tim.o(i.TIM_OC2FastConfig), (26 bytes).
    Removing stm32f10x_tim.o(i.TIM_OC2Init), (164 bytes).
    Removing stm32f10x_tim.o(i.TIM_OC2NPolarityConfig), (26 bytes).
    Removing stm32f10x_tim.o(i.TIM_OC2PolarityConfig), (26 bytes).
    Removing stm32f10x_tim.o(i.TIM_OC2PreloadConfig), (26 bytes).
    Removing stm32f10x_tim.o(i.TIM_OC3FastConfig), (18 bytes).
    Removing stm32f10x_tim.o(i.TIM_OC3Init), (160 bytes).
    Removing stm32f10x_tim.o(i.TIM_OC3NPolarityConfig), (26 bytes).
    Removing stm32f10x_tim.o(i.TIM_OC3PolarityConfig), (26 bytes).
    Removing stm32f10x_tim.o(i.TIM_OC3PreloadConfig), (18 bytes).
    Removing stm32f10x_tim.o(i.TIM_OC4FastConfig), (26 bytes).
    Removing stm32f10x_tim.o(i.TIM_OC4Init), (124 bytes).
    Removing stm32f10x_tim.o(i.TIM_OC4PolarityConfig), (26 bytes).
    Removing stm32f10x_tim.o(i.TIM_OC4PreloadConfig), (26 bytes).
    Removing stm32f10x_tim.o(i.TIM_OCStructInit), (20 bytes).
    Removing stm32f10x_tim.o(i.TIM_PWMIConfig), (124 bytes).
    Removing stm32f10x_tim.o(i.TIM_PrescalerConfig), (6 bytes).
    Removing stm32f10x_tim.o(i.TIM_SelectCCDMA), (24 bytes).
    Removing stm32f10x_tim.o(i.TIM_SelectCOM), (24 bytes).
    Removing stm32f10x_tim.o(i.TIM_SelectHallSensor), (24 bytes).
    Removing stm32f10x_tim.o(i.TIM_SelectInputTrigger), (18 bytes).
    Removing stm32f10x_tim.o(i.TIM_SelectMasterSlaveMode), (18 bytes).
    Removing stm32f10x_tim.o(i.TIM_SelectOCxM), (82 bytes).
    Removing stm32f10x_tim.o(i.TIM_SelectOnePulseMode), (18 bytes).
    Removing stm32f10x_tim.o(i.TIM_SelectOutputTrigger), (18 bytes).
    Removing stm32f10x_tim.o(i.TIM_SelectSlaveMode), (18 bytes).
    Removing stm32f10x_tim.o(i.TIM_SetAutoreload), (4 bytes).
    Removing stm32f10x_tim.o(i.TIM_SetClockDivision), (18 bytes).
    Removing stm32f10x_tim.o(i.TIM_SetCompare1), (4 bytes).
    Removing stm32f10x_tim.o(i.TIM_SetCompare2), (4 bytes).
    Removing stm32f10x_tim.o(i.TIM_SetCompare3), (4 bytes).
    Removing stm32f10x_tim.o(i.TIM_SetCompare4), (6 bytes).
    Removing stm32f10x_tim.o(i.TIM_SetCounter), (4 bytes).
    Removing stm32f10x_tim.o(i.TIM_SetIC1Prescaler), (18 bytes).
    Removing stm32f10x_tim.o(i.TIM_SetIC2Prescaler), (26 bytes).
    Removing stm32f10x_tim.o(i.TIM_SetIC3Prescaler), (18 bytes).
    Removing stm32f10x_tim.o(i.TIM_SetIC4Prescaler), (26 bytes).
    Removing stm32f10x_tim.o(i.TIM_TIxExternalClockConfig), (62 bytes).
    Removing stm32f10x_tim.o(i.TIM_TimeBaseStructInit), (18 bytes).
    Removing stm32f10x_tim.o(i.TIM_UpdateDisableConfig), (24 bytes).
    Removing stm32f10x_tim.o(i.TIM_UpdateRequestConfig), (24 bytes).
    Removing stm32f10x_usart.o(i.USART_ClearITPendingBit), (30 bytes).
    Removing stm32f10x_usart.o(i.USART_ClockInit), (34 bytes).
    Removing stm32f10x_usart.o(i.USART_ClockStructInit), (12 bytes).
    Removing stm32f10x_usart.o(i.USART_DeInit), (156 bytes).
    Removing stm32f10x_usart.o(i.USART_HalfDuplexCmd), (24 bytes).
    Removing stm32f10x_usart.o(i.USART_IrDACmd), (24 bytes).
    Removing stm32f10x_usart.o(i.USART_IrDAConfig), (18 bytes).
    Removing stm32f10x_usart.o(i.USART_LINBreakDetectLengthConfig), (18 bytes).
    Removing stm32f10x_usart.o(i.USART_LINCmd), (24 bytes).
    Removing stm32f10x_usart.o(i.USART_OneBitMethodCmd), (24 bytes).
    Removing stm32f10x_usart.o(i.USART_OverSampling8Cmd), (22 bytes).
    Removing stm32f10x_usart.o(i.USART_ReceiverWakeUpCmd), (24 bytes).
    Removing stm32f10x_usart.o(i.USART_SendBreak), (10 bytes).
    Removing stm32f10x_usart.o(i.USART_SetAddress), (18 bytes).
    Removing stm32f10x_usart.o(i.USART_SetGuardTime), (16 bytes).
    Removing stm32f10x_usart.o(i.USART_SetPrescaler), (16 bytes).
    Removing stm32f10x_usart.o(i.USART_SmartCardCmd), (24 bytes).
    Removing stm32f10x_usart.o(i.USART_SmartCardNACKCmd), (24 bytes).
    Removing stm32f10x_usart.o(i.USART_StructInit), (24 bytes).
    Removing stm32f10x_usart.o(i.USART_WakeUpConfig), (18 bytes).
    Removing stm32f10x_gpio.o(i.GPIO_AFIODeInit), (20 bytes).
    Removing stm32f10x_gpio.o(i.GPIO_DeInit), (200 bytes).
    Removing stm32f10x_gpio.o(i.GPIO_ETH_MediaInterfaceConfig), (12 bytes).
    Removing stm32f10x_gpio.o(i.GPIO_EXTILineConfig), (64 bytes).
    Removing stm32f10x_gpio.o(i.GPIO_EventOutputCmd), (12 bytes).
    Removing stm32f10x_gpio.o(i.GPIO_EventOutputConfig), (32 bytes).
    Removing stm32f10x_gpio.o(i.GPIO_PinLockConfig), (18 bytes).
    Removing stm32f10x_gpio.o(i.GPIO_ReadInputData), (8 bytes).
    Removing stm32f10x_gpio.o(i.GPIO_ReadOutputData), (8 bytes).
    Removing stm32f10x_gpio.o(i.GPIO_StructInit), (16 bytes).
    Removing stm32f10x_gpio.o(i.GPIO_Write), (4 bytes).
    Removing stm32f10x_gpio.o(i.GPIO_WriteBit), (10 bytes).
    Removing stm32f10x_rcc.o(i.RCC_ADCCLKConfig), (24 bytes).
    Removing stm32f10x_rcc.o(i.RCC_APB2PeriphResetCmd), (32 bytes).
    Removing stm32f10x_rcc.o(i.RCC_AdjustHSICalibrationValue), (24 bytes).
    Removing stm32f10x_rcc.o(i.RCC_BackupResetCmd), (12 bytes).
    Removing stm32f10x_rcc.o(i.RCC_ClearFlag), (20 bytes).
    Removing stm32f10x_rcc.o(i.RCC_ClearITPendingBit), (12 bytes).
    Removing stm32f10x_rcc.o(i.RCC_ClockSecuritySystemCmd), (12 bytes).
    Removing stm32f10x_rcc.o(i.RCC_DeInit), (76 bytes).
    Removing stm32f10x_rcc.o(i.RCC_GetFlagStatus), (60 bytes).
    Removing stm32f10x_rcc.o(i.RCC_GetITStatus), (24 bytes).
    Removing stm32f10x_rcc.o(i.RCC_GetSYSCLKSource), (16 bytes).
    Removing stm32f10x_rcc.o(i.RCC_HCLKConfig), (24 bytes).
    Removing stm32f10x_rcc.o(i.RCC_HSEConfig), (76 bytes).
    Removing stm32f10x_rcc.o(i.RCC_HSICmd), (12 bytes).
    Removing stm32f10x_rcc.o(i.RCC_ITConfig), (32 bytes).
    Removing stm32f10x_rcc.o(i.RCC_LSEConfig), (52 bytes).
    Removing stm32f10x_rcc.o(i.RCC_LSICmd), (12 bytes).
    Removing stm32f10x_rcc.o(i.RCC_MCOConfig), (12 bytes).
    Removing stm32f10x_rcc.o(i.RCC_PCLK1Config), (24 bytes).
    Removing stm32f10x_rcc.o(i.RCC_PCLK2Config), (24 bytes).
    Removing stm32f10x_rcc.o(i.RCC_PLLCmd), (12 bytes).
    Removing stm32f10x_rcc.o(i.RCC_PLLConfig), (28 bytes).
    Removing stm32f10x_rcc.o(i.RCC_RTCCLKCmd), (12 bytes).
    Removing stm32f10x_rcc.o(i.RCC_RTCCLKConfig), (16 bytes).
    Removing stm32f10x_rcc.o(i.RCC_SYSCLKConfig), (24 bytes).
    Removing stm32f10x_rcc.o(i.RCC_USBCLKConfig), (12 bytes).
    Removing stm32f10x_rcc.o(i.RCC_WaitForHSEStartUp), (56 bytes).
    Removing stm32f10x_exti.o(i.EXTI_ClearFlag), (12 bytes).
    Removing stm32f10x_exti.o(i.EXTI_DeInit), (36 bytes).
    Removing stm32f10x_exti.o(i.EXTI_GenerateSWInterrupt), (16 bytes).
    Removing stm32f10x_exti.o(i.EXTI_GetFlagStatus), (24 bytes).
    Removing stm32f10x_exti.o(i.EXTI_Init), (148 bytes).
    Removing stm32f10x_exti.o(i.EXTI_StructInit), (16 bytes).
    Removing stm32f10x_spi.o(i.I2S_Cmd), (24 bytes).
    Removing stm32f10x_spi.o(i.I2S_Init), (232 bytes).
    Removing stm32f10x_spi.o(i.I2S_StructInit), (20 bytes).
    Removing stm32f10x_spi.o(i.SPI_BiDirectionalLineConfig), (28 bytes).
    Removing stm32f10x_spi.o(i.SPI_CalculateCRC), (24 bytes).
    Removing stm32f10x_spi.o(i.SPI_DataSizeConfig), (18 bytes).
    Removing stm32f10x_spi.o(i.SPI_GetCRC), (16 bytes).
    Removing stm32f10x_spi.o(i.SPI_GetCRCPolynomial), (6 bytes).
    Removing stm32f10x_spi.o(i.SPI_I2S_ClearITPendingBit), (20 bytes).
    Removing stm32f10x_spi.o(i.SPI_I2S_DMACmd), (18 bytes).
    Removing stm32f10x_spi.o(i.SPI_I2S_DeInit), (88 bytes).
    Removing stm32f10x_spi.o(i.SPI_I2S_GetITStatus), (52 bytes).
    Removing stm32f10x_spi.o(i.SPI_NSSInternalSoftwareConfig), (30 bytes).
    Removing stm32f10x_spi.o(i.SPI_SSOutputCmd), (24 bytes).
    Removing stm32f10x_spi.o(i.SPI_StructInit), (24 bytes).
    Removing stm32f10x_spi.o(i.SPI_TransmitCRC), (10 bytes).
    Removing stm32f10x_i2c.o(i.I2C_ARPCmd), (24 bytes).
    Removing stm32f10x_i2c.o(i.I2C_CalculatePEC), (24 bytes).
    Removing stm32f10x_i2c.o(i.I2C_CheckEvent), (42 bytes).
    Removing stm32f10x_i2c.o(i.I2C_ClearFlag), (12 bytes).
    Removing stm32f10x_i2c.o(i.I2C_ClearITPendingBit), (12 bytes).
    Removing stm32f10x_i2c.o(i.I2C_Cmd), (24 bytes).
    Removing stm32f10x_i2c.o(i.I2C_DMACmd), (24 bytes).
    Removing stm32f10x_i2c.o(i.I2C_DMALastTransferCmd), (24 bytes).
    Removing stm32f10x_i2c.o(i.I2C_DeInit), (56 bytes).
    Removing stm32f10x_i2c.o(i.I2C_DualAddressCmd), (24 bytes).
    Removing stm32f10x_i2c.o(i.I2C_FastModeDutyCycleConfig), (28 bytes).
    Removing stm32f10x_i2c.o(i.I2C_GeneralCallCmd), (24 bytes).
    Removing stm32f10x_i2c.o(i.I2C_GenerateSTART), (24 bytes).
    Removing stm32f10x_i2c.o(i.I2C_GenerateSTOP), (24 bytes).
    Removing stm32f10x_i2c.o(i.I2C_GetITStatus), (38 bytes).
    Removing stm32f10x_i2c.o(i.I2C_GetPEC), (8 bytes).
    Removing stm32f10x_i2c.o(i.I2C_Init), (236 bytes).
    Removing stm32f10x_i2c.o(i.I2C_NACKPositionConfig), (28 bytes).
    Removing stm32f10x_i2c.o(i.I2C_OwnAddress2Config), (22 bytes).
    Removing stm32f10x_i2c.o(i.I2C_PECPositionConfig), (28 bytes).
    Removing stm32f10x_i2c.o(i.I2C_ReadRegister), (22 bytes).
    Removing stm32f10x_i2c.o(i.I2C_ReceiveData), (8 bytes).
    Removing stm32f10x_i2c.o(i.I2C_SMBusAlertConfig), (28 bytes).
    Removing stm32f10x_i2c.o(i.I2C_SoftwareResetCmd), (22 bytes).
    Removing stm32f10x_i2c.o(i.I2C_StretchClockCmd), (24 bytes).
    Removing stm32f10x_i2c.o(i.I2C_StructInit), (30 bytes).
    Removing stm32f10x_i2c.o(i.I2C_TransmitPEC), (24 bytes).
    Removing stm32f10x_can.o(i.CAN_CancelTransmit), (48 bytes).
    Removing stm32f10x_can.o(i.CAN_ClearFlag), (56 bytes).
    Removing stm32f10x_can.o(i.CAN_ClearITPendingBit), (168 bytes).
    Removing stm32f10x_can.o(i.CAN_DBGFreeze), (22 bytes).
    Removing stm32f10x_can.o(i.CAN_FIFORelease), (22 bytes).
    Removing stm32f10x_can.o(i.CAN_GetFlagStatus), (120 bytes).
    Removing stm32f10x_can.o(i.CAN_GetITStatus), (288 bytes).
    Removing stm32f10x_can.o(i.CAN_GetLSBTransmitErrorCounter), (12 bytes).
    Removing stm32f10x_can.o(i.CAN_GetLastErrorCode), (12 bytes).
    Removing stm32f10x_can.o(i.CAN_GetReceiveErrorCounter), (10 bytes).
    Removing stm32f10x_can.o(i.CAN_MessagePending), (30 bytes).
    Removing stm32f10x_can.o(i.CAN_OperatingModeRequest), (162 bytes).
    Removing stm32f10x_can.o(i.CAN_SlaveStartBank), (52 bytes).
    Removing stm32f10x_can.o(i.CAN_Sleep), (30 bytes).
    Removing stm32f10x_can.o(i.CAN_TTComModeCmd), (118 bytes).
    Removing stm32f10x_can.o(i.CAN_TransmitStatus), (160 bytes).
    Removing stm32f10x_can.o(i.CAN_WakeUp), (48 bytes).
    Removing stm32f10x_can.o(i.CheckITStatus), (18 bytes).
    Removing stm32f10x_dma.o(i.DMA_ClearITPendingBit), (28 bytes).
    Removing stm32f10x_dma.o(i.DMA_GetCurrDataCounter), (8 bytes).
    Removing stm32f10x_dma.o(i.DMA_GetFlagStatus), (44 bytes).
    Removing stm32f10x_dma.o(i.DMA_GetITStatus), (44 bytes).
    Removing stm32f10x_dma.o(i.DMA_StructInit), (26 bytes).
    Removing main.o(i.ExtiConfiguration), (46 bytes).
    Removing pbdata.o(i.RCC_HSE_Configuration), (90 bytes).
    Removing pbdata.o(i.delay), (10 bytes).
    Removing pbdata.o(i.executeTask), (64 bytes).
    Removing pbdata.o(i.getFunctionCode16Data), (2 bytes).
    Removing pbdata.o(i.modbusHandFunctionCode02), (2 bytes).
    Removing pbdata.o(i.modbusHandFunctionCode03), (2 bytes).
    Removing pbdata.o(.data), (8 bytes).
    Removing tim.o(.data), (2 bytes).
    Removing spi.o(i.spi2Configure), (88 bytes).
    Removing spi.o(i.spi2GPIOInit), (92 bytes).
    Removing spi.o(i.spi2NivcConfiguration), (30 bytes).
    Removing spi.o(i.spiWrite), (56 bytes).
    Removing iic.o(i.iicConfigure), (68 bytes).
    Removing iic.o(i.iicGPIOInit), (48 bytes).
    Removing iic.o(i.iicInit), (20 bytes).
    Removing iic.o(i.iicNvicConfigure), (50 bytes).
    Removing iic.o(i.iicRccInit), (28 bytes).
    Removing iic.o(i.writeData), (228 bytes).
    Removing at24c02.o(i.AT24Cxx_ReadOneByte), (84 bytes).
    Removing at24c02.o(i.AT24Cxx_ReadTwoByte), (100 bytes).
    Removing at24c02.o(i.AT24Cxx_WriteOneByte), (70 bytes).
    Removing iicsimulator.o(i.iicACK), (64 bytes).
    Removing iicsimulator.o(i.iicNACK), (64 bytes).
    Removing iicsimulator.o(i.iicReadByte), (96 bytes).

250 unused section(s) (total 10804 bytes) removed from the image.

==============================================================================

Image Symbol Table

    Local Symbols

    Symbol Name                              Value     Ov Type        Size  Object(Section)

    ../clib/microlib/division.c              0x00000000   Number         0  uldiv.o ABSOLUTE
    ../clib/microlib/division.c              0x00000000   Number         0  uidiv.o ABSOLUTE
    ../clib/microlib/init/entry.s            0x00000000   Number         0  entry7a.o ABSOLUTE
    ../clib/microlib/init/entry.s            0x00000000   Number         0  entry.o ABSOLUTE
    ../clib/microlib/init/entry.s            0x00000000   Number         0  entry2.o ABSOLUTE
    ../clib/microlib/init/entry.s            0x00000000   Number         0  entry10b.o ABSOLUTE
    ../clib/microlib/init/entry.s            0x00000000   Number         0  entry9b.o ABSOLUTE
    ../clib/microlib/init/entry.s            0x00000000   Number         0  entry10a.o ABSOLUTE
    ../clib/microlib/init/entry.s            0x00000000   Number         0  entry11b.o ABSOLUTE
    ../clib/microlib/init/entry.s            0x00000000   Number         0  entry5.o ABSOLUTE
    ../clib/microlib/init/entry.s            0x00000000   Number         0  entry11a.o ABSOLUTE
    ../clib/microlib/init/entry.s            0x00000000   Number         0  entry8a.o ABSOLUTE
    ../clib/microlib/init/entry.s            0x00000000   Number         0  entry8b.o ABSOLUTE
    ../clib/microlib/init/entry.s            0x00000000   Number         0  entry7b.o ABSOLUTE
    ../clib/microlib/init/entry.s            0x00000000   Number         0  entry9a.o ABSOLUTE
    ../clib/microlib/longlong.c              0x00000000   Number         0  llshl.o ABSOLUTE
    ../clib/microlib/longlong.c              0x00000000   Number         0  llushr.o ABSOLUTE
    ../clib/microlib/longlong.c              0x00000000   Number         0  llsshr.o ABSOLUTE
    ../clib/microlib/printf/printf.c         0x00000000   Number         0  printfa.o ABSOLUTE
    ../clib/microlib/printf/printf.c         0x00000000   Number         0  printf1.o ABSOLUTE
    ../clib/microlib/printf/printf.c         0x00000000   Number         0  printf0.o ABSOLUTE
    ../clib/microlib/printf/printf.c         0x00000000   Number         0  printfb.o ABSOLUTE
    ../clib/microlib/printf/printf.c         0x00000000   Number         0  printf5.o ABSOLUTE
    ../clib/microlib/printf/printf.c         0x00000000   Number         0  printf4.o ABSOLUTE
    ../clib/microlib/printf/printf.c         0x00000000   Number         0  printf6.o ABSOLUTE
    ../clib/microlib/printf/printf.c         0x00000000   Number         0  printf7.o ABSOLUTE
    ../clib/microlib/printf/printf.c         0x00000000   Number         0  printf2.o ABSOLUTE
    ../clib/microlib/printf/printf.c         0x00000000   Number         0  printf8.o ABSOLUTE
    ../clib/microlib/printf/printf.c         0x00000000   Number         0  printf3.o ABSOLUTE
    ../clib/microlib/printf/stubs.s          0x00000000   Number         0  stubs.o ABSOLUTE
    ../clib/microlib/stdio/streams.c         0x00000000   Number         0  stdout.o ABSOLUTE
    ../clib/microlib/string/strcpy.c         0x00000000   Number         0  strcpy.o ABSOLUTE
    ../clib/microlib/string/strlen.c         0x00000000   Number         0  strlen.o ABSOLUTE
    ../clib/microlib/string/strncpy.c        0x00000000   Number         0  strncpy.o ABSOLUTE
    ../clib/microlib/stubs.s                 0x00000000   Number         0  iusefp.o ABSOLUTE
    ../fplib/microlib/fpadd.c                0x00000000   Number         0  dadd.o ABSOLUTE
    ../fplib/microlib/fpdiv.c                0x00000000   Number         0  ddiv.o ABSOLUTE
    ../fplib/microlib/fpepilogue.c           0x00000000   Number         0  depilogue.o ABSOLUTE
    ../fplib/microlib/fpfix.c                0x00000000   Number         0  dfixul.o ABSOLUTE
    ../fplib/microlib/fpmul.c                0x00000000   Number         0  dmul.o ABSOLUTE
    asm\startup_stm32f10x_hd.s               0x00000000   Number         0  startup_stm32f10x_hd.o ABSOLUTE
    cdrcmple.s                               0x00000000   Number         0  cdrcmple.o ABSOLUTE
    dc.s                                     0x00000000   Number         0  dc.o ABSOLUTE
    handlers.s                               0x00000000   Number         0  handlers.o ABSOLUTE
    init.s                                   0x00000000   Number         0  init.o ABSOLUTE
    lib\src\misc.c                           0x00000000   Number         0  misc.o ABSOLUTE
    lib\src\stm32f10x_can.c                  0x00000000   Number         0  stm32f10x_can.o ABSOLUTE
    lib\src\stm32f10x_dma.c                  0x00000000   Number         0  stm32f10x_dma.o ABSOLUTE
    lib\src\stm32f10x_exti.c                 0x00000000   Number         0  stm32f10x_exti.o ABSOLUTE
    lib\src\stm32f10x_gpio.c                 0x00000000   Number         0  stm32f10x_gpio.o ABSOLUTE
    lib\src\stm32f10x_i2c.c                  0x00000000   Number         0  stm32f10x_i2c.o ABSOLUTE
    lib\src\stm32f10x_rcc.c                  0x00000000   Number         0  stm32f10x_rcc.o ABSOLUTE
    lib\src\stm32f10x_spi.c                  0x00000000   Number         0  stm32f10x_spi.o ABSOLUTE
    lib\src\stm32f10x_tim.c                  0x00000000   Number         0  stm32f10x_tim.o ABSOLUTE
    lib\src\stm32f10x_usart.c                0x00000000   Number         0  stm32f10x_usart.o ABSOLUTE
    system\\core_cm3.c                       0x00000000   Number         0  core_cm3.o ABSOLUTE
    system\core_cm3.c                        0x00000000   Number         0  core_cm3.o ABSOLUTE
    system\system_stm32f10x.c                0x00000000   Number         0  system_stm32f10x.o ABSOLUTE
    user\at24c02.c                           0x00000000   Number         0  at24c02.o ABSOLUTE
    user\can.c                               0x00000000   Number         0  can.o ABSOLUTE
    user\iic.c                               0x00000000   Number         0  iic.o ABSOLUTE
    user\iicSimulator.c                      0x00000000   Number         0  iicsimulator.o ABSOLUTE
    user\led.c                               0x00000000   Number         0  led.o ABSOLUTE
    user\main.c                              0x00000000   Number         0  main.o ABSOLUTE
    user\pbdata.c                            0x00000000   Number         0  pbdata.o ABSOLUTE
    user\spi.c                               0x00000000   Number         0  spi.o ABSOLUTE
    user\stm32f10x_it.c                      0x00000000   Number         0  stm32f10x_it.o ABSOLUTE
    user\tim.c                               0x00000000   Number         0  tim.o ABSOLUTE
    user\usart.c                             0x00000000   Number         0  usart.o ABSOLUTE
    RESET                                    0x08000000   Section      304  startup_stm32f10x_hd.o(RESET)
    .ARM.Collect$$$$00000000                 0x08000130   Section        0  entry.o(.ARM.Collect$$$$00000000)
    .ARM.Collect$$$$00000001                 0x08000130   Section        4  entry2.o(.ARM.Collect$$$$00000001)
    .ARM.Collect$$$$00000004                 0x08000134   Section        4  entry5.o(.ARM.Collect$$$$00000004)
    .ARM.Collect$$$$00000008                 0x08000138   Section        0  entry7b.o(.ARM.Collect$$$$00000008)
    .ARM.Collect$$$$0000000A                 0x08000138   Section        0  entry8b.o(.ARM.Collect$$$$0000000A)
    .ARM.Collect$$$$0000000B                 0x08000138   Section        8  entry9a.o(.ARM.Collect$$$$0000000B)
    .ARM.Collect$$$$0000000D                 0x08000140   Section        0  entry10a.o(.ARM.Collect$$$$0000000D)
    .ARM.Collect$$$$0000000F                 0x08000140   Section        0  entry11a.o(.ARM.Collect$$$$0000000F)
    .ARM.Collect$$$$00002712                 0x08000140   Section        4  entry2.o(.ARM.Collect$$$$00002712)
    __lit__00000000                          0x08000140   Data           4  entry2.o(.ARM.Collect$$$$00002712)
    .text                                    0x08000144   Section       36  startup_stm32f10x_hd.o(.text)
    .text                                    0x08000168   Section        0  strncpy.o(.text)
    .text                                    0x08000180   Section        0  strlen.o(.text)
    .text                                    0x0800018e   Section        0  strcpy.o(.text)
    .text                                    0x080001a0   Section        0  uidiv.o(.text)
    .text                                    0x080001cc   Section        0  uldiv.o(.text)
    .text                                    0x0800022e   Section        0  dadd.o(.text)
    .text                                    0x0800022e   Section        0  iusefp.o(.text)
    .text                                    0x0800037c   Section        0  dmul.o(.text)
    .text                                    0x08000460   Section        0  ddiv.o(.text)
    .text                                    0x0800053e   Section        0  dfixul.o(.text)
    .text                                    0x08000570   Section       48  cdrcmple.o(.text)
    .text                                    0x080005a0   Section       36  init.o(.text)
    .text                                    0x080005c4   Section        0  llshl.o(.text)
    .text                                    0x080005e2   Section        0  llushr.o(.text)
    .text                                    0x08000602   Section        0  llsshr.o(.text)
    .text                                    0x08000626   Section        0  depilogue.o(.text)
    i.AT24Cxx_WriteTwoByte                   0x080006e0   Section        0  at24c02.o(i.AT24Cxx_WriteTwoByte)
    i.BusFault_Handler                       0x08000736   Section        0  stm32f10x_it.o(i.BusFault_Handler)
    i.CAN_DeInit                             0x0800073c   Section        0  stm32f10x_can.o(i.CAN_DeInit)
    i.CAN_FilterInit                         0x08000774   Section        0  stm32f10x_can.o(i.CAN_FilterInit)
    i.CAN_ITConfig                           0x0800087c   Section        0  stm32f10x_can.o(i.CAN_ITConfig)
    i.CAN_Init                               0x0800088e   Section        0  stm32f10x_can.o(i.CAN_Init)
    i.CAN_Receive                            0x080009a2   Section        0  stm32f10x_can.o(i.CAN_Receive)
    i.CAN_StructInit                         0x08000a92   Section        0  stm32f10x_can.o(i.CAN_StructInit)
    i.CAN_Transmit                           0x08000ab2   Section        0  stm32f10x_can.o(i.CAN_Transmit)
    i.DMA1_Channel4_IRQHandler               0x08000bd8   Section        0  usart.o(i.DMA1_Channel4_IRQHandler)
    i.DMA_ClearFlag                          0x08000bf8   Section        0  stm32f10x_dma.o(i.DMA_ClearFlag)
    i.DMA_Cmd                                0x08000c14   Section        0  stm32f10x_dma.o(i.DMA_Cmd)
    i.DMA_DeInit                             0x08000c2c   Section        0  stm32f10x_dma.o(i.DMA_DeInit)
    i.DMA_ITConfig                           0x08000d78   Section        0  stm32f10x_dma.o(i.DMA_ITConfig)
    i.DMA_Init                               0x08000d8a   Section        0  stm32f10x_dma.o(i.DMA_Init)
    i.DMA_SetCurrDataCounter                 0x08000dc6   Section        0  stm32f10x_dma.o(i.DMA_SetCurrDataCounter)
    i.DebugMon_Handler                       0x08000dca   Section        0  stm32f10x_it.o(i.DebugMon_Handler)
    i.EXTI1_IRQHandler                       0x08000dcc   Section        0  stm32f10x_it.o(i.EXTI1_IRQHandler)
    i.EXTI2_IRQHandler                       0x08000dce   Section        0  stm32f10x_it.o(i.EXTI2_IRQHandler)
    i.EXTI3_IRQHandler                       0x08000dd0   Section        0  stm32f10x_it.o(i.EXTI3_IRQHandler)
    i.EXTI9_5_IRQHandler                     0x08000dd4   Section        0  stm32f10x_it.o(i.EXTI9_5_IRQHandler)
    i.EXTI_ClearITPendingBit                 0x08000e18   Section        0  stm32f10x_exti.o(i.EXTI_ClearITPendingBit)
    i.EXTI_GetITStatus                       0x08000e24   Section        0  stm32f10x_exti.o(i.EXTI_GetITStatus)
    i.GPIO_Init                              0x08000e4c   Section        0  stm32f10x_gpio.o(i.GPIO_Init)
    i.GPIO_PinRemapConfig                    0x08000f64   Section        0  stm32f10x_gpio.o(i.GPIO_PinRemapConfig)
    i.GPIO_ReadInputDataBit                  0x08000ff4   Section        0  stm32f10x_gpio.o(i.GPIO_ReadInputDataBit)
    i.GPIO_ReadOutputDataBit                 0x08001006   Section        0  stm32f10x_gpio.o(i.GPIO_ReadOutputDataBit)
    i.GPIO_ResetBits                         0x08001018   Section        0  stm32f10x_gpio.o(i.GPIO_ResetBits)
    i.GPIO_SetBits                           0x0800101c   Section        0  stm32f10x_gpio.o(i.GPIO_SetBits)
    i.HardFault_Handler                      0x08001020   Section        0  stm32f10x_it.o(i.HardFault_Handler)
    i.I2C2_ER_IRQHandler                     0x08001024   Section        0  iic.o(i.I2C2_ER_IRQHandler)
    i.I2C2_EV_IRQHandler                     0x0800117c   Section        0  iic.o(i.I2C2_EV_IRQHandler)
    i.I2C_AcknowledgeConfig                  0x08001378   Section        0  stm32f10x_i2c.o(i.I2C_AcknowledgeConfig)
    i.I2C_GetFlagStatus                      0x08001390   Section        0  stm32f10x_i2c.o(i.I2C_GetFlagStatus)
    i.I2C_GetLastEvent                       0x080013ca   Section        0  stm32f10x_i2c.o(i.I2C_GetLastEvent)
    i.I2C_ITConfig                           0x080013e4   Section        0  stm32f10x_i2c.o(i.I2C_ITConfig)
    i.I2C_Send7bitAddress                    0x080013f6   Section        0  stm32f10x_i2c.o(i.I2C_Send7bitAddress)
    i.I2C_SendData                           0x08001408   Section        0  stm32f10x_i2c.o(i.I2C_SendData)
    i.MemManage_Handler                      0x0800140c   Section        0  stm32f10x_it.o(i.MemManage_Handler)
    i.NMI_Handler                            0x08001410   Section        0  stm32f10x_it.o(i.NMI_Handler)
    i.NVIC_Init                              0x08001414   Section        0  misc.o(i.NVIC_Init)
    i.NVIC_PriorityGroupConfig               0x08001484   Section        0  misc.o(i.NVIC_PriorityGroupConfig)
    i.PendSV_Handler                         0x08001498   Section        0  stm32f10x_it.o(i.PendSV_Handler)
    i.RCC_AHBPeriphClockCmd                  0x0800149c   Section        0  stm32f10x_rcc.o(i.RCC_AHBPeriphClockCmd)
    i.RCC_APB1PeriphClockCmd                 0x080014bc   Section        0  stm32f10x_rcc.o(i.RCC_APB1PeriphClockCmd)
    i.RCC_APB1PeriphResetCmd                 0x080014dc   Section        0  stm32f10x_rcc.o(i.RCC_APB1PeriphResetCmd)
    i.RCC_APB2PeriphClockCmd                 0x080014fc   Section        0  stm32f10x_rcc.o(i.RCC_APB2PeriphClockCmd)
    i.RCC_GetClocksFreq                      0x0800151c   Section        0  stm32f10x_rcc.o(i.RCC_GetClocksFreq)
    i.SPI1_IRQHandler                        0x080015f0   Section        0  spi.o(i.SPI1_IRQHandler)
    i.SPI2_IRQHandler                        0x080016ac   Section        0  spi.o(i.SPI2_IRQHandler)
    i.SPI_Cmd                                0x08001784   Section        0  stm32f10x_spi.o(i.SPI_Cmd)
    i.SPI_I2S_ClearFlag                      0x0800179c   Section        0  stm32f10x_spi.o(i.SPI_I2S_ClearFlag)
    i.SPI_I2S_GetFlagStatus                  0x080017a2   Section        0  stm32f10x_spi.o(i.SPI_I2S_GetFlagStatus)
    i.SPI_I2S_ITConfig                       0x080017b4   Section        0  stm32f10x_spi.o(i.SPI_I2S_ITConfig)
    i.SPI_I2S_ReceiveData                    0x080017d4   Section        0  stm32f10x_spi.o(i.SPI_I2S_ReceiveData)
    i.SPI_I2S_SendData                       0x080017da   Section        0  stm32f10x_spi.o(i.SPI_I2S_SendData)
    i.SPI_Init                               0x080017de   Section        0  stm32f10x_spi.o(i.SPI_Init)
    i.SVC_Handler                            0x0800181a   Section        0  stm32f10x_it.o(i.SVC_Handler)
    i.SetSysClock                            0x0800181c   Section        0  system_stm32f10x.o(i.SetSysClock)
    SetSysClock                              0x0800181d   Thumb Code     8  system_stm32f10x.o(i.SetSysClock)
    i.SetSysClockTo72                        0x08001824   Section        0  system_stm32f10x.o(i.SetSysClockTo72)
    SetSysClockTo72                          0x08001825   Thumb Code   214  system_stm32f10x.o(i.SetSysClockTo72)
    i.SysTick_Handler                        0x08001904   Section        0  stm32f10x_it.o(i.SysTick_Handler)
    i.SystemInit                             0x08001908   Section        0  system_stm32f10x.o(i.SystemInit)
    i.TIM3_IRQHandler                        0x08001968   Section        0  tim.o(i.TIM3_IRQHandler)
    i.TIM_ClearITPendingBit                  0x08001978   Section        0  stm32f10x_tim.o(i.TIM_ClearITPendingBit)
    i.TIM_Cmd                                0x0800197e   Section        0  stm32f10x_tim.o(i.TIM_Cmd)
    i.TIM_ITConfig                           0x08001996   Section        0  stm32f10x_tim.o(i.TIM_ITConfig)
    i.TIM_TimeBaseInit                       0x080019a8   Section        0  stm32f10x_tim.o(i.TIM_TimeBaseInit)
    i.USART1_IRQHandler                      0x08001a4c   Section        0  usart.o(i.USART1_IRQHandler)
    i.USART_ClearFlag                        0x08001a80   Section        0  stm32f10x_usart.o(i.USART_ClearFlag)
    i.USART_Cmd                              0x08001a92   Section        0  stm32f10x_usart.o(i.USART_Cmd)
    i.USART_DMACmd                           0x08001aaa   Section        0  stm32f10x_usart.o(i.USART_DMACmd)
    i.USART_GetFlagStatus                    0x08001abc   Section        0  stm32f10x_usart.o(i.USART_GetFlagStatus)
    i.USART_GetITStatus                      0x08001ad6   Section        0  stm32f10x_usart.o(i.USART_GetITStatus)
    i.USART_ITConfig                         0x08001b2a   Section        0  stm32f10x_usart.o(i.USART_ITConfig)
    i.USART_Init                             0x08001b74   Section        0  stm32f10x_usart.o(i.USART_Init)
    i.USART_ReceiveData                      0x08001c4c   Section        0  stm32f10x_usart.o(i.USART_ReceiveData)
    i.USART_SendData                         0x08001c56   Section        0  stm32f10x_usart.o(i.USART_SendData)
    i.USB_HP_CAN1_TX_IRQHandler              0x08001c60   Section        0  can.o(i.USB_HP_CAN1_TX_IRQHandler)
    i.USB_LP_CAN1_RX0_IRQHandler             0x08001cac   Section        0  can.o(i.USB_LP_CAN1_RX0_IRQHandler)
    i.UsageFault_Handler                     0x08001cec   Section        0  stm32f10x_it.o(i.UsageFault_Handler)
    i.__0printf                              0x08001cf0   Section        0  printfa.o(i.__0printf)
    i.__0vsprintf                            0x08001d10   Section        0  printfa.o(i.__0vsprintf)
    i.__scatterload_copy                     0x08001d34   Section       14  handlers.o(i.__scatterload_copy)
    i.__scatterload_null                     0x08001d42   Section        2  handlers.o(i.__scatterload_null)
    i.__scatterload_zeroinit                 0x08001d44   Section       14  handlers.o(i.__scatterload_zeroinit)
    i._fp_digits                             0x08001d54   Section        0  printfa.o(i._fp_digits)
    _fp_digits                               0x08001d55   Thumb Code   366  printfa.o(i._fp_digits)
    i._printf_core                           0x08001ed8   Section        0  printfa.o(i._printf_core)
    _printf_core                             0x08001ed9   Thumb Code  1744  printfa.o(i._printf_core)
    i._printf_post_padding                   0x080025b4   Section        0  printfa.o(i._printf_post_padding)
    _printf_post_padding                     0x080025b5   Thumb Code    36  printfa.o(i._printf_post_padding)
    i._printf_pre_padding                    0x080025d8   Section        0  printfa.o(i._printf_pre_padding)
    _printf_pre_padding                      0x080025d9   Thumb Code    46  printfa.o(i._printf_pre_padding)
    i._sputc                                 0x08002606   Section        0  printfa.o(i._sputc)
    _sputc                                   0x08002607   Thumb Code    10  printfa.o(i._sputc)
    i.canConfigure                           0x08002610   Section        0  can.o(i.canConfigure)
    canConfigure                             0x08002611   Thumb Code   144  can.o(i.canConfigure)
    i.canGPIOConfigure                       0x080026a4   Section        0  can.o(i.canGPIOConfigure)
    canGPIOConfigure                         0x080026a5   Thumb Code    64  can.o(i.canGPIOConfigure)
    i.canInit                                0x080026e8   Section        0  can.o(i.canInit)
    i.canNvicConfigure                       0x080026fc   Section        0  can.o(i.canNvicConfigure)
    canNvicConfigure                         0x080026fd   Thumb Code    64  can.o(i.canNvicConfigure)
    i.canRCCInit                             0x0800273c   Section        0  can.o(i.canRCCInit)
    canRCCInit                               0x0800273d   Thumb Code    28  can.o(i.canRCCInit)
    i.canWrite                               0x08002758   Section        0  can.o(i.canWrite)
    i.delay_ms                               0x080027c4   Section        0  pbdata.o(i.delay_ms)
    i.delay_us                               0x080027fc   Section        0  pbdata.o(i.delay_us)
    i.dmaConfiguration                       0x08002834   Section        0  usart.o(i.dmaConfiguration)
    dmaConfiguration                         0x08002835   Thumb Code    82  usart.o(i.dmaConfiguration)
    i.dmaRccInit                             0x08002894   Section        0  usart.o(i.dmaRccInit)
    dmaRccInit                               0x08002895   Thumb Code    12  usart.o(i.dmaRccInit)
    i.fputc                                  0x080028a0   Section        0  main.o(i.fputc)
    i.iicSDAIN                               0x080028b0   Section        0  iicsimulator.o(i.iicSDAIN)
    i.iicSDAOut                              0x080028d0   Section        0  iicsimulator.o(i.iicSDAOut)
    i.iicSendByte                            0x080028f4   Section        0  iicsimulator.o(i.iicSendByte)
    i.iicSimulatorInit                       0x0800295c   Section        0  iicsimulator.o(i.iicSimulatorInit)
    i.iicStart                               0x0800299c   Section        0  iicsimulator.o(i.iicStart)
    i.iicStop                                0x080029dc   Section        0  iicsimulator.o(i.iicStop)
    i.iicWaitAck                             0x08002a1c   Section        0  iicsimulator.o(i.iicWaitAck)
    i.initData                               0x08002a78   Section        0  spi.o(i.initData)
    initData                                 0x08002a79   Thumb Code    14  spi.o(i.initData)
    i.keyInit                                0x08002a98   Section        0  main.o(i.keyInit)
    i.ledInit                                0x08002ac4   Section        0  led.o(i.ledInit)
    i.ledOff                                 0x08002aec   Section        0  led.o(i.ledOff)
    i.ledOn                                  0x08002b04   Section        0  led.o(i.ledOn)
    i.ledRccInit                             0x08002b1c   Section        0  led.o(i.ledRccInit)
    ledRccInit                               0x08002b1d   Thumb Code    12  led.o(i.ledRccInit)
    i.ledStatus                              0x08002b28   Section        0  led.o(i.ledStatus)
    i.main                                   0x08002b40   Section        0  main.o(i.main)
    i.nivcConfiguration                      0x08002ba8   Section        0  usart.o(i.nivcConfiguration)
    nivcConfiguration                        0x08002ba9   Thumb Code    60  usart.o(i.nivcConfiguration)
    i.putChar                                0x08002be4   Section        0  usart.o(i.putChar)
    i.putStr                                 0x08002c28   Section        0  usart.o(i.putStr)
    putStr                                   0x08002c29   Thumb Code    62  usart.o(i.putStr)
    i.spiConfigure                           0x08002c74   Section        0  spi.o(i.spiConfigure)
    spiConfigure                             0x08002c75   Thumb Code    88  spi.o(i.spiConfigure)
    i.spiGPIOInit                            0x08002cd0   Section        0  spi.o(i.spiGPIOInit)
    spiGPIOInit                              0x08002cd1   Thumb Code    78  spi.o(i.spiGPIOInit)
    i.spiInit                                0x08002d24   Section        0  spi.o(i.spiInit)
    i.spiNivcConfiguration                   0x08002d3c   Section        0  spi.o(i.spiNivcConfiguration)
    spiNivcConfiguration                     0x08002d3d   Thumb Code    32  spi.o(i.spiNivcConfiguration)
    i.spiRccinit                             0x08002d5c   Section        0  spi.o(i.spiRccinit)
    spiRccinit                               0x08002d5d   Thumb Code    28  spi.o(i.spiRccinit)
    i.tim3Configure                          0x08002d78   Section        0  tim.o(i.tim3Configure)
    tim3Configure                            0x08002d79   Thumb Code    64  tim.o(i.tim3Configure)
    i.tim3Init                               0x08002dbc   Section        0  tim.o(i.tim3Init)
    i.tim3NvicConfigure                      0x08002dcc   Section        0  tim.o(i.tim3NvicConfigure)
    tim3NvicConfigure                        0x08002dcd   Thumb Code    32  tim.o(i.tim3NvicConfigure)
    i.tim3RccInit                            0x08002dec   Section        0  tim.o(i.tim3RccInit)
    tim3RccInit                              0x08002ded   Thumb Code    12  tim.o(i.tim3RccInit)
    i.usartConfigure                         0x08002df8   Section        0  usart.o(i.usartConfigure)
    usartConfigure                           0x08002df9   Thumb Code    80  usart.o(i.usartConfigure)
    i.usartGPIOConfigure                     0x08002e4c   Section        0  usart.o(i.usartGPIOConfigure)
    usartGPIOConfigure                       0x08002e4d   Thumb Code    54  usart.o(i.usartGPIOConfigure)
    i.usartInit                              0x08002e88   Section        0  usart.o(i.usartInit)
    i.usartPrintf                            0x08002ea4   Section        0  usart.o(i.usartPrintf)
    i.usartRccInit                           0x08002ed4   Section        0  usart.o(i.usartRccInit)
    usartRccInit                             0x08002ed5   Thumb Code    28  usart.o(i.usartRccInit)
    .data                                    0x20000000   Section       20  stm32f10x_rcc.o(.data)
    APBAHBPrescTable                         0x20000000   Data          16  stm32f10x_rcc.o(.data)
    ADCPrescTable                            0x20000010   Data           4  stm32f10x_rcc.o(.data)
    .data                                    0x20000014   Section        1  usart.o(.data)
    sendFlag                                 0x20000014   Data           1  usart.o(.data)
    .data                                    0x20000018   Section       20  spi.o(.data)
    .data                                    0x2000002c   Section       16  iic.o(.data)
    .data                                    0x2000003c   Section        8  can.o(.data)
    count                                    0x2000003c   Data           4  can.o(.data)
    len                                      0x20000040   Data           4  can.o(.data)
    .data                                    0x20000044   Section        4  stdout.o(.data)
    .bss                                     0x20000048   Section       50  usart.o(.bss)
    sendBuf                                  0x20000048   Data          50  usart.o(.bss)
    .bss                                     0x2000007a   Section     4096  spi.o(.bss)
    .bss                                     0x2000107a   Section     2048  iic.o(.bss)
    .bss                                     0x2000187c   Section      532  can.o(.bss)
    txBuf                                    0x2000187c   Data         512  can.o(.bss)
    txMessage                                0x20001a7c   Data          20  can.o(.bss)
    STACK                                    0x20001a90   Section     1024  startup_stm32f10x_hd.o(STACK)

    Global Symbols

    Symbol Name                              Value     Ov Type        Size  Object(Section)

    BuildAttributes$$THM_ISAv4$P$D$K$B$S$PE$A:L22UL41UL21$X:L11$S22US41US21$IEEE1$IW$USESV6$~STKCKD$USESV7$~SHL$OSPACE$ROPI$EBA8$MICROLIB$REQ8$PRES8$EABIv2 0x00000000   Number         0  anon$$obj.o ABSOLUTE
    __ARM_use_no_argv                        0x00000000   Number         0  main.o ABSOLUTE
    _printf_a                                0x00000000   Number         0  stubs.o ABSOLUTE
    _printf_c                                0x00000000   Number         0  stubs.o ABSOLUTE
    _printf_charcount                        0x00000000   Number         0  stubs.o ABSOLUTE
    _printf_d                                0x00000000   Number         0  stubs.o ABSOLUTE
    _printf_e                                0x00000000   Number         0  stubs.o ABSOLUTE
    _printf_f                                0x00000000   Number         0  stubs.o ABSOLUTE
    _printf_flags                            0x00000000   Number         0  stubs.o ABSOLUTE
    _printf_fp_dec                           0x00000000   Number         0  stubs.o ABSOLUTE
    _printf_fp_hex                           0x00000000   Number         0  stubs.o ABSOLUTE
    _printf_g                                0x00000000   Number         0  stubs.o ABSOLUTE
    _printf_i                                0x00000000   Number         0  stubs.o ABSOLUTE
    _printf_int_dec                          0x00000000   Number         0  stubs.o ABSOLUTE
    _printf_l                                0x00000000   Number         0  stubs.o ABSOLUTE
    _printf_lc                               0x00000000   Number         0  stubs.o ABSOLUTE
    _printf_ll                               0x00000000   Number         0  stubs.o ABSOLUTE
    _printf_lld                              0x00000000   Number         0  stubs.o ABSOLUTE
    _printf_lli                              0x00000000   Number         0  stubs.o ABSOLUTE
    _printf_llo                              0x00000000   Number         0  stubs.o ABSOLUTE
    _printf_llu                              0x00000000   Number         0  stubs.o ABSOLUTE
    _printf_llx                              0x00000000   Number         0  stubs.o ABSOLUTE
    _printf_longlong_dec                     0x00000000   Number         0  stubs.o ABSOLUTE
    _printf_longlong_hex                     0x00000000   Number         0  stubs.o ABSOLUTE
    _printf_longlong_oct                     0x00000000   Number         0  stubs.o ABSOLUTE
    _printf_ls                               0x00000000   Number         0  stubs.o ABSOLUTE
    _printf_mbtowc                           0x00000000   Number         0  stubs.o ABSOLUTE
    _printf_n                                0x00000000   Number         0  stubs.o ABSOLUTE
    _printf_o                                0x00000000   Number         0  stubs.o ABSOLUTE
    _printf_p                                0x00000000   Number         0  stubs.o ABSOLUTE
    _printf_percent                          0x00000000   Number         0  stubs.o ABSOLUTE
    _printf_pre_padding                      0x00000000   Number         0  stubs.o ABSOLUTE
    _printf_return_value                     0x00000000   Number         0  stubs.o ABSOLUTE
    _printf_s                                0x00000000   Number         0  stubs.o ABSOLUTE
    _printf_sizespec                         0x00000000   Number         0  stubs.o ABSOLUTE
    _printf_str                              0x00000000   Number         0  stubs.o ABSOLUTE
    _printf_truncate_signed                  0x00000000   Number         0  stubs.o ABSOLUTE
    _printf_truncate_unsigned                0x00000000   Number         0  stubs.o ABSOLUTE
    _printf_u                                0x00000000   Number         0  stubs.o ABSOLUTE
    _printf_wc                               0x00000000   Number         0  stubs.o ABSOLUTE
    _printf_wctomb                           0x00000000   Number         0  stubs.o ABSOLUTE
    _printf_widthprec                        0x00000000   Number         0  stubs.o ABSOLUTE
    _printf_x                                0x00000000   Number         0  stubs.o ABSOLUTE
    __cpp_initialize__aeabi_                  - Undefined Weak Reference
    __cxa_finalize                            - Undefined Weak Reference
    __decompress                              - Undefined Weak Reference
    _clock_init                               - Undefined Weak Reference
    _microlib_exit                            - Undefined Weak Reference
    __Vectors_Size                           0x00000130   Number         0  startup_stm32f10x_hd.o ABSOLUTE
    __Vectors                                0x08000000   Data           4  startup_stm32f10x_hd.o(RESET)
    __Vectors_End                            0x08000130   Data           0  startup_stm32f10x_hd.o(RESET)
    __main                                   0x08000131   Thumb Code     0  entry.o(.ARM.Collect$$$$00000000)
    _main_stk                                0x08000131   Thumb Code     0  entry2.o(.ARM.Collect$$$$00000001)
    _main_scatterload                        0x08000135   Thumb Code     0  entry5.o(.ARM.Collect$$$$00000004)
    __main_after_scatterload                 0x08000139   Thumb Code     0  entry5.o(.ARM.Collect$$$$00000004)
    _main_clock                              0x08000139   Thumb Code     0  entry7b.o(.ARM.Collect$$$$00000008)
    _main_cpp_init                           0x08000139   Thumb Code     0  entry8b.o(.ARM.Collect$$$$0000000A)
    _main_init                               0x08000139   Thumb Code     0  entry9a.o(.ARM.Collect$$$$0000000B)
    __rt_final_cpp                           0x08000141   Thumb Code     0  entry10a.o(.ARM.Collect$$$$0000000D)
    __rt_final_exit                          0x08000141   Thumb Code     0  entry11a.o(.ARM.Collect$$$$0000000F)
    Reset_Handler                            0x08000145   Thumb Code     8  startup_stm32f10x_hd.o(.text)
    ADC1_2_IRQHandler                        0x0800015f   Thumb Code     0  startup_stm32f10x_hd.o(.text)
    ADC3_IRQHandler                          0x0800015f   Thumb Code     0  startup_stm32f10x_hd.o(.text)
    CAN1_RX1_IRQHandler                      0x0800015f   Thumb Code     0  startup_stm32f10x_hd.o(.text)
    CAN1_SCE_IRQHandler                      0x0800015f   Thumb Code     0  startup_stm32f10x_hd.o(.text)
    DMA1_Channel1_IRQHandler                 0x0800015f   Thumb Code     0  startup_stm32f10x_hd.o(.text)
    DMA1_Channel2_IRQHandler                 0x0800015f   Thumb Code     0  startup_stm32f10x_hd.o(.text)
    DMA1_Channel3_IRQHandler                 0x0800015f   Thumb Code     0  startup_stm32f10x_hd.o(.text)
    DMA1_Channel5_IRQHandler                 0x0800015f   Thumb Code     0  startup_stm32f10x_hd.o(.text)
    DMA1_Channel6_IRQHandler                 0x0800015f   Thumb Code     0  startup_stm32f10x_hd.o(.text)
    DMA1_Channel7_IRQHandler                 0x0800015f   Thumb Code     0  startup_stm32f10x_hd.o(.text)
    DMA2_Channel1_IRQHandler                 0x0800015f   Thumb Code     0  startup_stm32f10x_hd.o(.text)
    DMA2_Channel2_IRQHandler                 0x0800015f   Thumb Code     0  startup_stm32f10x_hd.o(.text)
    DMA2_Channel3_IRQHandler                 0x0800015f   Thumb Code     0  startup_stm32f10x_hd.o(.text)
    DMA2_Channel4_5_IRQHandler               0x0800015f   Thumb Code     0  startup_stm32f10x_hd.o(.text)
    EXTI0_IRQHandler                         0x0800015f   Thumb Code     0  startup_stm32f10x_hd.o(.text)
    EXTI15_10_IRQHandler                     0x0800015f   Thumb Code     0  startup_stm32f10x_hd.o(.text)
    EXTI4_IRQHandler                         0x0800015f   Thumb Code     0  startup_stm32f10x_hd.o(.text)
    FLASH_IRQHandler                         0x0800015f   Thumb Code     0  startup_stm32f10x_hd.o(.text)
    FSMC_IRQHandler                          0x0800015f   Thumb Code     0  startup_stm32f10x_hd.o(.text)
    I2C1_ER_IRQHandler                       0x0800015f   Thumb Code     0  startup_stm32f10x_hd.o(.text)
    I2C1_EV_IRQHandler                       0x0800015f   Thumb Code     0  startup_stm32f10x_hd.o(.text)
    PVD_IRQHandler                           0x0800015f   Thumb Code     0  startup_stm32f10x_hd.o(.text)
    RCC_IRQHandler                           0x0800015f   Thumb Code     0  startup_stm32f10x_hd.o(.text)
    RTCAlarm_IRQHandler                      0x0800015f   Thumb Code     0  startup_stm32f10x_hd.o(.text)
    RTC_IRQHandler                           0x0800015f   Thumb Code     0  startup_stm32f10x_hd.o(.text)
    SDIO_IRQHandler                          0x0800015f   Thumb Code     0  startup_stm32f10x_hd.o(.text)
    SPI3_IRQHandler                          0x0800015f   Thumb Code     0  startup_stm32f10x_hd.o(.text)
    TAMPER_IRQHandler                        0x0800015f   Thumb Code     0  startup_stm32f10x_hd.o(.text)
    TIM1_BRK_IRQHandler                      0x0800015f   Thumb Code     0  startup_stm32f10x_hd.o(.text)
    TIM1_CC_IRQHandler                       0x0800015f   Thumb Code     0  startup_stm32f10x_hd.o(.text)
    TIM1_TRG_COM_IRQHandler                  0x0800015f   Thumb Code     0  startup_stm32f10x_hd.o(.text)
    TIM1_UP_IRQHandler                       0x0800015f   Thumb Code     0  startup_stm32f10x_hd.o(.text)
    TIM2_IRQHandler                          0x0800015f   Thumb Code     0  startup_stm32f10x_hd.o(.text)
    TIM4_IRQHandler                          0x0800015f   Thumb Code     0  startup_stm32f10x_hd.o(.text)
    TIM5_IRQHandler                          0x0800015f   Thumb Code     0  startup_stm32f10x_hd.o(.text)
    TIM6_IRQHandler                          0x0800015f   Thumb Code     0  startup_stm32f10x_hd.o(.text)
    TIM7_IRQHandler                          0x0800015f   Thumb Code     0  startup_stm32f10x_hd.o(.text)
    TIM8_BRK_IRQHandler                      0x0800015f   Thumb Code     0  startup_stm32f10x_hd.o(.text)
    TIM8_CC_IRQHandler                       0x0800015f   Thumb Code     0  startup_stm32f10x_hd.o(.text)
    TIM8_TRG_COM_IRQHandler                  0x0800015f   Thumb Code     0  startup_stm32f10x_hd.o(.text)
    TIM8_UP_IRQHandler                       0x0800015f   Thumb Code     0  startup_stm32f10x_hd.o(.text)
    UART4_IRQHandler                         0x0800015f   Thumb Code     0  startup_stm32f10x_hd.o(.text)
    UART5_IRQHandler                         0x0800015f   Thumb Code     0  startup_stm32f10x_hd.o(.text)
    USART2_IRQHandler                        0x0800015f   Thumb Code     0  startup_stm32f10x_hd.o(.text)
    USART3_IRQHandler                        0x0800015f   Thumb Code     0  startup_stm32f10x_hd.o(.text)
    USBWakeUp_IRQHandler                     0x0800015f   Thumb Code     0  startup_stm32f10x_hd.o(.text)
    WWDG_IRQHandler                          0x0800015f   Thumb Code     0  startup_stm32f10x_hd.o(.text)
    strncpy                                  0x08000169   Thumb Code    24  strncpy.o(.text)
    strlen                                   0x08000181   Thumb Code    14  strlen.o(.text)
    strcpy                                   0x0800018f   Thumb Code    18  strcpy.o(.text)
    __aeabi_uidiv                            0x080001a1   Thumb Code     0  uidiv.o(.text)
    __aeabi_uidivmod                         0x080001a1   Thumb Code    44  uidiv.o(.text)
    __aeabi_uldivmod                         0x080001cd   Thumb Code    98  uldiv.o(.text)
    __I$use$fp                               0x0800022f   Thumb Code     0  iusefp.o(.text)
    __aeabi_dadd                             0x0800022f   Thumb Code   322  dadd.o(.text)
    __aeabi_dsub                             0x08000371   Thumb Code     6  dadd.o(.text)
    __aeabi_drsub                            0x08000377   Thumb Code     6  dadd.o(.text)
    __aeabi_dmul                             0x0800037d   Thumb Code   228  dmul.o(.text)
    __aeabi_ddiv                             0x08000461   Thumb Code   222  ddiv.o(.text)
    __aeabi_d2ulz                            0x0800053f   Thumb Code    48  dfixul.o(.text)
    __aeabi_cdrcmple                         0x08000571   Thumb Code    48  cdrcmple.o(.text)
    __scatterload                            0x080005a1   Thumb Code    28  init.o(.text)
    __scatterload_rt2                        0x080005a1   Thumb Code     0  init.o(.text)
    __aeabi_llsl                             0x080005c5   Thumb Code    30  llshl.o(.text)
    _ll_shift_l                              0x080005c5   Thumb Code     0  llshl.o(.text)
    __aeabi_llsr                             0x080005e3   Thumb Code    32  llushr.o(.text)
    _ll_ushift_r                             0x080005e3   Thumb Code     0  llushr.o(.text)
    __aeabi_lasr                             0x08000603   Thumb Code    36  llsshr.o(.text)
    _ll_sshift_r                             0x08000603   Thumb Code     0  llsshr.o(.text)
    _double_round                            0x08000627   Thumb Code    30  depilogue.o(.text)
    _double_epilogue                         0x08000645   Thumb Code   156  depilogue.o(.text)
    AT24Cxx_WriteTwoByte                     0x080006e1   Thumb Code    86  at24c02.o(i.AT24Cxx_WriteTwoByte)
    BusFault_Handler                         0x08000737   Thumb Code     4  stm32f10x_it.o(i.BusFault_Handler)
    CAN_DeInit                               0x0800073d   Thumb Code    50  stm32f10x_can.o(i.CAN_DeInit)
    CAN_FilterInit                           0x08000775   Thumb Code   258  stm32f10x_can.o(i.CAN_FilterInit)
    CAN_ITConfig                             0x0800087d   Thumb Code    18  stm32f10x_can.o(i.CAN_ITConfig)
    CAN_Init                                 0x0800088f   Thumb Code   276  stm32f10x_can.o(i.CAN_Init)
    CAN_Receive                              0x080009a3   Thumb Code   240  stm32f10x_can.o(i.CAN_Receive)
    CAN_StructInit                           0x08000a93   Thumb Code    32  stm32f10x_can.o(i.CAN_StructInit)
    CAN_Transmit                             0x08000ab3   Thumb Code   294  stm32f10x_can.o(i.CAN_Transmit)
    DMA1_Channel4_IRQHandler                 0x08000bd9   Thumb Code    24  usart.o(i.DMA1_Channel4_IRQHandler)
    DMA_ClearFlag                            0x08000bf9   Thumb Code    18  stm32f10x_dma.o(i.DMA_ClearFlag)
    DMA_Cmd                                  0x08000c15   Thumb Code    24  stm32f10x_dma.o(i.DMA_Cmd)
    DMA_DeInit                               0x08000c2d   Thumb Code   324  stm32f10x_dma.o(i.DMA_DeInit)
    DMA_ITConfig                             0x08000d79   Thumb Code    18  stm32f10x_dma.o(i.DMA_ITConfig)
    DMA_Init                                 0x08000d8b   Thumb Code    60  stm32f10x_dma.o(i.DMA_Init)
    DMA_SetCurrDataCounter                   0x08000dc7   Thumb Code     4  stm32f10x_dma.o(i.DMA_SetCurrDataCounter)
    DebugMon_Handler                         0x08000dcb   Thumb Code     2  stm32f10x_it.o(i.DebugMon_Handler)
    EXTI1_IRQHandler                         0x08000dcd   Thumb Code     2  stm32f10x_it.o(i.EXTI1_IRQHandler)
    EXTI2_IRQHandler                         0x08000dcf   Thumb Code     2  stm32f10x_it.o(i.EXTI2_IRQHandler)
    EXTI3_IRQHandler                         0x08000dd1   Thumb Code     2  stm32f10x_it.o(i.EXTI3_IRQHandler)
    EXTI9_5_IRQHandler                       0x08000dd5   Thumb Code    58  stm32f10x_it.o(i.EXTI9_5_IRQHandler)
    EXTI_ClearITPendingBit                   0x08000e19   Thumb Code     6  stm32f10x_exti.o(i.EXTI_ClearITPendingBit)
    EXTI_GetITStatus                         0x08000e25   Thumb Code    34  stm32f10x_exti.o(i.EXTI_GetITStatus)
    GPIO_Init                                0x08000e4d   Thumb Code   278  stm32f10x_gpio.o(i.GPIO_Init)
    GPIO_PinRemapConfig                      0x08000f65   Thumb Code   138  stm32f10x_gpio.o(i.GPIO_PinRemapConfig)
    GPIO_ReadInputDataBit                    0x08000ff5   Thumb Code    18  stm32f10x_gpio.o(i.GPIO_ReadInputDataBit)
    GPIO_ReadOutputDataBit                   0x08001007   Thumb Code    18  stm32f10x_gpio.o(i.GPIO_ReadOutputDataBit)
    GPIO_ResetBits                           0x08001019   Thumb Code     4  stm32f10x_gpio.o(i.GPIO_ResetBits)
    GPIO_SetBits                             0x0800101d   Thumb Code     4  stm32f10x_gpio.o(i.GPIO_SetBits)
    HardFault_Handler                        0x08001021   Thumb Code     4  stm32f10x_it.o(i.HardFault_Handler)
    I2C2_ER_IRQHandler                       0x08001025   Thumb Code   146  iic.o(i.I2C2_ER_IRQHandler)
    I2C2_EV_IRQHandler                       0x0800117d   Thumb Code   234  iic.o(i.I2C2_EV_IRQHandler)
    I2C_AcknowledgeConfig                    0x08001379   Thumb Code    24  stm32f10x_i2c.o(i.I2C_AcknowledgeConfig)
    I2C_GetFlagStatus                        0x08001391   Thumb Code    58  stm32f10x_i2c.o(i.I2C_GetFlagStatus)
    I2C_GetLastEvent                         0x080013cb   Thumb Code    26  stm32f10x_i2c.o(i.I2C_GetLastEvent)
    I2C_ITConfig                             0x080013e5   Thumb Code    18  stm32f10x_i2c.o(i.I2C_ITConfig)
    I2C_Send7bitAddress                      0x080013f7   Thumb Code    18  stm32f10x_i2c.o(i.I2C_Send7bitAddress)
    I2C_SendData                             0x08001409   Thumb Code     4  stm32f10x_i2c.o(i.I2C_SendData)
    MemManage_Handler                        0x0800140d   Thumb Code     4  stm32f10x_it.o(i.MemManage_Handler)
    NMI_Handler                              0x08001411   Thumb Code     2  stm32f10x_it.o(i.NMI_Handler)
    NVIC_Init                                0x08001415   Thumb Code   100  misc.o(i.NVIC_Init)
    NVIC_PriorityGroupConfig                 0x08001485   Thumb Code    10  misc.o(i.NVIC_PriorityGroupConfig)
    PendSV_Handler                           0x08001499   Thumb Code     2  stm32f10x_it.o(i.PendSV_Handler)
    RCC_AHBPeriphClockCmd                    0x0800149d   Thumb Code    26  stm32f10x_rcc.o(i.RCC_AHBPeriphClockCmd)
    RCC_APB1PeriphClockCmd                   0x080014bd   Thumb Code    26  stm32f10x_rcc.o(i.RCC_APB1PeriphClockCmd)
    RCC_APB1PeriphResetCmd                   0x080014dd   Thumb Code    26  stm32f10x_rcc.o(i.RCC_APB1PeriphResetCmd)
    RCC_APB2PeriphClockCmd                   0x080014fd   Thumb Code    26  stm32f10x_rcc.o(i.RCC_APB2PeriphClockCmd)
    RCC_GetClocksFreq                        0x0800151d   Thumb Code   192  stm32f10x_rcc.o(i.RCC_GetClocksFreq)
    SPI1_IRQHandler                          0x080015f1   Thumb Code   150  spi.o(i.SPI1_IRQHandler)
    SPI2_IRQHandler                          0x080016ad   Thumb Code   154  spi.o(i.SPI2_IRQHandler)
    SPI_Cmd                                  0x08001785   Thumb Code    24  stm32f10x_spi.o(i.SPI_Cmd)
    SPI_I2S_ClearFlag                        0x0800179d   Thumb Code     6  stm32f10x_spi.o(i.SPI_I2S_ClearFlag)
    SPI_I2S_GetFlagStatus                    0x080017a3   Thumb Code    18  stm32f10x_spi.o(i.SPI_I2S_GetFlagStatus)
    SPI_I2S_ITConfig                         0x080017b5   Thumb Code    32  stm32f10x_spi.o(i.SPI_I2S_ITConfig)
    SPI_I2S_ReceiveData                      0x080017d5   Thumb Code     6  stm32f10x_spi.o(i.SPI_I2S_ReceiveData)
    SPI_I2S_SendData                         0x080017db   Thumb Code     4  stm32f10x_spi.o(i.SPI_I2S_SendData)
    SPI_Init                                 0x080017df   Thumb Code    60  stm32f10x_spi.o(i.SPI_Init)
    SVC_Handler                              0x0800181b   Thumb Code     2  stm32f10x_it.o(i.SVC_Handler)
    SysTick_Handler                          0x08001905   Thumb Code     2  stm32f10x_it.o(i.SysTick_Handler)
    SystemInit                               0x08001909   Thumb Code    78  system_stm32f10x.o(i.SystemInit)
    TIM3_IRQHandler                          0x08001969   Thumb Code    12  tim.o(i.TIM3_IRQHandler)
    TIM_ClearITPendingBit                    0x08001979   Thumb Code     6  stm32f10x_tim.o(i.TIM_ClearITPendingBit)
    TIM_Cmd                                  0x0800197f   Thumb Code    24  stm32f10x_tim.o(i.TIM_Cmd)
    TIM_ITConfig                             0x08001997   Thumb Code    18  stm32f10x_tim.o(i.TIM_ITConfig)
    TIM_TimeBaseInit                         0x080019a9   Thumb Code   122  stm32f10x_tim.o(i.TIM_TimeBaseInit)
    USART1_IRQHandler                        0x08001a4d   Thumb Code    46  usart.o(i.USART1_IRQHandler)
    USART_ClearFlag                          0x08001a81   Thumb Code    18  stm32f10x_usart.o(i.USART_ClearFlag)
    USART_Cmd                                0x08001a93   Thumb Code    24  stm32f10x_usart.o(i.USART_Cmd)
    USART_DMACmd                             0x08001aab   Thumb Code    18  stm32f10x_usart.o(i.USART_DMACmd)
    USART_GetFlagStatus                      0x08001abd   Thumb Code    26  stm32f10x_usart.o(i.USART_GetFlagStatus)
    USART_GetITStatus                        0x08001ad7   Thumb Code    84  stm32f10x_usart.o(i.USART_GetITStatus)
    USART_ITConfig                           0x08001b2b   Thumb Code    74  stm32f10x_usart.o(i.USART_ITConfig)
    USART_Init                               0x08001b75   Thumb Code   210  stm32f10x_usart.o(i.USART_Init)
    USART_ReceiveData                        0x08001c4d   Thumb Code    10  stm32f10x_usart.o(i.USART_ReceiveData)
    USART_SendData                           0x08001c57   Thumb Code     8  stm32f10x_usart.o(i.USART_SendData)
    USB_HP_CAN1_TX_IRQHandler                0x08001c61   Thumb Code    54  can.o(i.USB_HP_CAN1_TX_IRQHandler)
    USB_LP_CAN1_RX0_IRQHandler               0x08001cad   Thumb Code    44  can.o(i.USB_LP_CAN1_RX0_IRQHandler)
    UsageFault_Handler                       0x08001ced   Thumb Code     4  stm32f10x_it.o(i.UsageFault_Handler)
    __0printf                                0x08001cf1   Thumb Code    22  printfa.o(i.__0printf)
    __1printf                                0x08001cf1   Thumb Code     0  printfa.o(i.__0printf)
    __2printf                                0x08001cf1   Thumb Code     0  printfa.o(i.__0printf)
    __c89printf                              0x08001cf1   Thumb Code     0  printfa.o(i.__0printf)
    printf                                   0x08001cf1   Thumb Code     0  printfa.o(i.__0printf)
    __0vsprintf                              0x08001d11   Thumb Code    30  printfa.o(i.__0vsprintf)
    __1vsprintf                              0x08001d11   Thumb Code     0  printfa.o(i.__0vsprintf)
    __2vsprintf                              0x08001d11   Thumb Code     0  printfa.o(i.__0vsprintf)
    __c89vsprintf                            0x08001d11   Thumb Code     0  printfa.o(i.__0vsprintf)
    vsprintf                                 0x08001d11   Thumb Code     0  printfa.o(i.__0vsprintf)
    __scatterload_copy                       0x08001d35   Thumb Code    14  handlers.o(i.__scatterload_copy)
    __scatterload_null                       0x08001d43   Thumb Code     2  handlers.o(i.__scatterload_null)
    __scatterload_zeroinit                   0x08001d45   Thumb Code    14  handlers.o(i.__scatterload_zeroinit)
    canInit                                  0x080026e9   Thumb Code    20  can.o(i.canInit)
    canWrite                                 0x08002759   Thumb Code    86  can.o(i.canWrite)
    delay_ms                                 0x080027c5   Thumb Code    56  pbdata.o(i.delay_ms)
    delay_us                                 0x080027fd   Thumb Code    54  pbdata.o(i.delay_us)
    fputc                                    0x080028a1   Thumb Code    16  main.o(i.fputc)
    iicSDAIN                                 0x080028b1   Thumb Code    26  iicsimulator.o(i.iicSDAIN)
    iicSDAOut                                0x080028d1   Thumb Code    32  iicsimulator.o(i.iicSDAOut)
    iicSendByte                              0x080028f5   Thumb Code    98  iicsimulator.o(i.iicSendByte)
    iicSimulatorInit                         0x0800295d   Thumb Code    60  iicsimulator.o(i.iicSimulatorInit)
    iicStart                                 0x0800299d   Thumb Code    60  iicsimulator.o(i.iicStart)
    iicStop                                  0x080029dd   Thumb Code    60  iicsimulator.o(i.iicStop)
    iicWaitAck                               0x08002a1d   Thumb Code    88  iicsimulator.o(i.iicWaitAck)
    keyInit                                  0x08002a99   Thumb Code    38  main.o(i.keyInit)
    ledInit                                  0x08002ac5   Thumb Code    34  led.o(i.ledInit)
    ledOff                                   0x08002aed   Thumb Code    20  led.o(i.ledOff)
    ledOn                                    0x08002b05   Thumb Code    18  led.o(i.ledOn)
    ledStatus                                0x08002b29   Thumb Code    20  led.o(i.ledStatus)
    main                                     0x08002b41   Thumb Code    94  main.o(i.main)
    putChar                                  0x08002be5   Thumb Code    54  usart.o(i.putChar)
    spiInit                                  0x08002d25   Thumb Code    24  spi.o(i.spiInit)
    tim3Init                                 0x08002dbd   Thumb Code    16  tim.o(i.tim3Init)
    usartInit                                0x08002e89   Thumb Code    28  usart.o(i.usartInit)
    usartPrintf                              0x08002ea5   Thumb Code    42  usart.o(i.usartPrintf)
    Region$$Table$$Base                      0x08002ef0   Number         0  anon$$obj.o(Region$$Table)
    Region$$Table$$Limit                     0x08002f10   Number         0  anon$$obj.o(Region$$Table)
    recvCount                                0x20000018   Data           2  spi.o(.data)
    sendCount                                0x2000001a   Data           2  spi.o(.data)
    sendSize                                 0x2000001c   Data           4  spi.o(.data)
    recvCount2                               0x20000020   Data           4  spi.o(.data)
    sendCount2                               0x20000024   Data           4  spi.o(.data)
    sendSize2                                0x20000028   Data           4  spi.o(.data)
    writeCount                               0x2000002c   Data           4  iic.o(.data)
    writeLen                                 0x20000030   Data           4  iic.o(.data)
    readCount                                0x20000034   Data           4  iic.o(.data)
    readAddr                                 0x20000038   Data           4  iic.o(.data)
    __stdout                                 0x20000044   Data           4  stdout.o(.data)
    recv                                     0x2000007a   Data        1024  spi.o(.bss)
    send                                     0x2000047a   Data        1024  spi.o(.bss)
    recv2                                    0x2000087a   Data        1024  spi.o(.bss)
    send2                                    0x20000c7a   Data        1024  spi.o(.bss)
    txBuf                                    0x2000107a   Data        1024  iic.o(.bss)
    recvBuf                                  0x2000147a   Data        1024  iic.o(.bss)
    __initial_sp                             0x20001e90   Data           0  startup_stm32f10x_hd.o(STACK)



==============================================================================

Memory Map of the image

  Image Entry point : 0x08000131

  Load Region LR_IROM1 (Base: 0x08000000, Size: 0x00002f58, Max: 0x00080000, ABSOLUTE)

    Execution Region ER_IROM1 (Base: 0x08000000, Size: 0x00002f10, Max: 0x00080000, ABSOLUTE)

    Base Addr    Size         Type   Attr      Idx    E Section Name        Object

    0x08000000   0x00000130   Data   RO            3    RESET               startup_stm32f10x_hd.o
    0x08000130   0x00000000   Code   RO         2460  * .ARM.Collect$$$$00000000  mc_w.l(entry.o)
    0x08000130   0x00000004   Code   RO         2730    .ARM.Collect$$$$00000001  mc_w.l(entry2.o)
    0x08000134   0x00000004   Code   RO         2733    .ARM.Collect$$$$00000004  mc_w.l(entry5.o)
    0x08000138   0x00000000   Code   RO         2735    .ARM.Collect$$$$00000008  mc_w.l(entry7b.o)
    0x08000138   0x00000000   Code   RO         2737    .ARM.Collect$$$$0000000A  mc_w.l(entry8b.o)
    0x08000138   0x00000008   Code   RO         2738    .ARM.Collect$$$$0000000B  mc_w.l(entry9a.o)
    0x08000140   0x00000000   Code   RO         2740    .ARM.Collect$$$$0000000D  mc_w.l(entry10a.o)
    0x08000140   0x00000000   Code   RO         2742    .ARM.Collect$$$$0000000F  mc_w.l(entry11a.o)
    0x08000140   0x00000004   Code   RO         2731    .ARM.Collect$$$$00002712  mc_w.l(entry2.o)
    0x08000144   0x00000024   Code   RO            4    .text               startup_stm32f10x_hd.o
    0x08000168   0x00000018   Code   RO         2463    .text               mc_w.l(strncpy.o)
    0x08000180   0x0000000e   Code   RO         2465    .text               mc_w.l(strlen.o)
    0x0800018e   0x00000012   Code   RO         2467    .text               mc_w.l(strcpy.o)
    0x080001a0   0x0000002c   Code   RO         2745    .text               mc_w.l(uidiv.o)
    0x080001cc   0x00000062   Code   RO         2747    .text               mc_w.l(uldiv.o)
    0x0800022e   0x00000000   Code   RO         2749    .text               mc_w.l(iusefp.o)
    0x0800022e   0x0000014e   Code   RO         2750    .text               mf_w.l(dadd.o)
    0x0800037c   0x000000e4   Code   RO         2752    .text               mf_w.l(dmul.o)
    0x08000460   0x000000de   Code   RO         2754    .text               mf_w.l(ddiv.o)
    0x0800053e   0x00000030   Code   RO         2756    .text               mf_w.l(dfixul.o)
    0x0800056e   0x00000002   PAD
    0x08000570   0x00000030   Code   RO         2758    .text               mf_w.l(cdrcmple.o)
    0x080005a0   0x00000024   Code   RO         2760    .text               mc_w.l(init.o)
    0x080005c4   0x0000001e   Code   RO         2762    .text               mc_w.l(llshl.o)
    0x080005e2   0x00000020   Code   RO         2764    .text               mc_w.l(llushr.o)
    0x08000602   0x00000024   Code   RO         2766    .text               mc_w.l(llsshr.o)
    0x08000626   0x000000ba   Code   RO         2768    .text               mf_w.l(depilogue.o)
    0x080006e0   0x00000056   Code   RO         2314    i.AT24Cxx_WriteTwoByte  at24c02.o
    0x08000736   0x00000004   Code   RO         1884    i.BusFault_Handler  stm32f10x_it.o
    0x0800073a   0x00000002   PAD
    0x0800073c   0x00000038   Code   RO         1587    i.CAN_DeInit        stm32f10x_can.o
    0x08000774   0x00000108   Code   RO         1589    i.CAN_FilterInit    stm32f10x_can.o
    0x0800087c   0x00000012   Code   RO         1595    i.CAN_ITConfig      stm32f10x_can.o
    0x0800088e   0x00000114   Code   RO         1596    i.CAN_Init          stm32f10x_can.o
    0x080009a2   0x000000f0   Code   RO         1599    i.CAN_Receive       stm32f10x_can.o
    0x08000a92   0x00000020   Code   RO         1602    i.CAN_StructInit    stm32f10x_can.o
    0x08000ab2   0x00000126   Code   RO         1604    i.CAN_Transmit      stm32f10x_can.o
    0x08000bd8   0x00000020   Code   RO         2066    i.DMA1_Channel4_IRQHandler  usart.o
    0x08000bf8   0x0000001c   Code   RO         1741    i.DMA_ClearFlag     stm32f10x_dma.o
    0x08000c14   0x00000018   Code   RO         1743    i.DMA_Cmd           stm32f10x_dma.o
    0x08000c2c   0x0000014c   Code   RO         1744    i.DMA_DeInit        stm32f10x_dma.o
    0x08000d78   0x00000012   Code   RO         1748    i.DMA_ITConfig      stm32f10x_dma.o
    0x08000d8a   0x0000003c   Code   RO         1749    i.DMA_Init          stm32f10x_dma.o
    0x08000dc6   0x00000004   Code   RO         1750    i.DMA_SetCurrDataCounter  stm32f10x_dma.o
    0x08000dca   0x00000002   Code   RO         1885    i.DebugMon_Handler  stm32f10x_it.o
    0x08000dcc   0x00000002   Code   RO         1886    i.EXTI1_IRQHandler  stm32f10x_it.o
    0x08000dce   0x00000002   Code   RO         1887    i.EXTI2_IRQHandler  stm32f10x_it.o
    0x08000dd0   0x00000002   Code   RO         1888    i.EXTI3_IRQHandler  stm32f10x_it.o
    0x08000dd2   0x00000002   PAD
    0x08000dd4   0x00000044   Code   RO         1889    i.EXTI9_5_IRQHandler  stm32f10x_it.o
    0x08000e18   0x0000000c   Code   RO         1173    i.EXTI_ClearITPendingBit  stm32f10x_exti.o
    0x08000e24   0x00000028   Code   RO         1177    i.EXTI_GetITStatus  stm32f10x_exti.o
    0x08000e4c   0x00000116   Code   RO          864    i.GPIO_Init         stm32f10x_gpio.o
    0x08000f62   0x00000002   PAD
    0x08000f64   0x00000090   Code   RO          866    i.GPIO_PinRemapConfig  stm32f10x_gpio.o
    0x08000ff4   0x00000012   Code   RO          868    i.GPIO_ReadInputDataBit  stm32f10x_gpio.o
    0x08001006   0x00000012   Code   RO          870    i.GPIO_ReadOutputDataBit  stm32f10x_gpio.o
    0x08001018   0x00000004   Code   RO          871    i.GPIO_ResetBits    stm32f10x_gpio.o
    0x0800101c   0x00000004   Code   RO          872    i.GPIO_SetBits      stm32f10x_gpio.o
    0x08001020   0x00000004   Code   RO         1890    i.HardFault_Handler  stm32f10x_it.o
    0x08001024   0x00000158   Code   RO         2257    i.I2C2_ER_IRQHandler  iic.o
    0x0800117c   0x000001fc   Code   RO         2258    i.I2C2_EV_IRQHandler  iic.o
    0x08001378   0x00000018   Code   RO         1377    i.I2C_AcknowledgeConfig  stm32f10x_i2c.o
    0x08001390   0x0000003a   Code   RO         1391    i.I2C_GetFlagStatus  stm32f10x_i2c.o
    0x080013ca   0x0000001a   Code   RO         1393    i.I2C_GetLastEvent  stm32f10x_i2c.o
    0x080013e4   0x00000012   Code   RO         1395    i.I2C_ITConfig      stm32f10x_i2c.o
    0x080013f6   0x00000012   Code   RO         1403    i.I2C_Send7bitAddress  stm32f10x_i2c.o
    0x08001408   0x00000004   Code   RO         1404    i.I2C_SendData      stm32f10x_i2c.o
    0x0800140c   0x00000004   Code   RO         1891    i.MemManage_Handler  stm32f10x_it.o
    0x08001410   0x00000002   Code   RO         1892    i.NMI_Handler       stm32f10x_it.o
    0x08001412   0x00000002   PAD
    0x08001414   0x00000070   Code   RO           74    i.NVIC_Init         misc.o
    0x08001484   0x00000014   Code   RO           75    i.NVIC_PriorityGroupConfig  misc.o
    0x08001498   0x00000002   Code   RO         1893    i.PendSV_Handler    stm32f10x_it.o
    0x0800149a   0x00000002   PAD
    0x0800149c   0x00000020   Code   RO          973    i.RCC_AHBPeriphClockCmd  stm32f10x_rcc.o
    0x080014bc   0x00000020   Code   RO          974    i.RCC_APB1PeriphClockCmd  stm32f10x_rcc.o
    0x080014dc   0x00000020   Code   RO          975    i.RCC_APB1PeriphResetCmd  stm32f10x_rcc.o
    0x080014fc   0x00000020   Code   RO          976    i.RCC_APB2PeriphClockCmd  stm32f10x_rcc.o
    0x0800151c   0x000000d4   Code   RO          984    i.RCC_GetClocksFreq  stm32f10x_rcc.o
    0x080015f0   0x000000bc   Code   RO         2183    i.SPI1_IRQHandler   spi.o
    0x080016ac   0x000000d8   Code   RO         2184    i.SPI2_IRQHandler   spi.o
    0x08001784   0x00000018   Code   RO         1234    i.SPI_Cmd           stm32f10x_spi.o
    0x0800179c   0x00000006   Code   RO         1238    i.SPI_I2S_ClearFlag  stm32f10x_spi.o
    0x080017a2   0x00000012   Code   RO         1242    i.SPI_I2S_GetFlagStatus  stm32f10x_spi.o
    0x080017b4   0x00000020   Code   RO         1244    i.SPI_I2S_ITConfig  stm32f10x_spi.o
    0x080017d4   0x00000006   Code   RO         1245    i.SPI_I2S_ReceiveData  stm32f10x_spi.o
    0x080017da   0x00000004   Code   RO         1246    i.SPI_I2S_SendData  stm32f10x_spi.o
    0x080017de   0x0000003c   Code   RO         1247    i.SPI_Init          stm32f10x_spi.o
    0x0800181a   0x00000002   Code   RO         1894    i.SVC_Handler       stm32f10x_it.o
    0x0800181c   0x00000008   Code   RO           24    i.SetSysClock       system_stm32f10x.o
    0x08001824   0x000000e0   Code   RO           25    i.SetSysClockTo72   system_stm32f10x.o
    0x08001904   0x00000002   Code   RO         1895    i.SysTick_Handler   stm32f10x_it.o
    0x08001906   0x00000002   PAD
    0x08001908   0x00000060   Code   RO           27    i.SystemInit        system_stm32f10x.o
    0x08001968   0x00000010   Code   RO         2147    i.TIM3_IRQHandler   tim.o
    0x08001978   0x00000006   Code   RO          135    i.TIM_ClearITPendingBit  stm32f10x_tim.o
    0x0800197e   0x00000018   Code   RO          140    i.TIM_Cmd           stm32f10x_tim.o
    0x08001996   0x00000012   Code   RO          165    i.TIM_ITConfig      stm32f10x_tim.o
    0x080019a8   0x000000a4   Code   RO          211    i.TIM_TimeBaseInit  stm32f10x_tim.o
    0x08001a4c   0x00000034   Code   RO         2067    i.USART1_IRQHandler  usart.o
    0x08001a80   0x00000012   Code   RO          675    i.USART_ClearFlag   stm32f10x_usart.o
    0x08001a92   0x00000018   Code   RO          679    i.USART_Cmd         stm32f10x_usart.o
    0x08001aaa   0x00000012   Code   RO          680    i.USART_DMACmd      stm32f10x_usart.o
    0x08001abc   0x0000001a   Code   RO          682    i.USART_GetFlagStatus  stm32f10x_usart.o
    0x08001ad6   0x00000054   Code   RO          683    i.USART_GetITStatus  stm32f10x_usart.o
    0x08001b2a   0x0000004a   Code   RO          685    i.USART_ITConfig    stm32f10x_usart.o
    0x08001b74   0x000000d8   Code   RO          686    i.USART_Init        stm32f10x_usart.o
    0x08001c4c   0x0000000a   Code   RO          693    i.USART_ReceiveData  stm32f10x_usart.o
    0x08001c56   0x00000008   Code   RO          696    i.USART_SendData    stm32f10x_usart.o
    0x08001c5e   0x00000002   PAD
    0x08001c60   0x0000004c   Code   RO         2407    i.USB_HP_CAN1_TX_IRQHandler  can.o
    0x08001cac   0x00000040   Code   RO         2408    i.USB_LP_CAN1_RX0_IRQHandler  can.o
    0x08001cec   0x00000004   Code   RO         1896    i.UsageFault_Handler  stm32f10x_it.o
    0x08001cf0   0x00000020   Code   RO         2702    i.__0printf         mc_w.l(printfa.o)
    0x08001d10   0x00000024   Code   RO         2708    i.__0vsprintf       mc_w.l(printfa.o)
    0x08001d34   0x0000000e   Code   RO         2772    i.__scatterload_copy  mc_w.l(handlers.o)
    0x08001d42   0x00000002   Code   RO         2773    i.__scatterload_null  mc_w.l(handlers.o)
    0x08001d44   0x0000000e   Code   RO         2774    i.__scatterload_zeroinit  mc_w.l(handlers.o)
    0x08001d52   0x00000002   PAD
    0x08001d54   0x00000184   Code   RO         2709    i._fp_digits        mc_w.l(printfa.o)
    0x08001ed8   0x000006dc   Code   RO         2710    i._printf_core      mc_w.l(printfa.o)
    0x080025b4   0x00000024   Code   RO         2711    i._printf_post_padding  mc_w.l(printfa.o)
    0x080025d8   0x0000002e   Code   RO         2712    i._printf_pre_padding  mc_w.l(printfa.o)
    0x08002606   0x0000000a   Code   RO         2714    i._sputc            mc_w.l(printfa.o)
    0x08002610   0x00000094   Code   RO         2409    i.canConfigure      can.o
    0x080026a4   0x00000044   Code   RO         2410    i.canGPIOConfigure  can.o
    0x080026e8   0x00000014   Code   RO         2411    i.canInit           can.o
    0x080026fc   0x00000040   Code   RO         2412    i.canNvicConfigure  can.o
    0x0800273c   0x0000001c   Code   RO         2413    i.canRCCInit        can.o
    0x08002758   0x0000006c   Code   RO         2414    i.canWrite          can.o
    0x080027c4   0x00000038   Code   RO         1973    i.delay_ms          pbdata.o
    0x080027fc   0x00000036   Code   RO         1974    i.delay_us          pbdata.o
    0x08002832   0x00000002   PAD
    0x08002834   0x00000060   Code   RO         2068    i.dmaConfiguration  usart.o
    0x08002894   0x0000000c   Code   RO         2069    i.dmaRccInit        usart.o
    0x080028a0   0x00000010   Code   RO         1817    i.fputc             main.o
    0x080028b0   0x00000020   Code   RO         2344    i.iicSDAIN          iicsimulator.o
    0x080028d0   0x00000024   Code   RO         2345    i.iicSDAOut         iicsimulator.o
    0x080028f4   0x00000068   Code   RO         2346    i.iicSendByte       iicsimulator.o
    0x0800295c   0x00000040   Code   RO         2347    i.iicSimulatorInit  iicsimulator.o
    0x0800299c   0x00000040   Code   RO         2348    i.iicStart          iicsimulator.o
    0x080029dc   0x00000040   Code   RO         2349    i.iicStop           iicsimulator.o
    0x08002a1c   0x0000005c   Code   RO         2350    i.iicWaitAck        iicsimulator.o
    0x08002a78   0x00000020   Code   RO         2185    i.initData          spi.o
    0x08002a98   0x0000002c   Code   RO         1818    i.keyInit           main.o
    0x08002ac4   0x00000028   Code   RO         2031    i.ledInit           led.o
    0x08002aec   0x00000018   Code   RO         2032    i.ledOff            led.o
    0x08002b04   0x00000018   Code   RO         2033    i.ledOn             led.o
    0x08002b1c   0x0000000c   Code   RO         2034    i.ledRccInit        led.o
    0x08002b28   0x00000018   Code   RO         2035    i.ledStatus         led.o
    0x08002b40   0x00000068   Code   RO         1819    i.main              main.o
    0x08002ba8   0x0000003c   Code   RO         2070    i.nivcConfiguration  usart.o
    0x08002be4   0x00000044   Code   RO         2071    i.putChar           usart.o
    0x08002c28   0x0000004c   Code   RO         2072    i.putStr            usart.o
    0x08002c74   0x0000005c   Code   RO         2189    i.spiConfigure      spi.o
    0x08002cd0   0x00000054   Code   RO         2190    i.spiGPIOInit       spi.o
    0x08002d24   0x00000018   Code   RO         2191    i.spiInit           spi.o
    0x08002d3c   0x00000020   Code   RO         2192    i.spiNivcConfiguration  spi.o
    0x08002d5c   0x0000001c   Code   RO         2193    i.spiRccinit        spi.o
    0x08002d78   0x00000044   Code   RO         2148    i.tim3Configure     tim.o
    0x08002dbc   0x00000010   Code   RO         2149    i.tim3Init          tim.o
    0x08002dcc   0x00000020   Code   RO         2150    i.tim3NvicConfigure  tim.o
    0x08002dec   0x0000000c   Code   RO         2151    i.tim3RccInit       tim.o
    0x08002df8   0x00000054   Code   RO         2073    i.usartConfigure    usart.o
    0x08002e4c   0x0000003c   Code   RO         2074    i.usartGPIOConfigure  usart.o
    0x08002e88   0x0000001c   Code   RO         2075    i.usartInit         usart.o
    0x08002ea4   0x00000030   Code   RO         2076    i.usartPrintf       usart.o
    0x08002ed4   0x0000001c   Code   RO         2077    i.usartRccInit      usart.o
    0x08002ef0   0x00000020   Data   RO         2770    Region$$Table       anon$$obj.o


    Execution Region RW_IRAM1 (Base: 0x20000000, Size: 0x00001e90, Max: 0x00010000, ABSOLUTE)

    Base Addr    Size         Type   Attr      Idx    E Section Name        Object

    0x20000000   0x00000014   Data   RW         1004    .data               stm32f10x_rcc.o
    0x20000014   0x00000001   Data   RW         2079    .data               usart.o
    0x20000015   0x00000003   PAD
    0x20000018   0x00000014   Data   RW         2196    .data               spi.o
    0x2000002c   0x00000010   Data   RW         2266    .data               iic.o
    0x2000003c   0x00000008   Data   RW         2416    .data               can.o
    0x20000044   0x00000004   Data   RW         2744    .data               mc_w.l(stdout.o)
    0x20000048   0x00000032   Zero   RW         2078    .bss                usart.o
    0x2000007a   0x00001000   Zero   RW         2195    .bss                spi.o
    0x2000107a   0x00000800   Zero   RW         2265    .bss                iic.o
    0x2000187a   0x00000002   PAD
    0x2000187c   0x00000214   Zero   RW         2415    .bss                can.o
    0x20001a90   0x00000400   Zero   RW            1    STACK               startup_stm32f10x_hd.o


==============================================================================

Image component sizes


      Code (inc. data)   RO Data    RW Data    ZI Data      Debug   Object Name

        86          0          0          0          0        551   at24c02.o
       576         72          0          8        532       3938   can.o
         0          0          0          0          0       4508   core_cm3.o
       852        472          0         16       2048       1645   iic.o
       456         32          0          0          0       3210   iicsimulator.o
       124         20          0          0          0       1951   led.o
       164         16          0          0          0       4071   main.o
       132         22          0          0          0     206031   misc.o
       110          0          0          0          0        910   pbdata.o
       696        128          0         20       4096       4031   spi.o
        36          8        304          0       1024        780   startup_stm32f10x_hd.o
      1180         12          0          0          0      13046   stm32f10x_can.o
       466         18          0          0          0      14330   stm32f10x_dma.o
        52         12          0          0          0        988   stm32f10x_exti.o
       466          6          0          0          0       4607   stm32f10x_gpio.o
       148          0          0          0          0      12591   stm32f10x_i2c.o
       100         10          0          0          0       5016   stm32f10x_it.o
       340         44          0         20          0       5067   stm32f10x_rcc.o
       150          0          0          0          0      11349   stm32f10x_spi.o
       212         42          0          0          0      22784   stm32f10x_tim.o
       478          6          0          0          0      12574   stm32f10x_usart.o
       328         28          0          0          0      18685   system_stm32f10x.o
       144          8          0          0          0       1905   tim.o
       644         72          0          1         50       6007   usart.o

    ----------------------------------------------------------------------
      7956       1028        336         68       7752     360575   Object Totals
         0          0         32          0          0          0   (incl. Generated)
        16          0          0          3          2          0   (incl. Padding)

    ----------------------------------------------------------------------

      Code (inc. data)   RO Data    RW Data    ZI Data      Debug   Library Member Name

         0          0          0          0          0          0   entry.o
         0          0          0          0          0          0   entry10a.o
         0          0          0          0          0          0   entry11a.o
         8          4          0          0          0          0   entry2.o
         4          0          0          0          0          0   entry5.o
         0          0          0          0          0          0   entry7b.o
         0          0          0          0          0          0   entry8b.o
         8          4          0          0          0          0   entry9a.o
        30          0          0          0          0          0   handlers.o
        36          8          0          0          0         68   init.o
         0          0          0          0          0          0   iusefp.o
        30          0          0          0          0         68   llshl.o
        36          0          0          0          0         68   llsshr.o
        32          0          0          0          0         68   llushr.o
      2304         96          0          0          0        600   printfa.o
         0          0          0          4          0          0   stdout.o
        18          0          0          0          0         68   strcpy.o
        14          0          0          0          0         68   strlen.o
        24          0          0          0          0         76   strncpy.o
        44          0          0          0          0         80   uidiv.o
        98          0          0          0          0         92   uldiv.o
        48          0          0          0          0         68   cdrcmple.o
       334          0          0          0          0        148   dadd.o
       222          0          0          0          0        100   ddiv.o
       186          0          0          0          0        176   depilogue.o
        48          0          0          0          0         68   dfixul.o
       228          0          0          0          0         96   dmul.o

    ----------------------------------------------------------------------
      3756        112          0          4          0       1912   Library Totals
         4          0          0          0          0          0   (incl. Padding)

    ----------------------------------------------------------------------

      Code (inc. data)   RO Data    RW Data    ZI Data      Debug   Library Name

      2686        112          0          4          0       1256   mc_w.l
      1066          0          0          0          0        656   mf_w.l

    ----------------------------------------------------------------------
      3756        112          0          4          0       1912   Library Totals

    ----------------------------------------------------------------------

==============================================================================


      Code (inc. data)   RO Data    RW Data    ZI Data      Debug   

     11712       1140        336         72       7752     355411   Grand Totals
     11712       1140        336         72       7752     355411   ELF Image Totals
     11712       1140        336         72          0          0   ROM Totals

==============================================================================

    Total RO  Size (Code + RO Data)                12048 (  11.77kB)
    Total RW  Size (RW Data + ZI Data)              7824 (   7.64kB)
    Total ROM Size (Code + RO Data + RW Data)      12120 (  11.84kB)

==============================================================================

